Archive member included because of file (symbol)

.\CortexM3\ARM_GCC_493\Debug\SD_Card.a(cyfitter_cfg.o)
                              .\CortexM3\ARM_GCC_493\Debug\Cm3Start.o (cyfitter_cfg)
.\CortexM3\ARM_GCC_493\Debug\SD_Card.a(write_to.o)
                              .\CortexM3\ARM_GCC_493\Debug\main.o (write_to_StartEx)
.\CortexM3\ARM_GCC_493\Debug\SD_Card.a(Timer_1.o)
                              .\CortexM3\ARM_GCC_493\Debug\main.o (Timer_1_Start)
.\CortexM3\ARM_GCC_493\Debug\SD_Card.a(CyLib.o)
                              .\CortexM3\ARM_GCC_493\Debug\Cm3Start.o (CyHalt)
.\CortexM3\ARM_GCC_493\Debug\SD_Card.a(cyPm.o)
                              .\CortexM3\ARM_GCC_493\Debug\SD_Card.a(CyLib.o) (CyPmReadStatus)
.\CortexM3\ARM_GCC_493\Debug\SD_Card.a(LED4.o)
                              .\CortexM3\ARM_GCC_493\Debug\functions.o (LED4_Write)
.\CortexM3\ARM_GCC_493\Debug\SD_Card.a(LED6.o)
                              .\CortexM3\ARM_GCC_493\Debug\functions.o (LED6_Write)
.\CortexM3\ARM_GCC_493\Debug\SD_Card.a(LED7.o)
                              .\CortexM3\ARM_GCC_493\Debug\functions.o (LED7_Write)
.\CortexM3\ARM_GCC_493\Debug\SD_Card.a(CyBootAsmGnu.o)
                              .\CortexM3\ARM_GCC_493\Debug\SD_Card.a(cyfitter_cfg.o) (CyDelayCycles)
.\CortexM3\ARM_GCC_493\Debug\SD_Card.a(CyFlash.o)
                              .\CortexM3\ARM_GCC_493\Debug\SD_Card.a(cyPm.o) (CyFlash_SetWaitCycles)
.\CortexM3\ARM_GCC_493\Debug\SD_Card.a(CySpc.o)
                              .\CortexM3\ARM_GCC_493\Debug\SD_Card.a(CyFlash.o) (CySpcStart)
..\emFile_V322c\emFile_V322c\LinkLibrary\PSoC5\GCC\libemf32nosnlfn.a(FAT_FormatSD.o)
                              .\CortexM3\ARM_GCC_493\Debug\functions.o (FS_FormatSD)
..\emFile_V322c\emFile_V322c\LinkLibrary\PSoC5\GCC\libemf32nosnlfn.a(FAT_Misc.o)
                              ..\emFile_V322c\emFile_V322c\LinkLibrary\PSoC5\GCC\libemf32nosnlfn.a(FAT_FormatSD.o) (FS_FAT_GetFATType)
..\emFile_V322c\emFile_V322c\LinkLibrary\PSoC5\GCC\libemf32nosnlfn.a(FAT_Open.o)
                              ..\emFile_V322c\emFile_V322c\LinkLibrary\PSoC5\GCC\libemf32nosnlfn.a(FAT_Misc.o) (FS_FAT_InitDirEntryScan)
..\emFile_V322c\emFile_V322c\LinkLibrary\PSoC5\GCC\libemf32nosnlfn.a(FAT_Write.o)
                              ..\emFile_V322c\emFile_V322c\LinkLibrary\PSoC5\GCC\libemf32nosnlfn.a(FAT_Misc.o) (FS_FAT_Close)
..\emFile_V322c\emFile_V322c\LinkLibrary\PSoC5\GCC\libemf32nosnlfn.a(FS_CLib.o)
                              ..\emFile_V322c\emFile_V322c\LinkLibrary\PSoC5\GCC\libemf32nosnlfn.a(FAT_Open.o) (FS__CLIB_memcmp)
..\emFile_V322c\emFile_V322c\LinkLibrary\PSoC5\GCC\libemf32nosnlfn.a(FS_Core.o)
                              ..\emFile_V322c\emFile_V322c\LinkLibrary\PSoC5\GCC\libemf32nosnlfn.a(FAT_FormatSD.o) (FS__DivideU32Up)
..\emFile_V322c\emFile_V322c\LinkLibrary\PSoC5\GCC\libemf32nosnlfn.a(FS_LogBlock.o)
                              ..\emFile_V322c\emFile_V322c\LinkLibrary\PSoC5\GCC\libemf32nosnlfn.a(FAT_FormatSD.o) (FS_LB_GetStatus)
..\emFile_V322c\emFile_V322c\LinkLibrary\PSoC5\GCC\libemf32nosnlfn.a(FS_memcpy.o)
                              ..\emFile_V322c\emFile_V322c\LinkLibrary\PSoC5\GCC\libemf32nosnlfn.a(FAT_Open.o) (FS_memcpy)
..\emFile_V322c\emFile_V322c\LinkLibrary\PSoC5\GCC\libemf32nosnlfn.a(FS_Misc.o)
                              ..\emFile_V322c\emFile_V322c\LinkLibrary\PSoC5\GCC\libemf32nosnlfn.a(FAT_FormatSD.o) (FS__AllocSectorBuffer)
..\emFile_V322c\emFile_V322c\LinkLibrary\PSoC5\GCC\libemf32nosnlfn.a(FS_Storage.o)
                              .\CortexM3\ARM_GCC_493\Debug\functions.o (FS_GetVolumeName)
..\emFile_V322c\emFile_V322c\LinkLibrary\PSoC5\GCC\libemf32nosnlfn.a(FS_Unmount.o)
                              ..\emFile_V322c\emFile_V322c\LinkLibrary\PSoC5\GCC\libemf32nosnlfn.a(FS_Misc.o) (FS__UnmountForcedNL)
..\emFile_V322c\emFile_V322c\LinkLibrary\PSoC5\GCC\libemf32nosnlfn.a(FS_Volume.o)
                              ..\emFile_V322c\emFile_V322c\LinkLibrary\PSoC5\GCC\libemf32nosnlfn.a(FAT_Misc.o) (FS__AutoMount)
..\emFile_V322c\emFile_V322c\LinkLibrary\PSoC5\GCC\libemf32nosnlfn.a(FS_Write.o)
                              .\CortexM3\ARM_GCC_493\Debug\main.o (FS_Write)
..\emFile_V322c\emFile_V322c\LinkLibrary\PSoC5\GCC\libemf32nosnlfn.a(FAT_CheckDisk.o)
                              ..\emFile_V322c\emFile_V322c\LinkLibrary\PSoC5\GCC\libemf32nosnlfn.a(FS_Volume.o) (FS_FAT__CheckDisk)
..\emFile_V322c\emFile_V322c\LinkLibrary\PSoC5\GCC\libemf32nosnlfn.a(FAT_Dir.o)
                              ..\emFile_V322c\emFile_V322c\LinkLibrary\PSoC5\GCC\libemf32nosnlfn.a(FAT_CheckDisk.o) (FS_FAT_CreateDirEx)
..\emFile_V322c\emFile_V322c\LinkLibrary\PSoC5\GCC\libemf32nosnlfn.a(FAT_DirEntry.o)
                              ..\emFile_V322c\emFile_V322c\LinkLibrary\PSoC5\GCC\libemf32nosnlfn.a(FAT_Misc.o) (FS_FAT_SetDirEntryInfo)
..\emFile_V322c\emFile_V322c\LinkLibrary\PSoC5\GCC\libemf32nosnlfn.a(FAT_DiskInfo.o)
[...]
Memory Configuration

Name             Origin             Length             Attributes
rom              0x00000000         0x00040000         xr
ram              0x1fff8000         0x00010000         xrw
*default*        0x00000000         0xffffffff

Linker script and memory map

LOAD c:/program files (x86)/cypress/psoc creator/4.0/psoc creator/import/gnu/arm/4.9.3/bin/../lib/gcc/arm-none-eabi/4.9.3/armv7-m/crti.o
LOAD c:/program files (x86)/cypress/psoc creator/4.0/psoc creator/import/gnu/arm/4.9.3/bin/../lib/gcc/arm-none-eabi/4.9.3/armv7-m/crtbegin.o
LOAD c:/program files (x86)/cypress/psoc creator/4.0/psoc creator/import/gnu/arm/4.9.3/bin/../lib/gcc/arm-none-eabi/4.9.3/../../../../arm-none-eabi/lib/armv7-m/crt0.o
START GROUP
LOAD .\CortexM3\ARM_GCC_493\Debug\main.o
LOAD .\CortexM3\ARM_GCC_493\Debug\functions.o
LOAD .\CortexM3\ARM_GCC_493\Debug\cymetadata.o
LOAD .\CortexM3\ARM_GCC_493\Debug\Cm3Start.o
LOAD .\CortexM3\ARM_GCC_493\Debug\SD_Card.a
LOAD C:\Program Files (x86)\Cypress\PSoC Creator\4.0\PSoC Creator\psoc\content\cycomponentlibrary\CyComponentLibrary.cylib\CortexM3\ARM_GCC_493\Debug\CyComponentLibrary.a
LOAD ..\emFile_V322c\emFile_V322c\LinkLibrary\PSoC5\GCC\libemf32nosnlfn.a
END GROUP
START GROUP
LOAD c:/program files (x86)/cypress/psoc creator/4.0/psoc creator/import/gnu/arm/4.9.3/bin/../lib/gcc/arm-none-eabi/4.9.3/armv7-m\libgcc.a
LOAD c:/program files (x86)/cypress/psoc creator/4.0/psoc creator/import/gnu/arm/4.9.3/bin/../lib/gcc/arm-none-eabi/4.9.3/../../../../arm-none-eabi/lib/armv7-m\libg_nano.a
LOAD c:/program files (x86)/cypress/psoc creator/4.0/psoc creator/import/gnu/arm/4.9.3/bin/../lib/gcc/arm-none-eabi/4.9.3/../../../../arm-none-eabi/lib/armv7-m\libc_nano.a
END GROUP
START GROUP
LOAD c:/program files (x86)/cypress/psoc creator/4.0/psoc creator/import/gnu/arm/4.9.3/bin/../lib/gcc/arm-none-eabi/4.9.3/armv7-m\libgcc.a
LOAD c:/program files (x86)/cypress/psoc creator/4.0/psoc creator/import/gnu/arm/4.9.3/bin/../lib/gcc/arm-none-eabi/4.9.3/../../../../arm-none-eabi/lib/armv7-m\libc_nano.a
END GROUP
LOAD c:/program files (x86)/cypress/psoc creator/4.0/psoc creator/import/gnu/arm/4.9.3/bin/../lib/gcc/arm-none-eabi/4.9.3/armv7-m/crtend.o
LOAD c:/program files (x86)/cypress/psoc creator/4.0/psoc creator/import/gnu/arm/4.9.3/bin/../lib/gcc/arm-none-eabi/4.9.3/armv7-m/crtn.o
START GROUP
LOAD c:/program files (x86)/cypress/psoc creator/4.0/psoc creator/import/gnu/arm/4.9.3/bin/../lib/gcc/arm-none-eabi/4.9.3/armv7-m\libgcc.a
LOAD c:/program files (x86)/cypress/psoc creator/4.0/psoc creator/import/gnu/arm/4.9.3/bin/../lib/gcc/arm-none-eabi/4.9.3/../../../../arm-none-eabi/lib/armv7-m\libc.a
LOAD c:/program files (x86)/cypress/psoc creator/4.0/psoc creator/import/gnu/arm/4.9.3/bin/../lib/gcc/arm-none-eabi/4.9.3/../../../../arm-none-eabi/lib/armv7-m\libnosys.a
END GROUP
                0x00000000                CY_APPL_ORIGIN = 0x0
                0x00000100                CY_FLASH_ROW_SIZE = 0x100
                0x00000020                CY_ECC_ROW_SIZE = 0x20
                0x00000000                CY_EE_IN_BTLDR = 0x0
                0x00000000                CY_APPL_LOADABLE = 0x0
                0x00000800                CY_EE_SIZE = 0x800
                0x00000001                CY_APPL_NUM = 0x1
                0x00000001                CY_APPL_MAX = 0x1
                0x00000040                CY_METADATA_SIZE = 0x40
                0x00000000                CY_APPL_LOADABLE = 0x0
                0x00000000                CY_CHECKSUM_EXCLUDE_SIZE = ALIGN (0x0, CY_FLASH_ROW_SIZE)
                0x1fff9268                PROVIDE (__cy_heap_start, _end)
                0x00000001                PROVIDE (__cy_region_num, ((__cy_regions_end - __cy_regions) / 0x10))
                0x20008000                PROVIDE (__cy_stack, (ORIGIN (ram) + 0x10000))
                0x20007800                PROVIDE (__cy_heap_end, (__cy_stack - 0x800))

.cybootloader   0x00000000        0x0
 *(.cybootloader)
                0x00000000                appl1_start = CY_APPL_ORIGIN?CY_APPL_ORIGIN:ALIGN (CY_FLASH_ROW_SIZE)
                0x0001ff00                appl2_start = (appl1_start + ALIGN ((((0x40000 - appl1_start) - (0x2 * CY_FLASH_ROW_SIZE)) / 0x2), CY_FLASH_ROW_SIZE))
                0x00000000                appl_start = (CY_APPL_NUM == 0x1)?appl1_start:appl2_start
                0x00000000                ecc_offset = ((appl_start / CY_FLASH_ROW_SIZE) * CY_ECC_ROW_SIZE)
                0x00000000                ee_offset = (CY_APPL_LOADABLE && ! (CY_EE_IN_BTLDR))?((CY_EE_SIZE / CY_APPL_MAX) * (CY_APPL_NUM - 0x1)):0x0
                0x00000800                ee_size = (CY_APPL_LOADABLE && ! (CY_EE_IN_BTLDR))?(CY_EE_SIZE / CY_APPL_MAX):CY_EE_SIZE
                0x00000000                PROVIDE (CY_ECC_OFFSET, ecc_offset)

.text           0x00000000     0x3a8e
 CREATE_OBJECT_SYMBOLS
                0x00000000                PROVIDE (__cy_interrupt_vector, RomVectors)
 *(.romvectors)
 .romvectors    0x00000000       0x10 .\CortexM3\ARM_GCC_493\Debug\Cm3Start.o
                0x00000000                RomVectors
                0x00000001                ASSERT ((. != __cy_interrupt_vector), No interrupt vector)
                0x00000001                ASSERT (CY_APPL_ORIGIN?(SIZEOF (.cybootloader) <= CY_APPL_ORIGIN):0x1, Wrong image location)
                0x00000010                PROVIDE (__cy_reset, Reset)
 *(.text.Reset)
 .text.Reset    0x00000010       0x18 .\CortexM3\ARM_GCC_493\Debug\Cm3Start.o
                0x00000010                Reset
                0x00000001                ASSERT ((. != __cy_reset), No reset code)
 *(.dma_init)
                0x00000001                ASSERT ((((appl_start + .) <= 0x10000) || 0x1), DMA Init must be within the first 64k of flash)
 *(.text .text.* .gnu.linkonce.t.*)
 .text          0x00000028       0x5c c:/program files (x86)/cypress/psoc creator/4.0/psoc creator/import/gnu/arm/4.9.3/bin/../lib/gcc/arm-none-eabi/4.9.3/armv7-m/crtbegin.o
 .text.write    0x00000084       0x14 .\CortexM3\ARM_GCC_493\Debug\main.o
                0x00000084                write
 .text.main     0x00000098       0x4c .\CortexM3\ARM_GCC_493\Debug\main.o
                0x00000098                main
 .text.Initialize_SD_Card
                0x000000e4       0xb4 .\CortexM3\ARM_GCC_493\Debug\functions.o
                0x000000e4                Initialize_SD_Card
 .text.IntDefaultHandler
                0x00000198       0x10 .\CortexM3\ARM_GCC_493\Debug\Cm3Start.o
                0x00000198                IntDefaultHandler
 .text.Start_c  0x000001a8       0x4c .\CortexM3\ARM_GCC_493\Debug\Cm3Start.o
                0x000001a8                Start_c
 .text.initialize_psoc
                0x000001f4       0x74 .\CortexM3\ARM_GCC_493\Debug\Cm3Start.o
                0x000001f4                initialize_psoc
 .text.CyClockStartupError
                0x00000268        0x4 .\CortexM3\ARM_GCC_493\Debug\SD_Card.a(cyfitter_cfg.o)
 .text.cfg_write_bytes32
                0x0000026c       0x34 .\CortexM3\ARM_GCC_493\Debug\SD_Card.a(cyfitter_cfg.o)
 .text.AnalogSetDefault
                0x000002a0       0x28 .\CortexM3\ARM_GCC_493\Debug\SD_Card.a(cyfitter_cfg.o)
 .text.CYMEMZERO
                0x000002c8        0xc .\CortexM3\ARM_GCC_493\Debug\SD_Card.a(cyfitter_cfg.o)
 .text.ClockSetup
                0x000002d4       0xb4 .\CortexM3\ARM_GCC_493\Debug\SD_Card.a(cyfitter_cfg.o)
 .text.CYCONFIGCPY
                0x00000388        0x8 .\CortexM3\ARM_GCC_493\Debug\SD_Card.a(cyfitter_cfg.o)
 .text.cyfitter_cfg
                0x00000390       0xf0 .\CortexM3\ARM_GCC_493\Debug\SD_Card.a(cyfitter_cfg.o)
                0x00000390                cyfitter_cfg
 .text.write_to_SetVector
                0x00000480        0xc .\CortexM3\ARM_GCC_493\Debug\SD_Card.a(write_to.o)
                0x00000480                write_to_SetVector
 .text.write_to_SetPriority
                0x0000048c       0x10 .\CortexM3\ARM_GCC_493\Debug\SD_Card.a(write_to.o)
                0x0000048c                write_to_SetPriority
 .text.write_to_Enable
                0x0000049c        0xc .\CortexM3\ARM_GCC_493\Debug\SD_Card.a(write_to.o)
                0x0000049c                write_to_Enable
 .text.write_to_Disable
                0x000004a8        0xc .\CortexM3\ARM_GCC_493\Debug\SD_Card.a(write_to.o)
                0x000004a8                write_to_Disable
 .text.write_to_StartEx
                0x000004b4       0x1c .\CortexM3\ARM_GCC_493\Debug\SD_Card.a(write_to.o)
                0x000004b4                write_to_StartEx
 .text.Timer_1_Enable
                0x000004d0       0x10 .\CortexM3\ARM_GCC_493\Debug\SD_Card.a(Timer_1.o)
                0x000004d0                Timer_1_Enable
 .text.Timer_1_SetInterruptMode
                0x000004e0        0xc .\CortexM3\ARM_GCC_493\Debug\SD_Card.a(Timer_1.o)
                0x000004e0                Timer_1_SetInterruptMode
 .text.Timer_1_ReadStatusRegister
                0x000004ec        0xc .\CortexM3\ARM_GCC_493\Debug\SD_Card.a(Timer_1.o)
                0x000004ec                Timer_1_ReadStatusRegister
 .text.Timer_1_WritePeriod
                0x000004f8        0xc .\CortexM3\ARM_GCC_493\Debug\SD_Card.a(Timer_1.o)
                0x000004f8                Timer_1_WritePeriod
 .text.Timer_1_ReadCapture
                0x00000504        0xc .\CortexM3\ARM_GCC_493\Debug\SD_Card.a(Timer_1.o)
                0x00000504                Timer_1_ReadCapture
 .text.Timer_1_WriteCounter
                0x00000510        0xc .\CortexM3\ARM_GCC_493\Debug\SD_Card.a(Timer_1.o)
                0x00000510                Timer_1_WriteCounter
 .text.Timer_1_ClearFIFO
                0x0000051c       0x14 .\CortexM3\ARM_GCC_493\Debug\SD_Card.a(Timer_1.o)
                0x0000051c                Timer_1_ClearFIFO
 .text.Timer_1_Init
                0x00000530       0x38 .\CortexM3\ARM_GCC_493\Debug\SD_Card.a(Timer_1.o)
                0x00000530                Timer_1_Init
 .text.Timer_1_Start
                0x00000568       0x1c .\CortexM3\ARM_GCC_493\Debug\SD_Card.a(Timer_1.o)
                0x00000568                Timer_1_Start
 .text.CyDelay  0x00000584       0x2c .\CortexM3\ARM_GCC_493\Debug\SD_Card.a(CyLib.o)
                0x00000584                CyDelay
 .text.LED4_Write
                0x000005b0       0x18 .\CortexM3\ARM_GCC_493\Debug\SD_Card.a(LED4.o)
                0x000005b0                LED4_Write
 .text.LED6_Write
                0x000005c8       0x18 .\CortexM3\ARM_GCC_493\Debug\SD_Card.a(LED6.o)
                0x000005c8                LED6_Write
 .text.LED7_Write
                0x000005e0       0x18 .\CortexM3\ARM_GCC_493\Debug\SD_Card.a(LED7.o)
                0x000005e0                LED7_Write
 .text          0x000005f8       0x20 .\CortexM3\ARM_GCC_493\Debug\SD_Card.a(CyBootAsmGnu.o)
                0x000005f8                CyDelayCycles
                0x00000608                CyEnterCriticalSection
                0x00000610                CyExitCriticalSection
 .text.FS__SD_Format
                0x00000618      0x26c ..\emFile_V322c\emFile_V322c\LinkLibrary\PSoC5\GCC\libemf32nosnlfn.a(FAT_FormatSD.o)
                0x00000618                FS__SD_Format
 .text.FS_FormatSD
                0x00000884       0x10 ..\emFile_V322c\emFile_V322c\LinkLibrary\PSoC5\GCC\libemf32nosnlfn.a(FAT_FormatSD.o)
                0x00000884                FS_FormatSD
 .text._ClusterId2FATOff
                0x00000894       0x18 ..\emFile_V322c\emFile_V322c\LinkLibrary\PSoC5\GCC\libemf32nosnlfn.a(FAT_Misc.o)
 .text._CalcLogClusterPos
                0x000008ac        0xe ..\emFile_V322c\emFile_V322c\LinkLibrary\PSoC5\GCC\libemf32nosnlfn.a(FAT_Misc.o)
 .text._ReadFromFreeClusterCache
                0x000008ba       0x46 ..\emFile_V322c\emFile_V322c\LinkLibrary\PSoC5\GCC\libemf32nosnlfn.a(FAT_Misc.o)
 .text.FS_FAT_GetFATType
                0x00000900       0x1a ..\emFile_V322c\emFile_V322c\LinkLibrary\PSoC5\GCC\libemf32nosnlfn.a(FAT_Misc.o)
                0x00000900                FS_FAT_GetFATType
 .text.FS_FAT_ClusterId2SectorNo
                0x0000091a        0xc ..\emFile_V322c\emFile_V322c\LinkLibrary\PSoC5\GCC\libemf32nosnlfn.a(FAT_Misc.o)
                0x0000091a                FS_FAT_ClusterId2SectorNo
 .text.FS_FAT_IsValidShortNameChar
                0x00000926       0x34 ..\emFile_V322c\emFile_V322c\LinkLibrary\PSoC5\GCC\libemf32nosnlfn.a(FAT_Misc.o)
                0x00000926                FS_FAT_IsValidShortNameChar
 .text.FS_FAT_CopyShortName
                0x0000095a       0x56 ..\emFile_V322c\emFile_V322c\LinkLibrary\PSoC5\GCC\libemf32nosnlfn.a(FAT_Misc.o)
                0x0000095a                FS_FAT_CopyShortName
 .text._SFN_CreateDirEntry
                0x000009b0       0x5a ..\emFile_V322c\emFile_V322c\LinkLibrary\PSoC5\GCC\libemf32nosnlfn.a(FAT_Misc.o)
 .text._SFN_FindDirEntry
                0x00000a0a       0x10 ..\emFile_V322c\emFile_V322c\LinkLibrary\PSoC5\GCC\libemf32nosnlfn.a(FAT_Misc.o)
 *fill*         0x00000a1a        0x2 
 .text.FS_FAT_FindDirEntry
                0x00000a1c       0x60 ..\emFile_V322c\emFile_V322c\LinkLibrary\PSoC5\GCC\libemf32nosnlfn.a(FAT_Misc.o)
                0x00000a1c                FS_FAT_FindDirEntry
 .text.FS_FAT_CopyDirEntryInfo
                0x00000a7c       0x50 ..\emFile_V322c\emFile_V322c\LinkLibrary\PSoC5\GCC\libemf32nosnlfn.a(FAT_Misc.o)
                0x00000a7c                FS_FAT_CopyDirEntryInfo
 .text._SFN_ReadDirEntryInfo
                0x00000acc       0x6e ..\emFile_V322c\emFile_V322c\LinkLibrary\PSoC5\GCC\libemf32nosnlfn.a(FAT_Misc.o)
 .text._SetFATSector
                0x00000b3a        0x6 ..\emFile_V322c\emFile_V322c\LinkLibrary\PSoC5\GCC\libemf32nosnlfn.a(FAT_Misc.o)
 .text.FS_FAT_ReadFATEntry
                0x00000b40       0xb2 ..\emFile_V322c\emFile_V322c\LinkLibrary\PSoC5\GCC\libemf32nosnlfn.a(FAT_Misc.o)
                0x00000b40                FS_FAT_ReadFATEntry
 *fill*         0x00000bf2        0x2 
 .text.FS_FAT_GetNumAdjClustersInChain
                0x00000bf4       0x64 ..\emFile_V322c\emFile_V322c\LinkLibrary\PSoC5\GCC\libemf32nosnlfn.a(FAT_Misc.o)
                0x00000bf4                FS_FAT_GetNumAdjClustersInChain
 .text.FS_FAT_WalkClusterEx
                0x00000c58       0x5c ..\emFile_V322c\emFile_V322c\LinkLibrary\PSoC5\GCC\libemf32nosnlfn.a(FAT_Misc.o)
                0x00000c58                FS_FAT_WalkClusterEx
 .text.FS_FAT_GotoCluster
                0x00000cb4       0x88 ..\emFile_V322c\emFile_V322c\LinkLibrary\PSoC5\GCC\libemf32nosnlfn.a(FAT_Misc.o)
                0x00000cb4                FS_FAT_GotoCluster
 .text.FS_FAT_WalkCluster
                0x00000d3c       0x18 ..\emFile_V322c\emFile_V322c\LinkLibrary\PSoC5\GCC\libemf32nosnlfn.a(FAT_Misc.o)
                0x00000d3c                FS_FAT_WalkCluster
 .text.FS_FAT_FindLastCluster
                0x00000d54       0x34 ..\emFile_V322c\emFile_V322c\LinkLibrary\PSoC5\GCC\libemf32nosnlfn.a(FAT_Misc.o)
                0x00000d54                FS_FAT_FindLastCluster
 .text._WriteFATEntry
                0x00000d88      0x18e ..\emFile_V322c\emFile_V322c\LinkLibrary\PSoC5\GCC\libemf32nosnlfn.a(FAT_Misc.o)
 .text.FS_FAT_MarkClusterEOC
                0x00000f16        0x8 ..\emFile_V322c\emFile_V322c\LinkLibrary\PSoC5\GCC\libemf32nosnlfn.a(FAT_Misc.o)
                0x00000f16                FS_FAT_MarkClusterEOC
 .text.FS_FAT_SyncFAT
                0x00000f1e       0x3c ..\emFile_V322c\emFile_V322c\LinkLibrary\PSoC5\GCC\libemf32nosnlfn.a(FAT_Misc.o)
                0x00000f1e                FS_FAT_SyncFAT
 .text.FS_FAT_LinkCluster
                0x00000f5a       0x1c ..\emFile_V322c\emFile_V322c\LinkLibrary\PSoC5\GCC\libemf32nosnlfn.a(FAT_Misc.o)
                0x00000f5a                FS_FAT_LinkCluster
 *fill*         0x00000f76        0x2 
 .text._CalcFreeClusterCnt
                0x00000f78       0x88 ..\emFile_V322c\emFile_V322c\LinkLibrary\PSoC5\GCC\libemf32nosnlfn.a(FAT_Misc.o)
 .text.FS_FAT_FindFreeCluster
                0x00001000       0xa8 ..\emFile_V322c\emFile_V322c\LinkLibrary\PSoC5\GCC\libemf32nosnlfn.a(FAT_Misc.o)
                0x00001000                FS_FAT_FindFreeCluster
 .text.FS_FAT_AllocCluster
                0x000010a8       0x20 ..\emFile_V322c\emFile_V322c\LinkLibrary\PSoC5\GCC\libemf32nosnlfn.a(FAT_Misc.o)
                0x000010a8                FS_FAT_AllocCluster
 .text._WriteEmptyFATSectors
                0x000010c8       0x3c ..\emFile_V322c\emFile_V322c\LinkLibrary\PSoC5\GCC\libemf32nosnlfn.a(FAT_Misc.o)
 .text.FS_FAT_FreeClusterChain
                0x00001104       0xe0 ..\emFile_V322c\emFile_V322c\LinkLibrary\PSoC5\GCC\libemf32nosnlfn.a(FAT_Misc.o)
                0x00001104                FS_FAT_FreeClusterChain
 .text.FS_FAT_CheckBPB
                0x000011e4      0x1cc ..\emFile_V322c\emFile_V322c\LinkLibrary\PSoC5\GCC\libemf32nosnlfn.a(FAT_Misc.o)
                0x000011e4                FS_FAT_CheckBPB
 .text.FS_FAT_InitDirEntryScan
                0x000013b0       0x14 ..\emFile_V322c\emFile_V322c\LinkLibrary\PSoC5\GCC\libemf32nosnlfn.a(FAT_Open.o)
                0x000013b0                FS_FAT_InitDirEntryScan
 .text.FS_FAT_IncDirPos
                0x000013c4        0x8 ..\emFile_V322c\emFile_V322c\LinkLibrary\PSoC5\GCC\libemf32nosnlfn.a(FAT_Open.o)
                0x000013c4                FS_FAT_IncDirPos
 .text._CopyDirText
                0x000013cc       0x44 ..\emFile_V322c\emFile_V322c\LinkLibrary\PSoC5\GCC\libemf32nosnlfn.a(FAT_Open.o)
 .text.FS_FAT_Make83Name
                0x00001410       0xb0 ..\emFile_V322c\emFile_V322c\LinkLibrary\PSoC5\GCC\libemf32nosnlfn.a(FAT_Open.o)
                0x00001410                FS_FAT_Make83Name
 .text.FS_FAT_GetDirEntry
                0x000014c0       0xb2 ..\emFile_V322c\emFile_V322c\LinkLibrary\PSoC5\GCC\libemf32nosnlfn.a(FAT_Open.o)
                0x000014c0                FS_FAT_GetDirEntry
 .text.FS_FAT_FindDirEntryShortEx
                0x00001572       0x5a ..\emFile_V322c\emFile_V322c\LinkLibrary\PSoC5\GCC\libemf32nosnlfn.a(FAT_Open.o)
                0x00001572                FS_FAT_FindDirEntryShortEx
 .text.FS_FAT_FindDirEntryShort
                0x000015cc       0x36 ..\emFile_V322c\emFile_V322c\LinkLibrary\PSoC5\GCC\libemf32nosnlfn.a(FAT_Open.o)
                0x000015cc                FS_FAT_FindDirEntryShort
 .text.FS_FAT_FindEmptyDirEntry
                0x00001602       0xb0 ..\emFile_V322c\emFile_V322c\LinkLibrary\PSoC5\GCC\libemf32nosnlfn.a(FAT_Open.o)
                0x00001602                FS_FAT_FindEmptyDirEntry
 .text.FS_FAT_GetFirstCluster
                0x000016b2       0x1a ..\emFile_V322c\emFile_V322c\LinkLibrary\PSoC5\GCC\libemf32nosnlfn.a(FAT_Open.o)
                0x000016b2                FS_FAT_GetFirstCluster
 .text.FS_FAT_FindPath
                0x000016cc       0x7a ..\emFile_V322c\emFile_V322c\LinkLibrary\PSoC5\GCC\libemf32nosnlfn.a(FAT_Open.o)
                0x000016cc                FS_FAT_FindPath
 .text.FS_FAT_DeleteFileOrDir
                0x00001746       0x48 ..\emFile_V322c\emFile_V322c\LinkLibrary\PSoC5\GCC\libemf32nosnlfn.a(FAT_Open.o)
                0x00001746                FS_FAT_DeleteFileOrDir
 *fill*         0x0000178e        0x2 
 .text.FS_FAT_Open
                0x00001790      0x1dc ..\emFile_V322c\emFile_V322c\LinkLibrary\PSoC5\GCC\libemf32nosnlfn.a(FAT_Open.o)
                0x00001790                FS_FAT_Open
 .text.FS_FAT_WriteDirEntryCluster
                0x0000196c       0x1c ..\emFile_V322c\emFile_V322c\LinkLibrary\PSoC5\GCC\libemf32nosnlfn.a(FAT_Open.o)
                0x0000196c                FS_FAT_WriteDirEntryCluster
 .text.FS_FAT_WriteDirEntry83
                0x00001988       0x6c ..\emFile_V322c\emFile_V322c\LinkLibrary\PSoC5\GCC\libemf32nosnlfn.a(FAT_Open.o)
                0x00001988                FS_FAT_WriteDirEntry83
 .text._WriteBurst
                0x000019f4       0x24 ..\emFile_V322c\emFile_V322c\LinkLibrary\PSoC5\GCC\libemf32nosnlfn.a(FAT_Write.o)
 .text.FS_FAT_GotoClusterAllocIfReq
                0x00001a18       0xa8 ..\emFile_V322c\emFile_V322c\LinkLibrary\PSoC5\GCC\libemf32nosnlfn.a(FAT_Write.o)
                0x00001a18                FS_FAT_GotoClusterAllocIfReq
 .text.FS_FAT_UpdateDirEntry
                0x00001ac0       0x68 ..\emFile_V322c\emFile_V322c\LinkLibrary\PSoC5\GCC\libemf32nosnlfn.a(FAT_Write.o)
                0x00001ac0                FS_FAT_UpdateDirEntry
 .text.FS_FAT_Write
                0x00001b28      0x1c8 ..\emFile_V322c\emFile_V322c\LinkLibrary\PSoC5\GCC\libemf32nosnlfn.a(FAT_Write.o)
                0x00001b28                FS_FAT_Write
 .text.FS__CLIB_memcmp
                0x00001cf0       0x20 ..\emFile_V322c\emFile_V322c\LinkLibrary\PSoC5\GCC\libemf32nosnlfn.a(FS_CLib.o)
                0x00001cf0                FS__CLIB_memcmp
 .text.FS__CLIB_memset
                0x00001d10       0x6c ..\emFile_V322c\emFile_V322c\LinkLibrary\PSoC5\GCC\libemf32nosnlfn.a(FS_CLib.o)
                0x00001d10                FS__CLIB_memset
 .text.FS__CLIB_strcmp
                0x00001d7c       0x1a ..\emFile_V322c\emFile_V322c\LinkLibrary\PSoC5\GCC\libemf32nosnlfn.a(FS_CLib.o)
                0x00001d7c                FS__CLIB_strcmp
 .text.FS__CLIB_strlen
                0x00001d96       0x10 ..\emFile_V322c\emFile_V322c\LinkLibrary\PSoC5\GCC\libemf32nosnlfn.a(FS_CLib.o)
                0x00001d96                FS__CLIB_strlen
 .text.FS__CLIB_strncmp
                0x00001da6       0x26 ..\emFile_V322c\emFile_V322c\LinkLibrary\PSoC5\GCC\libemf32nosnlfn.a(FS_CLib.o)
                0x00001da6                FS__CLIB_strncmp
 .text.FS__CLIB_strncpy
                0x00001dcc       0x2e ..\emFile_V322c\emFile_V322c\LinkLibrary\PSoC5\GCC\libemf32nosnlfn.a(FS_CLib.o)
                0x00001dcc                FS__CLIB_strncpy
 .text.FS__CLIB_toupper
                0x00001dfa        0xe ..\emFile_V322c\emFile_V322c\LinkLibrary\PSoC5\GCC\libemf32nosnlfn.a(FS_CLib.o)
                0x00001dfa                FS__CLIB_toupper
 .text.FS__DivideU32Up
                0x00001e08        0xa ..\emFile_V322c\emFile_V322c\LinkLibrary\PSoC5\GCC\libemf32nosnlfn.a(FS_Core.o)
                0x00001e08                FS__DivideU32Up
 .text.FS__strchr
                0x00001e12       0x14 ..\emFile_V322c\emFile_V322c\LinkLibrary\PSoC5\GCC\libemf32nosnlfn.a(FS_Core.o)
                0x00001e12                FS__strchr
 .text.FS_LoadU32BE
                0x00001e26       0x18 ..\emFile_V322c\emFile_V322c\LinkLibrary\PSoC5\GCC\libemf32nosnlfn.a(FS_Core.o)
                0x00001e26                FS_LoadU32BE
 .text.FS_LoadU32LE
                0x00001e3e       0x16 ..\emFile_V322c\emFile_V322c\LinkLibrary\PSoC5\GCC\libemf32nosnlfn.a(FS_Core.o)
                0x00001e3e                FS_LoadU32LE
 .text.FS_StoreU32LE
                0x00001e54       0x14 ..\emFile_V322c\emFile_V322c\LinkLibrary\PSoC5\GCC\libemf32nosnlfn.a(FS_Core.o)
                0x00001e54                FS_StoreU32LE
 .text.FS_StoreU16LE
                0x00001e68        0x8 ..\emFile_V322c\emFile_V322c\LinkLibrary\PSoC5\GCC\libemf32nosnlfn.a(FS_Core.o)
                0x00001e68                FS_StoreU16LE
 .text.FS_LoadU16LE
                0x00001e70        0xa ..\emFile_V322c\emFile_V322c\LinkLibrary\PSoC5\GCC\libemf32nosnlfn.a(FS_Core.o)
                0x00001e70                FS_LoadU16LE
 *fill*         0x00001e7a        0x2 
 .text._Alloc   0x00001e7c       0x30 ..\emFile_V322c\emFile_V322c\LinkLibrary\PSoC5\GCC\libemf32nosnlfn.a(FS_Core.o)
 .text.FS_Alloc
                0x00001eac        0xc ..\emFile_V322c\emFile_V322c\LinkLibrary\PSoC5\GCC\libemf32nosnlfn.a(FS_Core.o)
                0x00001eac                FS_Alloc
 .text.FS_TryAlloc
                0x00001eb8        0x4 ..\emFile_V322c\emFile_V322c\LinkLibrary\PSoC5\GCC\libemf32nosnlfn.a(FS_Core.o)
                0x00001eb8                FS_TryAlloc
 .text.FS_Free  0x00001ebc       0x1c ..\emFile_V322c\emFile_V322c\LinkLibrary\PSoC5\GCC\libemf32nosnlfn.a(FS_Core.o)
                0x00001ebc                FS_Free
 .text.FS_AssignMemory
                0x00001ed8        0xc ..\emFile_V322c\emFile_V322c\LinkLibrary\PSoC5\GCC\libemf32nosnlfn.a(FS_Core.o)
                0x00001ed8                FS_AssignMemory
 .text.FS_AllocZeroed
                0x00001ee4       0x16 ..\emFile_V322c\emFile_V322c\LinkLibrary\PSoC5\GCC\libemf32nosnlfn.a(FS_Core.o)
                0x00001ee4                FS_AllocZeroed
 *fill*         0x00001efa        0x2 
 .text.FS_STORAGE_Init
                0x00001efc       0x28 ..\emFile_V322c\emFile_V322c\LinkLibrary\PSoC5\GCC\libemf32nosnlfn.a(FS_Core.o)
                0x00001efc                FS_STORAGE_Init
 .text._ClrBusyLED
                0x00001f24        0xc ..\emFile_V322c\emFile_V322c\LinkLibrary\PSoC5\GCC\libemf32nosnlfn.a(FS_LogBlock.o)
 .text._SetBusyLED
                0x00001f30        0xc ..\emFile_V322c\emFile_V322c\LinkLibrary\PSoC5\GCC\libemf32nosnlfn.a(FS_LogBlock.o)
 .text._Read    0x00001f3c        0xc ..\emFile_V322c\emFile_V322c\LinkLibrary\PSoC5\GCC\libemf32nosnlfn.a(FS_LogBlock.o)
 .text._Write   0x00001f48       0x12 ..\emFile_V322c\emFile_V322c\LinkLibrary\PSoC5\GCC\libemf32nosnlfn.a(FS_LogBlock.o)
 .text.FS_LB_GetStatus
                0x00001f5a        0xc ..\emFile_V322c\emFile_V322c\LinkLibrary\PSoC5\GCC\libemf32nosnlfn.a(FS_LogBlock.o)
                0x00001f5a                FS_LB_GetStatus
 .text.FS_LB_InitMedium
                0x00001f66       0x1a ..\emFile_V322c\emFile_V322c\LinkLibrary\PSoC5\GCC\libemf32nosnlfn.a(FS_LogBlock.o)
                0x00001f66                FS_LB_InitMedium
 .text.FS_LB_InitMediumIfRequired
                0x00001f80       0x10 ..\emFile_V322c\emFile_V322c\LinkLibrary\PSoC5\GCC\libemf32nosnlfn.a(FS_LogBlock.o)
                0x00001f80                FS_LB_InitMediumIfRequired
 .text.FS_LB_ReadDevice
                0x00001f90       0x2e ..\emFile_V322c\emFile_V322c\LinkLibrary\PSoC5\GCC\libemf32nosnlfn.a(FS_LogBlock.o)
                0x00001f90                FS_LB_ReadDevice
 .text.FS_LB_ReadPart
                0x00001fbe        0xe ..\emFile_V322c\emFile_V322c\LinkLibrary\PSoC5\GCC\libemf32nosnlfn.a(FS_LogBlock.o)
                0x00001fbe                FS_LB_ReadPart
 .text.FS_LB_WriteBurst
                0x00001fcc       0x30 ..\emFile_V322c\emFile_V322c\LinkLibrary\PSoC5\GCC\libemf32nosnlfn.a(FS_LogBlock.o)
                0x00001fcc                FS_LB_WriteBurst
 .text.FS_LB_WriteBurstPart
                0x00001ffc       0x14 ..\emFile_V322c\emFile_V322c\LinkLibrary\PSoC5\GCC\libemf32nosnlfn.a(FS_LogBlock.o)
                0x00001ffc                FS_LB_WriteBurstPart
 .text.FS_LB_WriteMultiple
                0x00002010       0x30 ..\emFile_V322c\emFile_V322c\LinkLibrary\PSoC5\GCC\libemf32nosnlfn.a(FS_LogBlock.o)
                0x00002010                FS_LB_WriteMultiple
 .text.FS_LB_WriteMultiplePart
                0x00002040       0x14 ..\emFile_V322c\emFile_V322c\LinkLibrary\PSoC5\GCC\libemf32nosnlfn.a(FS_LogBlock.o)
                0x00002040                FS_LB_WriteMultiplePart
 .text.FS_LB_WriteDevice
                0x00002054       0x36 ..\emFile_V322c\emFile_V322c\LinkLibrary\PSoC5\GCC\libemf32nosnlfn.a(FS_LogBlock.o)
                0x00002054                FS_LB_WriteDevice
 .text.FS_LB_WritePart
                0x0000208a        0xe ..\emFile_V322c\emFile_V322c\LinkLibrary\PSoC5\GCC\libemf32nosnlfn.a(FS_LogBlock.o)
                0x0000208a                FS_LB_WritePart
 .text.FS_GetSectorSize
                0x00002098       0x28 ..\emFile_V322c\emFile_V322c\LinkLibrary\PSoC5\GCC\libemf32nosnlfn.a(FS_LogBlock.o)
                0x00002098                FS_GetSectorSize
 .text.FS_LB_GetDeviceInfo
                0x000020c0       0x26 ..\emFile_V322c\emFile_V322c\LinkLibrary\PSoC5\GCC\libemf32nosnlfn.a(FS_LogBlock.o)
                0x000020c0                FS_LB_GetDeviceInfo
 .text.FS_memcpy
                0x000020e6      0x120 ..\emFile_V322c\emFile_V322c\LinkLibrary\PSoC5\GCC\libemf32nosnlfn.a(FS_memcpy.o)
                0x000020e6                FS_memcpy
 *fill*         0x00002206        0x2 
 .text.FS__AllocSectorBuffer
                0x00002208       0x2c ..\emFile_V322c\emFile_V322c\LinkLibrary\PSoC5\GCC\libemf32nosnlfn.a(FS_Misc.o)
                0x00002208                FS__AllocSectorBuffer
 .text.FS__FreeSectorBuffer
                0x00002234       0x28 ..\emFile_V322c\emFile_V322c\LinkLibrary\PSoC5\GCC\libemf32nosnlfn.a(FS_Misc.o)
                0x00002234                FS__FreeSectorBuffer
 .text.FS__SB_MarkDirty
                0x0000225c        0x6 ..\emFile_V322c\emFile_V322c\LinkLibrary\PSoC5\GCC\libemf32nosnlfn.a(FS_Misc.o)
                0x0000225c                FS__SB_MarkDirty
 .text.FS__SB_MarkNotDirty
                0x00002262        0x6 ..\emFile_V322c\emFile_V322c\LinkLibrary\PSoC5\GCC\libemf32nosnlfn.a(FS_Misc.o)
                0x00002262                FS__SB_MarkNotDirty
 .text.FS__FreeFileHandle
                0x00002268        0xa ..\emFile_V322c\emFile_V322c\LinkLibrary\PSoC5\GCC\libemf32nosnlfn.a(FS_Misc.o)
                0x00002268                FS__FreeFileHandle
 .text.FS__FreeFileObj
                0x00002272        0xc ..\emFile_V322c\emFile_V322c\LinkLibrary\PSoC5\GCC\libemf32nosnlfn.a(FS_Misc.o)
                0x00002272                FS__FreeFileObj
 *fill*         0x0000227e        0x2 
 .text.FS_Init  0x00002280       0x58 ..\emFile_V322c\emFile_V322c\LinkLibrary\PSoC5\GCC\libemf32nosnlfn.a(FS_Misc.o)
                0x00002280                FS_Init
 .text.FS__SB_Create
                0x000022d8       0x28 ..\emFile_V322c\emFile_V322c\LinkLibrary\PSoC5\GCC\libemf32nosnlfn.a(FS_Misc.o)
                0x000022d8                FS__SB_Create
 .text.FS__AllocFileObj
                0x00002300       0x48 ..\emFile_V322c\emFile_V322c\LinkLibrary\PSoC5\GCC\libemf32nosnlfn.a(FS_Misc.o)
                0x00002300                FS__AllocFileObj
 .text.FS__AllocFileHandle
                0x00002348       0x40 ..\emFile_V322c\emFile_V322c\LinkLibrary\PSoC5\GCC\libemf32nosnlfn.a(FS_Misc.o)
                0x00002348                FS__AllocFileHandle
 .text.FS__OpenEx
                0x00002388       0x58 ..\emFile_V322c\emFile_V322c\LinkLibrary\PSoC5\GCC\libemf32nosnlfn.a(FS_Misc.o)
                0x00002388                FS__OpenEx
 .text.FS__FOpenEx
                0x000023e0       0x56 ..\emFile_V322c\emFile_V322c\LinkLibrary\PSoC5\GCC\libemf32nosnlfn.a(FS_Misc.o)
                0x000023e0                FS__FOpenEx
 *fill*         0x00002436        0x2 
 .text.FS__FOpen
                0x00002438       0x48 ..\emFile_V322c\emFile_V322c\LinkLibrary\PSoC5\GCC\libemf32nosnlfn.a(FS_Misc.o)
                0x00002438                FS__FOpen
 .text.FS_FOpen
                0x00002480        0x4 ..\emFile_V322c\emFile_V322c\LinkLibrary\PSoC5\GCC\libemf32nosnlfn.a(FS_Misc.o)
                0x00002480                FS_FOpen
 .text.FS__SB_Write
                0x00002484       0x24 ..\emFile_V322c\emFile_V322c\LinkLibrary\PSoC5\GCC\libemf32nosnlfn.a(FS_Misc.o)
                0x00002484                FS__SB_Write
 .text._SB_Clean
                0x000024a8       0x24 ..\emFile_V322c\emFile_V322c\LinkLibrary\PSoC5\GCC\libemf32nosnlfn.a(FS_Misc.o)
 .text.FS__SB_SetSector
                0x000024cc       0x20 ..\emFile_V322c\emFile_V322c\LinkLibrary\PSoC5\GCC\libemf32nosnlfn.a(FS_Misc.o)
                0x000024cc                FS__SB_SetSector
 .text.FS__SB_Clean
                0x000024ec        0x4 ..\emFile_V322c\emFile_V322c\LinkLibrary\PSoC5\GCC\libemf32nosnlfn.a(FS_Misc.o)
                0x000024ec                FS__SB_Clean
 .text.FS__SB_Delete
                0x000024f0       0x12 ..\emFile_V322c\emFile_V322c\LinkLibrary\PSoC5\GCC\libemf32nosnlfn.a(FS_Misc.o)
                0x000024f0                FS__SB_Delete
 .text.FS__SB_Flush
                0x00002502        0x8 ..\emFile_V322c\emFile_V322c\LinkLibrary\PSoC5\GCC\libemf32nosnlfn.a(FS_Misc.o)
                0x00002502                FS__SB_Flush
 .text.FS__SB_Read
                0x0000250a       0x2a ..\emFile_V322c\emFile_V322c\LinkLibrary\PSoC5\GCC\libemf32nosnlfn.a(FS_Misc.o)
                0x0000250a                FS__SB_Read
 .text.FS__AddPhysDevice
                0x00002534       0x10 ..\emFile_V322c\emFile_V322c\LinkLibrary\PSoC5\GCC\libemf32nosnlfn.a(FS_Storage.o)
                0x00002534                FS__AddPhysDevice
 .text.FS_GetVolumeName
                0x00002544       0x60 ..\emFile_V322c\emFile_V322c\LinkLibrary\PSoC5\GCC\libemf32nosnlfn.a(FS_Storage.o)
                0x00002544                FS_GetVolumeName
 .text.FS__FindVolume
                0x000025a4       0x78 ..\emFile_V322c\emFile_V322c\LinkLibrary\PSoC5\GCC\libemf32nosnlfn.a(FS_Storage.o)
                0x000025a4                FS__FindVolume
 .text.FS__AddDevice
                0x0000261c       0x68 ..\emFile_V322c\emFile_V322c\LinkLibrary\PSoC5\GCC\libemf32nosnlfn.a(FS_Storage.o)
                0x0000261c                FS__AddDevice
 .text.FS_AddDevice
                0x00002684        0x4 ..\emFile_V322c\emFile_V322c\LinkLibrary\PSoC5\GCC\libemf32nosnlfn.a(FS_Storage.o)
                0x00002684                FS_AddDevice
 .text._Mount   0x00002688       0x2e ..\emFile_V322c\emFile_V322c\LinkLibrary\PSoC5\GCC\libemf32nosnlfn.a(FS_Volume.o)
 .text.FS__AutoMount
                0x000026b6       0x14 ..\emFile_V322c\emFile_V322c\LinkLibrary\PSoC5\GCC\libemf32nosnlfn.a(FS_Volume.o)
                0x000026b6                FS__AutoMount
 .text.FS__MountNL
                0x000026ca       0x20 ..\emFile_V322c\emFile_V322c\LinkLibrary\PSoC5\GCC\libemf32nosnlfn.a(FS_Volume.o)
                0x000026ca                FS__MountNL
 .text.FS__Mount
                0x000026ea        0x4 ..\emFile_V322c\emFile_V322c\LinkLibrary\PSoC5\GCC\libemf32nosnlfn.a(FS_Volume.o)
                0x000026ea                FS__Mount
 .text.FS_Mount
                0x000026ee       0x18 ..\emFile_V322c\emFile_V322c\LinkLibrary\PSoC5\GCC\libemf32nosnlfn.a(FS_Volume.o)
                0x000026ee                FS_Mount
 .text.FS__Write
                0x00002706       0x3a ..\emFile_V322c\emFile_V322c\LinkLibrary\PSoC5\GCC\libemf32nosnlfn.a(FS_Write.o)
                0x00002706                FS__Write
 .text.FS_Write
                0x00002740        0x4 ..\emFile_V322c\emFile_V322c\LinkLibrary\PSoC5\GCC\libemf32nosnlfn.a(FS_Write.o)
                0x00002740                FS_Write
 .text.T.32     0x00002744      0x400 ..\emFile_V322c\emFile_V322c\LinkLibrary\PSoC5\GCC\libemf32nosnlfn.a(FAT_Format.o)
 .text._AutoFormat
                0x00002b44       0x7c ..\emFile_V322c\emFile_V322c\LinkLibrary\PSoC5\GCC\libemf32nosnlfn.a(FAT_Format.o)
 .text.FS_FAT_FormatEx
                0x00002bc0       0x74 ..\emFile_V322c\emFile_V322c\LinkLibrary\PSoC5\GCC\libemf32nosnlfn.a(FAT_Format.o)
                0x00002bc0                FS_FAT_FormatEx
 .text._IsBPB   0x00002c34       0x1e ..\emFile_V322c\emFile_V322c\LinkLibrary\PSoC5\GCC\libemf32nosnlfn.a(FS_Partition.o)
 .text._HasSignature
                0x00002c52       0x18 ..\emFile_V322c\emFile_V322c\LinkLibrary\PSoC5\GCC\libemf32nosnlfn.a(FS_Partition.o)
 .text._GetPartitionStartSector
                0x00002c6a        0xc ..\emFile_V322c\emFile_V322c\LinkLibrary\PSoC5\GCC\libemf32nosnlfn.a(FS_Partition.o)
 .text.FS__GetMediaStartSecEx
                0x00002c76       0x6e ..\emFile_V322c\emFile_V322c\LinkLibrary\PSoC5\GCC\libemf32nosnlfn.a(FS_Partition.o)
                0x00002c76                FS__GetMediaStartSecEx
 .text.FS__LocatePartition
                0x00002ce4       0x44 ..\emFile_V322c\emFile_V322c\LinkLibrary\PSoC5\GCC\libemf32nosnlfn.a(FS_Partition.o)
                0x00002ce4                FS__LocatePartition
 .text.FS_X_AddDevices
                0x00002d28       0x1c .\CortexM3\ARM_GCC_493\Debug\SD_Card.a(emFile_ConfigMMC_SPI.o)
                0x00002d28                FS_X_AddDevices
 .text.FS_X_GetTimeDate
                0x00002d44        0x8 .\CortexM3\ARM_GCC_493\Debug\SD_Card.a(emFile_ConfigMMC_SPI.o)
                0x00002d44                FS_X_GetTimeDate
 .text._CalcDataCRC16Dummy
                0x00002d4c        0x6 ..\emFile_V322c\emFile_V322c\LinkLibrary\PSoC5\GCC\libemf32nosnlfn.a(MMC_Drv.o)
 *fill*         0x00002d52        0x2 
 .text._MMC_GetNumUnits
                0x00002d54        0xc ..\emFile_V322c\emFile_V322c\LinkLibrary\PSoC5\GCC\libemf32nosnlfn.a(MMC_Drv.o)
 .text._MMC_GetDriverName
                0x00002d60        0x8 ..\emFile_V322c\emFile_V322c\LinkLibrary\PSoC5\GCC\libemf32nosnlfn.a(MMC_Drv.o)
 .text._MMC_GetStatus
                0x00002d68        0x4 ..\emFile_V322c\emFile_V322c\LinkLibrary\PSoC5\GCC\libemf32nosnlfn.a(MMC_Drv.o)
 .text._CheckR1
                0x00002d6c       0x38 ..\emFile_V322c\emFile_V322c\LinkLibrary\PSoC5\GCC\libemf32nosnlfn.a(MMC_Drv.o)
 .text._WaitToGetReady
                0x00002da4       0x26 ..\emFile_V322c\emFile_V322c\LinkLibrary\PSoC5\GCC\libemf32nosnlfn.a(MMC_Drv.o)
 .text._SendEmptyCycles
                0x00002dca       0x24 ..\emFile_V322c\emFile_V322c\LinkLibrary\PSoC5\GCC\libemf32nosnlfn.a(MMC_Drv.o)
 *fill*         0x00002dee        0x2 
 .text._MMC_AddDevice
                0x00002df0       0x2c ..\emFile_V322c\emFile_V322c\LinkLibrary\PSoC5\GCC\libemf32nosnlfn.a(MMC_Drv.o)
 .text.T.53     0x00002e1c       0x14 ..\emFile_V322c\emFile_V322c\LinkLibrary\PSoC5\GCC\libemf32nosnlfn.a(MMC_Drv.o)
 .text._GetFromCSD
                0x00002e30       0x34 ..\emFile_V322c\emFile_V322c\LinkLibrary\PSoC5\GCC\libemf32nosnlfn.a(MMC_Drv.o)
 .text._ExecCmdR1
                0x00002e64       0x98 ..\emFile_V322c\emFile_V322c\LinkLibrary\PSoC5\GCC\libemf32nosnlfn.a(MMC_Drv.o)
 .text._ReadCSD
                0x00002efc       0x86 ..\emFile_V322c\emFile_V322c\LinkLibrary\PSoC5\GCC\libemf32nosnlfn.a(MMC_Drv.o)
 *fill*         0x00002f82        0x2 
 .text._MMC_Read
                0x00002f84      0x130 ..\emFile_V322c\emFile_V322c\LinkLibrary\PSoC5\GCC\libemf32nosnlfn.a(MMC_Drv.o)
 .text._MMC_Write
                0x000030b4      0x13c ..\emFile_V322c\emFile_V322c\LinkLibrary\PSoC5\GCC\libemf32nosnlfn.a(MMC_Drv.o)
 .text._ApplyCSD
                0x000031f0      0x228 ..\emFile_V322c\emFile_V322c\LinkLibrary\PSoC5\GCC\libemf32nosnlfn.a(MMC_Drv.o)
 .text._MMC_Init
                0x00003418      0x1c0 ..\emFile_V322c\emFile_V322c\LinkLibrary\PSoC5\GCC\libemf32nosnlfn.a(MMC_Drv.o)
 .text._MMC_InitMedium
                0x000035d8       0x28 ..\emFile_V322c\emFile_V322c\LinkLibrary\PSoC5\GCC\libemf32nosnlfn.a(MMC_Drv.o)
 .text._MMC_IoCtl
                0x00003600       0x60 ..\emFile_V322c\emFile_V322c\LinkLibrary\PSoC5\GCC\libemf32nosnlfn.a(MMC_Drv.o)
 .text.emFile_Init
                0x00003660       0x4c .\CortexM3\ARM_GCC_493\Debug\SD_Card.a(emFile_MMC_HW_SPI.o)
 .text.emFile_ReadWriteSPI
                0x000036ac       0x30 .\CortexM3\ARM_GCC_493\Debug\SD_Card.a(emFile_MMC_HW_SPI.o)
 .text.FS_MMC_HW_X_EnableCS
                0x000036dc       0x14 .\CortexM3\ARM_GCC_493\Debug\SD_Card.a(emFile_MMC_HW_SPI.o)
                0x000036dc                FS_MMC_HW_X_EnableCS
 .text.FS_MMC_HW_X_DisableCS
                0x000036f0       0x14 .\CortexM3\ARM_GCC_493\Debug\SD_Card.a(emFile_MMC_HW_SPI.o)
                0x000036f0                FS_MMC_HW_X_DisableCS
 .text.FS_MMC_HW_X_IsWriteProtected
                0x00003704        0x4 .\CortexM3\ARM_GCC_493\Debug\SD_Card.a(emFile_MMC_HW_SPI.o)
                0x00003704                FS_MMC_HW_X_IsWriteProtected
 .text.FS_MMC_HW_X_SetMaxSpeed
                0x00003708       0x54 .\CortexM3\ARM_GCC_493\Debug\SD_Card.a(emFile_MMC_HW_SPI.o)
                0x00003708                FS_MMC_HW_X_SetMaxSpeed
 .text.FS_MMC_HW_X_SetVoltage
                0x0000375c       0x3c .\CortexM3\ARM_GCC_493\Debug\SD_Card.a(emFile_MMC_HW_SPI.o)
                0x0000375c                FS_MMC_HW_X_SetVoltage
 .text.FS_MMC_HW_X_IsPresent
                0x00003798        0xc .\CortexM3\ARM_GCC_493\Debug\SD_Card.a(emFile_MMC_HW_SPI.o)
                0x00003798                FS_MMC_HW_X_IsPresent
 .text.FS_MMC_HW_X_Read
                0x000037a4       0x1c .\CortexM3\ARM_GCC_493\Debug\SD_Card.a(emFile_MMC_HW_SPI.o)
                0x000037a4                FS_MMC_HW_X_Read
 .text.FS_MMC_HW_X_Write
                0x000037c0       0x18 .\CortexM3\ARM_GCC_493\Debug\SD_Card.a(emFile_MMC_HW_SPI.o)
                0x000037c0                FS_MMC_HW_X_Write
 .text.emFile_SPI0_Enable
                0x000037d8       0x34 .\CortexM3\ARM_GCC_493\Debug\SD_Card.a(emFile_SPI0.o)
                0x000037d8                emFile_SPI0_Enable
 .text.emFile_SPI0_ReadTxStatus
                0x0000380c        0xc .\CortexM3\ARM_GCC_493\Debug\SD_Card.a(emFile_SPI0.o)
                0x0000380c                emFile_SPI0_ReadTxStatus
 .text.emFile_SPI0_ReadRxStatus
                0x00003818        0xc .\CortexM3\ARM_GCC_493\Debug\SD_Card.a(emFile_SPI0.o)
                0x00003818                emFile_SPI0_ReadRxStatus
 .text.emFile_SPI0_WriteTxData
                0x00003824       0x18 .\CortexM3\ARM_GCC_493\Debug\SD_Card.a(emFile_SPI0.o)
                0x00003824                emFile_SPI0_WriteTxData
 .text.emFile_SPI0_ReadRxData
                0x0000383c        0xc .\CortexM3\ARM_GCC_493\Debug\SD_Card.a(emFile_SPI0.o)
                0x0000383c                emFile_SPI0_ReadRxData
 .text.emFile_SPI0_ClearFIFO
                0x00003848       0x3c .\CortexM3\ARM_GCC_493\Debug\SD_Card.a(emFile_SPI0.o)
                0x00003848                emFile_SPI0_ClearFIFO
 .text.emFile_SPI0_Init
                0x00003884       0x2c .\CortexM3\ARM_GCC_493\Debug\SD_Card.a(emFile_SPI0.o)
                0x00003884                emFile_SPI0_Init
 .text.emFile_SPI0_Start
                0x000038b0       0x1c .\CortexM3\ARM_GCC_493\Debug\SD_Card.a(emFile_SPI0.o)
                0x000038b0                emFile_SPI0_Start
 .text.emFile_Clock_1_Start
                0x000038cc       0x1c .\CortexM3\ARM_GCC_493\Debug\SD_Card.a(emFile_Clock_1.o)
                0x000038cc                emFile_Clock_1_Start
 .text.emFile_Clock_1_Stop
                0x000038e8       0x1c .\CortexM3\ARM_GCC_493\Debug\SD_Card.a(emFile_Clock_1.o)
                0x000038e8                emFile_Clock_1_Stop
 .text.emFile_Clock_1_GetDividerRegister
                0x00003904        0xc .\CortexM3\ARM_GCC_493\Debug\SD_Card.a(emFile_Clock_1.o)
                0x00003904                emFile_Clock_1_GetDividerRegister
 .text.emFile_Clock_1_GetSourceRegister
                0x00003910       0x10 .\CortexM3\ARM_GCC_493\Debug\SD_Card.a(emFile_Clock_1.o)
                0x00003910                emFile_Clock_1_GetSourceRegister
 .text.emFile_Clock_1_SetDividerRegister
                0x00003920       0xd8 .\CortexM3\ARM_GCC_493\Debug\SD_Card.a(emFile_Clock_1.o)
                0x00003920                emFile_Clock_1_SetDividerRegister
 .text.emFile_SPI0_CS_Write
                0x000039f8       0x18 .\CortexM3\ARM_GCC_493\Debug\SD_Card.a(emFile_SPI0_CS.o)
                0x000039f8                emFile_SPI0_CS_Write
 .text.__errno  0x00003a10        0xc c:/program files (x86)/cypress/psoc creator/4.0/psoc creator/import/gnu/arm/4.9.3/bin/../lib/gcc/arm-none-eabi/4.9.3/../../../../arm-none-eabi/lib/armv7-m\libg_nano.a(lib_a-errno.o)
                0x00003a10                __errno
 .text.__libc_init_array
                0x00003a1c       0x4c c:/program files (x86)/cypress/psoc creator/4.0/psoc creator/import/gnu/arm/4.9.3/bin/../lib/gcc/arm-none-eabi/4.9.3/../../../../arm-none-eabi/lib/armv7-m\libg_nano.a(lib_a-init.o)
                0x00003a1c                __libc_init_array
 .text.memcpy   0x00003a68       0x16 c:/program files (x86)/cypress/psoc creator/4.0/psoc creator/import/gnu/arm/4.9.3/bin/../lib/gcc/arm-none-eabi/4.9.3/../../../../arm-none-eabi/lib/armv7-m\libg_nano.a(lib_a-memcpy.o)
                0x00003a68                memcpy
 .text.memset   0x00003a7e       0x10 c:/program files (x86)/cypress/psoc creator/4.0/psoc creator/import/gnu/arm/4.9.3/bin/../lib/gcc/arm-none-eabi/4.9.3/../../../../arm-none-eabi/lib/armv7-m\libg_nano.a(lib_a-memset.o)
                0x00003a7e                memset
 *(.plt)
 *(.gnu.warning)
 *(.glue_7t)
 .glue_7t       0x00000000        0x0 linker stubs
 *(.glue_7)
 .glue_7        0x00000000        0x0 linker stubs
 *(.vfp11_veneer)
 .vfp11_veneer  0x00000000        0x0 linker stubs
 *(.bootloader)
 *(.ARM.extab* .gnu.linkonce.armextab.*)
 *(.gcc_except_table)

.v4_bx          0x00003a90        0x0
 .v4_bx         0x00000000        0x0 linker stubs

.iplt           0x00003a90        0x0
 .iplt          0x00000000        0x0 c:/program files (x86)/cypress/psoc creator/4.0/psoc creator/import/gnu/arm/4.9.3/bin/../lib/gcc/arm-none-eabi/4.9.3/armv7-m/crtbegin.o

.eh_frame_hdr
 *(.eh_frame_hdr)

.eh_frame       0x00003a90        0x4
 *(.eh_frame)
 .eh_frame      0x00003a90        0x0 c:/program files (x86)/cypress/psoc creator/4.0/psoc creator/import/gnu/arm/4.9.3/bin/../lib/gcc/arm-none-eabi/4.9.3/armv7-m/crtbegin.o
 .eh_frame      0x00003a90        0x4 c:/program files (x86)/cypress/psoc creator/4.0/psoc creator/import/gnu/arm/4.9.3/bin/../lib/gcc/arm-none-eabi/4.9.3/armv7-m/crtend.o
                0x00003a94                PROVIDE (__exidx_start, .)

.ARM.exidx
 *(.ARM.exidx* .gnu.linkonce.armexidx.*)
                0x00003a94                __exidx_end = .

.rodata         0x00003a94      0x30c
 *(.rodata .rodata.* .gnu.linkonce.r.*)
 .rodata.str1.4
                0x00003a94        0x6 .\CortexM3\ARM_GCC_493\Debug\main.o
                                  0x8 (size before relaxing)
 *fill*         0x00003a9a        0x2 
 .rodata.str1.4
                0x00003a9c       0x24 .\CortexM3\ARM_GCC_493\Debug\functions.o
 .rodata        0x00003ac0       0x38 .\CortexM3\ARM_GCC_493\Debug\SD_Card.a(cyfitter_cfg.o)
 .rodata        0x00003af8       0x98 ..\emFile_V322c\emFile_V322c\LinkLibrary\PSoC5\GCC\libemf32nosnlfn.a(FAT_FormatSD.o)
 .rodata        0x00003b90       0x10 ..\emFile_V322c\emFile_V322c\LinkLibrary\PSoC5\GCC\libemf32nosnlfn.a(FAT_Misc.o)
                0x00003b90                FAT_SFN_API
 .rodata.str1.1
                0x00003ba0        0x3 ..\emFile_V322c\emFile_V322c\LinkLibrary\PSoC5\GCC\libemf32nosnlfn.a(FAT_Open.o)
 *fill*         0x00003ba3        0x1 
 .rodata        0x00003ba4       0x78 ..\emFile_V322c\emFile_V322c\LinkLibrary\PSoC5\GCC\libemf32nosnlfn.a(FS_Misc.o)
 .rodata.str1.1
                0x00003c1c       0x30 ..\emFile_V322c\emFile_V322c\LinkLibrary\PSoC5\GCC\libemf32nosnlfn.a(FS_Misc.o)
 .rodata        0x00003c4c       0x8c ..\emFile_V322c\emFile_V322c\LinkLibrary\PSoC5\GCC\libemf32nosnlfn.a(FAT_Format.o)
                0x00003c64                _acVolumeLabel
 .rodata.str1.1
                0x00003cd8       0x24 ..\emFile_V322c\emFile_V322c\LinkLibrary\PSoC5\GCC\libemf32nosnlfn.a(FAT_Format.o)
 .rodata        0x00003cfc       0x68 ..\emFile_V322c\emFile_V322c\LinkLibrary\PSoC5\GCC\libemf32nosnlfn.a(MMC_Drv.o)
                0x00003d44                FS_MMC_SPI_Driver
 .rodata.str1.1
                0x00003d64        0x4 ..\emFile_V322c\emFile_V322c\LinkLibrary\PSoC5\GCC\libemf32nosnlfn.a(MMC_Drv.o)
 .rodata.str1.1
                0x00003d68        0x2 c:/program files (x86)/cypress/psoc creator/4.0/psoc creator/import/gnu/arm/4.9.3/bin/../lib/gcc/arm-none-eabi/4.9.3/../../../../arm-none-eabi/lib/armv7-m\libg_nano.a(lib_a-impure.o)
                0x00003d6c                . = ALIGN (0x4)
 *fill*         0x00003d6a        0x2 
 *(.init)
 .init          0x00003d6c        0x4 c:/program files (x86)/cypress/psoc creator/4.0/psoc creator/import/gnu/arm/4.9.3/bin/../lib/gcc/arm-none-eabi/4.9.3/armv7-m/crti.o
                0x00003d6c                _init
 .init          0x00003d70        0x8 c:/program files (x86)/cypress/psoc creator/4.0/psoc creator/import/gnu/arm/4.9.3/bin/../lib/gcc/arm-none-eabi/4.9.3/armv7-m/crtn.o
                0x00003d78                . = ALIGN (0x4)
                0x00003d78                __preinit_array_start = .
 *(.preinit_array)
                0x00003d78                __preinit_array_end = .
                0x00003d78                . = ALIGN (0x4)
                0x00003d78                __init_array_start = .
 *(SORT(.init_array.*))
 *(.init_array)
 .init_array    0x00003d78        0x4 c:/program files (x86)/cypress/psoc creator/4.0/psoc creator/import/gnu/arm/4.9.3/bin/../lib/gcc/arm-none-eabi/4.9.3/armv7-m/crtbegin.o
 .init_array    0x00003d7c        0x4 .\CortexM3\ARM_GCC_493\Debug\Cm3Start.o
                0x00003d80                __init_array_end = .
                0x00003d80                . = ALIGN (0x4)
 *(.fini)
 .fini          0x00003d80        0x4 c:/program files (x86)/cypress/psoc creator/4.0/psoc creator/import/gnu/arm/4.9.3/bin/../lib/gcc/arm-none-eabi/4.9.3/armv7-m/crti.o
                0x00003d80                _fini
 .fini          0x00003d84        0x8 c:/program files (x86)/cypress/psoc creator/4.0/psoc creator/import/gnu/arm/4.9.3/bin/../lib/gcc/arm-none-eabi/4.9.3/armv7-m/crtn.o
                0x00003d8c                . = ALIGN (0x4)
                0x00003d8c                __fini_array_start = .
 *(.fini_array)
 .fini_array    0x00003d8c        0x4 c:/program files (x86)/cypress/psoc creator/4.0/psoc creator/import/gnu/arm/4.9.3/bin/../lib/gcc/arm-none-eabi/4.9.3/armv7-m/crtbegin.o
 *(SORT(.fini_array.*))
                0x00003d90                __fini_array_end = .
                0x00003d90                . = ALIGN (0x4)
 *crtbegin.o(.ctors)
 *(EXCLUDE_FILE(*crtend.o) .ctors)
 *(SORT(.ctors.*))
 *crtend.o(.ctors)
                0x00003d90                . = ALIGN (0x4)
 *crtbegin.o(.dtors)
 *(EXCLUDE_FILE(*crtend.o) .dtors)
 *(SORT(.dtors.*))
 *crtend.o(.dtors)
                0x00003d90                . = ALIGN (0x4)
                0x00003d90                __cy_regions = .
                0x00003d90        0x4 LONG 0x3da0 __cy_region_init_ram
                0x00003d94        0x4 LONG 0x1fff8108 __cy_region_start_data
                0x00003d98        0x4 LONG 0x90 __cy_region_init_size_ram
                0x00003d9c        0x4 LONG 0x10d0 __cy_region_zero_size_ram
                0x00003da0                __cy_regions_end = .
                0x00003da0                . = ALIGN (0x8)
                0x00003da0                _etext = .

.cy_checksum_exclude
                0x00003da0        0x0
 *(.cy_checksum_exclude)

.ramvectors     0x1fff8000      0x100
                0x1fff8000                __cy_region_start_ram = .
 *(.ramvectors)
 .ramvectors    0x1fff8000      0x100 .\CortexM3\ARM_GCC_493\Debug\Cm3Start.o
                0x1fff8000                CyRamVectors

.noinit         0x1fff8100        0x5
 *(.noinit)
 .noinit        0x1fff8100        0x4 .\CortexM3\ARM_GCC_493\Debug\Cm3Start.o
 .noinit        0x1fff8104        0x1 .\CortexM3\ARM_GCC_493\Debug\SD_Card.a(CyLib.o)
                0x1fff8104                CyResetStatus

.data           0x1fff8108       0x90 load address 0x00003da0
                0x1fff8108                __cy_region_start_data = .
 *(.jcr)
 .jcr           0x1fff8108        0x0 c:/program files (x86)/cypress/psoc creator/4.0/psoc creator/import/gnu/arm/4.9.3/bin/../lib/gcc/arm-none-eabi/4.9.3/armv7-m/crtbegin.o
 .jcr           0x1fff8108        0x4 c:/program files (x86)/cypress/psoc creator/4.0/psoc creator/import/gnu/arm/4.9.3/bin/../lib/gcc/arm-none-eabi/4.9.3/armv7-m/crtend.o
 *(.got.plt)
 *(.got)
 *(.shdata)
 *(.data .data.* .gnu.linkonce.d.*)
 .data          0x1fff810c        0xc .\CortexM3\ARM_GCC_493\Debug\main.o
                0x1fff810c                sdFile
 .data          0x1fff8118       0x10 .\CortexM3\ARM_GCC_493\Debug\SD_Card.a(CyLib.o)
                0x1fff8118                cydelay_32k_ms
                0x1fff811c                cydelay_freq_khz
                0x1fff8120                cydelay_freq_mhz
                0x1fff8124                cydelay_freq_hz
 .data          0x1fff8128        0x4 ..\emFile_V322c\emFile_V322c\LinkLibrary\PSoC5\GCC\libemf32nosnlfn.a(FAT_Misc.o)
                0x1fff8128                FAT_pDirEntryAPI
 .data          0x1fff812c        0x4 ..\emFile_V322c\emFile_V322c\LinkLibrary\PSoC5\GCC\libemf32nosnlfn.a(MMC_Drv.o)
 .data.impure_data
                0x1fff8130       0x60 c:/program files (x86)/cypress/psoc creator/4.0/psoc creator/import/gnu/arm/4.9.3/bin/../lib/gcc/arm-none-eabi/4.9.3/../../../../arm-none-eabi/lib/armv7-m\libg_nano.a(lib_a-impure.o)
 .data._impure_ptr
                0x1fff8190        0x4 c:/program files (x86)/cypress/psoc creator/4.0/psoc creator/import/gnu/arm/4.9.3/bin/../lib/gcc/arm-none-eabi/4.9.3/../../../../arm-none-eabi/lib/armv7-m\libg_nano.a(lib_a-impure.o)
                0x1fff8190                _impure_ptr
                0x1fff8198                . = ALIGN (0x8)
 *fill*         0x1fff8194        0x4 
 *(.ram)
                0x1fff8198                _edata = .

.igot.plt       0x1fff8198        0x0 load address 0x00003e30
 .igot.plt      0x00000000        0x0 c:/program files (x86)/cypress/psoc creator/4.0/psoc creator/import/gnu/arm/4.9.3/bin/../lib/gcc/arm-none-eabi/4.9.3/armv7-m/crtbegin.o

.bss            0x1fff8198     0x10d0 load address 0x00003e30
                0x1fff8198                PROVIDE (__bss_start__, .)
 *(.shbss)
 *(.bss .bss.* .gnu.linkonce.b.*)
 .bss           0x1fff8198       0x1c c:/program files (x86)/cypress/psoc creator/4.0/psoc creator/import/gnu/arm/4.9.3/bin/../lib/gcc/arm-none-eabi/4.9.3/armv7-m/crtbegin.o
 .bss           0x1fff81b4        0x4 .\CortexM3\ARM_GCC_493\Debug\main.o
                0x1fff81b4                flag
 .bss           0x1fff81b8        0x1 .\CortexM3\ARM_GCC_493\Debug\SD_Card.a(Timer_1.o)
                0x1fff81b8                Timer_1_initVar
 *fill*         0x1fff81b9        0x3 
 .bss           0x1fff81bc        0xc ..\emFile_V322c\emFile_V322c\LinkLibrary\PSoC5\GCC\libemf32nosnlfn.a(FS_Core.o)
 .bss           0x1fff81c8     0x1000 .\CortexM3\ARM_GCC_493\Debug\SD_Card.a(emFile_ConfigMMC_SPI.o)
 .bss           0x1fff91c8       0x14 ..\emFile_V322c\emFile_V322c\LinkLibrary\PSoC5\GCC\libemf32nosnlfn.a(MMC_Drv.o)
 .bss           0x1fff91dc        0x1 .\CortexM3\ARM_GCC_493\Debug\SD_Card.a(emFile_MMC_HW_SPI.o)
 .bss           0x1fff91dd        0x1 .\CortexM3\ARM_GCC_493\Debug\SD_Card.a(emFile_SPI0.o)
                0x1fff91dd                emFile_SPI0_initVar
 *(COMMON)
 *fill*         0x1fff91de        0x2 
 COMMON         0x1fff91e0       0x88 ..\emFile_V322c\emFile_V322c\LinkLibrary\PSoC5\GCC\libemf32nosnlfn.a(FS_Core.o)
                0x1fff91e0                FS_Global
                0x1fff9264                FS_NumBytesAllocated
                0x1fff9268                . = ALIGN (0x8)
 *(.ram.b)
                0x1fff9268                _end = .
                0x1fff9268                __end = .
                0x1fff9268                PROVIDE (end, .)
                0x1fff9268                PROVIDE (__bss_end__, .)
                0x00003da0                __cy_region_init_ram = LOADADDR (.data)
                0x00000090                __cy_region_init_size_ram = (_edata - ADDR (.data))
                0x000010d0                __cy_region_zero_size_ram = (_end - _edata)

.heap           0x1fff9268       0x80 load address 0x00003e30
                0x1fff9268                . = _end
                0x1fff92e8                . = (. + 0x80)
 *fill*         0x1fff9268       0x80 
                0x1fff92e8                __cy_heap_limit = .

.stack          0x20007800      0x800
                0x20007800                __cy_stack_limit = .
                0x20008000                . = (. + 0x800)
 *fill*         0x20007800      0x800 
                0x00000001                ASSERT ((__cy_stack_limit >= __cy_heap_limit), region RAM overflowed with stack)
                0x00000000                cy_checksum_exclude_size = (CY_APPL_LOADABLE == 0x1)?SIZEOF (.cy_checksum_exclude):0x0
                0x00000001                ASSERT ((cy_checksum_exclude_size <= CY_CHECKSUM_EXCLUDE_SIZE), CY_BOOT: Section .cy_checksum_exclude size exceedes specified limit.)

.cyloadermeta
 *(.cyloadermeta)

.cyloadablemeta
 *(.cyloadablemeta)

.cyconfigecc    0x80000000      0x488
 *(.cyconfigecc)
 .cyconfigecc   0x80000000      0x488 .\CortexM3\ARM_GCC_493\Debug\cymetadata.o
                0x80000000                cy_meta_configecc

.cycustnvl      0x90000000        0x4
 *(.cycustnvl)
 .cycustnvl     0x90000000        0x4 .\CortexM3\ARM_GCC_493\Debug\cymetadata.o
                0x90000000                cy_meta_custnvl

.cywolatch      0x90100000        0x4
 *(.cywolatch)
 .cywolatch     0x90100000        0x4 .\CortexM3\ARM_GCC_493\Debug\cymetadata.o
                0x90100000                cy_meta_wonvl

.cyeeprom       0x90200000        0x0
 *(.cyeeprom)
                0x00000001                ASSERT ((. <= ((0x90200000 + ee_offset) + ee_size)), .cyeeprom data will not fit in EEPROM)

.cyflashprotect
                0x90400000      0x100
 *(.cyflashprotect)
 .cyflashprotect
                0x90400000      0x100 .\CortexM3\ARM_GCC_493\Debug\cymetadata.o
                0x90400000                cy_meta_flashprotect

.cymeta         0x90500000        0xc
 *(.cymeta)
 .cymeta        0x90500000        0xc .\CortexM3\ARM_GCC_493\Debug\cymetadata.o
                0x90500000                cy_metadata

.rel.dyn        0x00003e30        0x0 load address 0x9050000c
 .rel.iplt      0x00000000        0x0 c:/program files (x86)/cypress/psoc creator/4.0/psoc creator/import/gnu/arm/4.9.3/bin/../lib/gcc/arm-none-eabi/4.9.3/armv7-m/crtbegin.o

.stab
 *(.stab)

.stabstr
 *(.stabstr)

.debug
 *(.debug)

.line
 *(.line)

.debug_srcinfo
 *(.debug_srcinfo)

.debug_sfnames
 *(.debug_sfnames)

.debug_aranges  0x00000000      0x918
 *(.debug_aranges)
 .debug_aranges
                0x00000000       0x28 .\CortexM3\ARM_GCC_493\Debug\main.o
 .debug_aranges
                0x00000028       0x20 .\CortexM3\ARM_GCC_493\Debug\functions.o
 .debug_aranges
                0x00000048       0x18 .\CortexM3\ARM_GCC_493\Debug\cymetadata.o
 .debug_aranges
                0x00000060       0x48 .\CortexM3\ARM_GCC_493\Debug\Cm3Start.o
 .debug_aranges
                0x000000a8       0x58 .\CortexM3\ARM_GCC_493\Debug\SD_Card.a(cyfitter_cfg.o)
 .debug_aranges
                0x00000100       0x80 .\CortexM3\ARM_GCC_493\Debug\SD_Card.a(write_to.o)
 .debug_aranges
                0x00000180       0x90 .\CortexM3\ARM_GCC_493\Debug\SD_Card.a(Timer_1.o)
 .debug_aranges
                0x00000210      0x2a0 .\CortexM3\ARM_GCC_493\Debug\SD_Card.a(CyLib.o)
 .debug_aranges
                0x000004b0       0x98 .\CortexM3\ARM_GCC_493\Debug\SD_Card.a(cyPm.o)
 .debug_aranges
                0x00000548       0x38 .\CortexM3\ARM_GCC_493\Debug\SD_Card.a(LED4.o)
 .debug_aranges
                0x00000580       0x38 .\CortexM3\ARM_GCC_493\Debug\SD_Card.a(LED6.o)
 .debug_aranges
                0x000005b8       0x38 .\CortexM3\ARM_GCC_493\Debug\SD_Card.a(LED7.o)
 .debug_aranges
                0x000005f0       0x20 .\CortexM3\ARM_GCC_493\Debug\SD_Card.a(CyBootAsmGnu.o)
 .debug_aranges
                0x00000610       0x80 .\CortexM3\ARM_GCC_493\Debug\SD_Card.a(CyFlash.o)
 .debug_aranges
                0x00000690       0x78 .\CortexM3\ARM_GCC_493\Debug\SD_Card.a(CySpc.o)
 .debug_aranges
                0x00000708       0x28 .\CortexM3\ARM_GCC_493\Debug\SD_Card.a(emFile_ConfigMMC_SPI.o)
 .debug_aranges
                0x00000730       0x68 .\CortexM3\ARM_GCC_493\Debug\SD_Card.a(emFile_MMC_HW_SPI.o)
 .debug_aranges
                0x00000798       0xd8 .\CortexM3\ARM_GCC_493\Debug\SD_Card.a(emFile_SPI0.o)
 .debug_aranges
                0x00000870       0x70 .\CortexM3\ARM_GCC_493\Debug\SD_Card.a(emFile_Clock_1.o)
 .debug_aranges
                0x000008e0       0x38 .\CortexM3\ARM_GCC_493\Debug\SD_Card.a(emFile_SPI0_CS.o)

.debug_pubnames
 *(.debug_pubnames)

.debug_info     0x00000000     0x5269
 *(.debug_info .gnu.linkonce.wi.*)
 .debug_info    0x00000000      0x26c .\CortexM3\ARM_GCC_493\Debug\main.o
 .debug_info    0x0000026c      0x396 .\CortexM3\ARM_GCC_493\Debug\functions.o
 .debug_info    0x00000602      0x13c .\CortexM3\ARM_GCC_493\Debug\cymetadata.o
 .debug_info    0x0000073e      0x3b3 .\CortexM3\ARM_GCC_493\Debug\Cm3Start.o
 .debug_info    0x00000af1      0x4d3 .\CortexM3\ARM_GCC_493\Debug\SD_Card.a(cyfitter_cfg.o)
 .debug_info    0x00000fc4      0x2cb .\CortexM3\ARM_GCC_493\Debug\SD_Card.a(write_to.o)
 .debug_info    0x0000128f      0x2e9 .\CortexM3\ARM_GCC_493\Debug\SD_Card.a(Timer_1.o)
 .debug_info    0x00001578     0x1385 .\CortexM3\ARM_GCC_493\Debug\SD_Card.a(CyLib.o)
 .debug_info    0x000028fd      0xa57 .\CortexM3\ARM_GCC_493\Debug\SD_Card.a(cyPm.o)
 .debug_info    0x00003354      0x11f .\CortexM3\ARM_GCC_493\Debug\SD_Card.a(LED4.o)
 .debug_info    0x00003473      0x11f .\CortexM3\ARM_GCC_493\Debug\SD_Card.a(LED6.o)
 .debug_info    0x00003592      0x121 .\CortexM3\ARM_GCC_493\Debug\SD_Card.a(LED7.o)
 .debug_info    0x000036b3       0x90 .\CortexM3\ARM_GCC_493\Debug\SD_Card.a(CyBootAsmGnu.o)
 .debug_info    0x00003743      0x608 .\CortexM3\ARM_GCC_493\Debug\SD_Card.a(CyFlash.o)
 .debug_info    0x00003d4b      0x4ea .\CortexM3\ARM_GCC_493\Debug\SD_Card.a(CySpc.o)
 .debug_info    0x00004235      0x2f1 .\CortexM3\ARM_GCC_493\Debug\SD_Card.a(emFile_ConfigMMC_SPI.o)
 .debug_info    0x00004526      0x513 .\CortexM3\ARM_GCC_493\Debug\SD_Card.a(emFile_MMC_HW_SPI.o)
 .debug_info    0x00004a39      0x48e .\CortexM3\ARM_GCC_493\Debug\SD_Card.a(emFile_SPI0.o)
 .debug_info    0x00004ec7      0x283 .\CortexM3\ARM_GCC_493\Debug\SD_Card.a(emFile_Clock_1.o)
 .debug_info    0x0000514a      0x11f .\CortexM3\ARM_GCC_493\Debug\SD_Card.a(emFile_SPI0_CS.o)

.debug_abbrev   0x00000000     0x1a1b
 *(.debug_abbrev)
 .debug_abbrev  0x00000000      0x16f .\CortexM3\ARM_GCC_493\Debug\main.o
 .debug_abbrev  0x0000016f      0x125 .\CortexM3\ARM_GCC_493\Debug\functions.o
 .debug_abbrev  0x00000294       0x77 .\CortexM3\ARM_GCC_493\Debug\cymetadata.o
 .debug_abbrev  0x0000030b      0x1f7 .\CortexM3\ARM_GCC_493\Debug\Cm3Start.o
 .debug_abbrev  0x00000502      0x203 .\CortexM3\ARM_GCC_493\Debug\SD_Card.a(cyfitter_cfg.o)
 .debug_abbrev  0x00000705      0x173 .\CortexM3\ARM_GCC_493\Debug\SD_Card.a(write_to.o)
 .debug_abbrev  0x00000878      0x145 .\CortexM3\ARM_GCC_493\Debug\SD_Card.a(Timer_1.o)
 .debug_abbrev  0x000009bd      0x296 .\CortexM3\ARM_GCC_493\Debug\SD_Card.a(CyLib.o)
 .debug_abbrev  0x00000c53      0x1ed .\CortexM3\ARM_GCC_493\Debug\SD_Card.a(cyPm.o)
 .debug_abbrev  0x00000e40       0x90 .\CortexM3\ARM_GCC_493\Debug\SD_Card.a(LED4.o)
 .debug_abbrev  0x00000ed0       0x90 .\CortexM3\ARM_GCC_493\Debug\SD_Card.a(LED6.o)
 .debug_abbrev  0x00000f60       0x90 .\CortexM3\ARM_GCC_493\Debug\SD_Card.a(LED7.o)
 .debug_abbrev  0x00000ff0       0x14 .\CortexM3\ARM_GCC_493\Debug\SD_Card.a(CyBootAsmGnu.o)
 .debug_abbrev  0x00001004      0x1ed .\CortexM3\ARM_GCC_493\Debug\SD_Card.a(CyFlash.o)
 .debug_abbrev  0x000011f1      0x1c1 .\CortexM3\ARM_GCC_493\Debug\SD_Card.a(CySpc.o)
 .debug_abbrev  0x000013b2      0x176 .\CortexM3\ARM_GCC_493\Debug\SD_Card.a(emFile_ConfigMMC_SPI.o)
 .debug_abbrev  0x00001528      0x1ca .\CortexM3\ARM_GCC_493\Debug\SD_Card.a(emFile_MMC_HW_SPI.o)
 .debug_abbrev  0x000016f2      0x160 .\CortexM3\ARM_GCC_493\Debug\SD_Card.a(emFile_SPI0.o)
 .debug_abbrev  0x00001852      0x139 .\CortexM3\ARM_GCC_493\Debug\SD_Card.a(emFile_Clock_1.o)
 .debug_abbrev  0x0000198b       0x90 .\CortexM3\ARM_GCC_493\Debug\SD_Card.a(emFile_SPI0_CS.o)

.debug_line     0x00000000     0x2488
 *(.debug_line)
 .debug_line    0x00000000      0x1f4 .\CortexM3\ARM_GCC_493\Debug\main.o
 .debug_line    0x000001f4      0x1fc .\CortexM3\ARM_GCC_493\Debug\functions.o
 .debug_line    0x000003f0       0x51 .\CortexM3\ARM_GCC_493\Debug\cymetadata.o
 .debug_line    0x00000441      0x24f .\CortexM3\ARM_GCC_493\Debug\Cm3Start.o
 .debug_line    0x00000690      0x1db .\CortexM3\ARM_GCC_493\Debug\SD_Card.a(cyfitter_cfg.o)
 .debug_line    0x0000086b      0x135 .\CortexM3\ARM_GCC_493\Debug\SD_Card.a(write_to.o)
 .debug_line    0x000009a0      0x172 .\CortexM3\ARM_GCC_493\Debug\SD_Card.a(Timer_1.o)
 .debug_line    0x00000b12      0x816 .\CortexM3\ARM_GCC_493\Debug\SD_Card.a(CyLib.o)
 .debug_line    0x00001328      0x364 .\CortexM3\ARM_GCC_493\Debug\SD_Card.a(cyPm.o)
 .debug_line    0x0000168c       0x91 .\CortexM3\ARM_GCC_493\Debug\SD_Card.a(LED4.o)
 .debug_line    0x0000171d       0x91 .\CortexM3\ARM_GCC_493\Debug\SD_Card.a(LED6.o)
 .debug_line    0x000017ae       0x91 .\CortexM3\ARM_GCC_493\Debug\SD_Card.a(LED7.o)
 .debug_line    0x0000183f       0x66 .\CortexM3\ARM_GCC_493\Debug\SD_Card.a(CyBootAsmGnu.o)
 .debug_line    0x000018a5      0x1ea .\CortexM3\ARM_GCC_493\Debug\SD_Card.a(CyFlash.o)
 .debug_line    0x00001a8f      0x23c .\CortexM3\ARM_GCC_493\Debug\SD_Card.a(CySpc.o)
 .debug_line    0x00001ccb       0xbb .\CortexM3\ARM_GCC_493\Debug\SD_Card.a(emFile_ConfigMMC_SPI.o)
 .debug_line    0x00001d86      0x2b5 .\CortexM3\ARM_GCC_493\Debug\SD_Card.a(emFile_MMC_HW_SPI.o)
 .debug_line    0x0000203b      0x235 .\CortexM3\ARM_GCC_493\Debug\SD_Card.a(emFile_SPI0.o)
 .debug_line    0x00002270      0x17d .\CortexM3\ARM_GCC_493\Debug\SD_Card.a(emFile_Clock_1.o)
 .debug_line    0x000023ed       0x9b .\CortexM3\ARM_GCC_493\Debug\SD_Card.a(emFile_SPI0_CS.o)

.debug_frame    0x00000000     0x16a0
 *(.debug_frame)
 .debug_frame   0x00000000       0x3c .\CortexM3\ARM_GCC_493\Debug\main.o
 .debug_frame   0x0000003c       0x30 .\CortexM3\ARM_GCC_493\Debug\functions.o
 .debug_frame   0x0000006c       0xb8 .\CortexM3\ARM_GCC_493\Debug\Cm3Start.o
 .debug_frame   0x00000124       0xe4 .\CortexM3\ARM_GCC_493\Debug\SD_Card.a(cyfitter_cfg.o)
 .debug_frame   0x00000208      0x104 .\CortexM3\ARM_GCC_493\Debug\SD_Card.a(write_to.o)
 .debug_frame   0x0000030c      0x124 .\CortexM3\ARM_GCC_493\Debug\SD_Card.a(Timer_1.o)
 .debug_frame   0x00000430      0x738 .\CortexM3\ARM_GCC_493\Debug\SD_Card.a(CyLib.o)
 .debug_frame   0x00000b68      0x1f8 .\CortexM3\ARM_GCC_493\Debug\SD_Card.a(cyPm.o)
 .debug_frame   0x00000d60       0x50 .\CortexM3\ARM_GCC_493\Debug\SD_Card.a(LED4.o)
 .debug_frame   0x00000db0       0x50 .\CortexM3\ARM_GCC_493\Debug\SD_Card.a(LED6.o)
 .debug_frame   0x00000e00       0x50 .\CortexM3\ARM_GCC_493\Debug\SD_Card.a(LED7.o)
 .debug_frame   0x00000e50      0x174 .\CortexM3\ARM_GCC_493\Debug\SD_Card.a(CyFlash.o)
 .debug_frame   0x00000fc4      0x160 .\CortexM3\ARM_GCC_493\Debug\SD_Card.a(CySpc.o)
 .debug_frame   0x00001124       0x3c .\CortexM3\ARM_GCC_493\Debug\SD_Card.a(emFile_ConfigMMC_SPI.o)
 .debug_frame   0x00001160      0x124 .\CortexM3\ARM_GCC_493\Debug\SD_Card.a(emFile_MMC_HW_SPI.o)
 .debug_frame   0x00001284      0x1e8 .\CortexM3\ARM_GCC_493\Debug\SD_Card.a(emFile_SPI0.o)
 .debug_frame   0x0000146c       0xe0 .\CortexM3\ARM_GCC_493\Debug\SD_Card.a(emFile_Clock_1.o)
 .debug_frame   0x0000154c       0x50 .\CortexM3\ARM_GCC_493\Debug\SD_Card.a(emFile_SPI0_CS.o)
 .debug_frame   0x0000159c       0x20 c:/program files (x86)/cypress/psoc creator/4.0/psoc creator/import/gnu/arm/4.9.3/bin/../lib/gcc/arm-none-eabi/4.9.3/../../../../arm-none-eabi/lib/armv7-m\libg_nano.a(lib_a-errno.o)
 .debug_frame   0x000015bc       0x28 c:/program files (x86)/cypress/psoc creator/4.0/psoc creator/import/gnu/arm/4.9.3/bin/../lib/gcc/arm-none-eabi/4.9.3/../../../../arm-none-eabi/lib/armv7-m\libg_nano.a(lib_a-exit.o)
 .debug_frame   0x000015e4       0x2c c:/program files (x86)/cypress/psoc creator/4.0/psoc creator/import/gnu/arm/4.9.3/bin/../lib/gcc/arm-none-eabi/4.9.3/../../../../arm-none-eabi/lib/armv7-m\libg_nano.a(lib_a-init.o)
 .debug_frame   0x00001610       0x28 c:/program files (x86)/cypress/psoc creator/4.0/psoc creator/import/gnu/arm/4.9.3/bin/../lib/gcc/arm-none-eabi/4.9.3/../../../../arm-none-eabi/lib/armv7-m\libg_nano.a(lib_a-memcmp.o)
 .debug_frame   0x00001638       0x28 c:/program files (x86)/cypress/psoc creator/4.0/psoc creator/import/gnu/arm/4.9.3/bin/../lib/gcc/arm-none-eabi/4.9.3/../../../../arm-none-eabi/lib/armv7-m\libg_nano.a(lib_a-memcpy.o)
 .debug_frame   0x00001660       0x20 c:/program files (x86)/cypress/psoc creator/4.0/psoc creator/import/gnu/arm/4.9.3/bin/../lib/gcc/arm-none-eabi/4.9.3/../../../../arm-none-eabi/lib/armv7-m\libg_nano.a(lib_a-memset.o)
 .debug_frame   0x00001680       0x20 c:/program files (x86)/cypress/psoc creator/4.0/psoc creator/import/gnu/arm/4.9.3/bin/../lib/gcc/arm-none-eabi/4.9.3/../../../../arm-none-eabi/lib/armv7-m\libg_nano.a(lib_a-strlen.o)

.debug_str      0x00000000     0x1e51
 *(.debug_str)
 .debug_str     0x00000000      0x1e5 .\CortexM3\ARM_GCC_493\Debug\main.o
                                0x226 (size before relaxing)
 .debug_str     0x000001e5       0x7a .\CortexM3\ARM_GCC_493\Debug\functions.o
                                0x241 (size before relaxing)
 .debug_str     0x0000025f       0x75 .\CortexM3\ARM_GCC_493\Debug\cymetadata.o
                                0x1ea (size before relaxing)
 .debug_str     0x000002d4      0x151 .\CortexM3\ARM_GCC_493\Debug\Cm3Start.o
                                0x2fe (size before relaxing)
 .debug_str     0x00000425      0x15b .\CortexM3\ARM_GCC_493\Debug\SD_Card.a(cyfitter_cfg.o)
                                0x303 (size before relaxing)
 .debug_str     0x00000580      0x117 .\CortexM3\ARM_GCC_493\Debug\SD_Card.a(write_to.o)
                                0x2c4 (size before relaxing)
 .debug_str     0x00000697      0x1be .\CortexM3\ARM_GCC_493\Debug\SD_Card.a(Timer_1.o)
                                0x353 (size before relaxing)
 .debug_str     0x00000855      0x7f8 .\CortexM3\ARM_GCC_493\Debug\SD_Card.a(CyLib.o)
                                0xa3b (size before relaxing)
 .debug_str     0x0000104d      0x359 .\CortexM3\ARM_GCC_493\Debug\SD_Card.a(cyPm.o)
                                0x71b (size before relaxing)
 .debug_str     0x000013a6       0x56 .\CortexM3\ARM_GCC_493\Debug\SD_Card.a(LED4.o)
                                0x1dd (size before relaxing)
 .debug_str     0x000013fc       0x4b .\CortexM3\ARM_GCC_493\Debug\SD_Card.a(LED6.o)
                                0x1dd (size before relaxing)
 .debug_str     0x00001447       0x4b .\CortexM3\ARM_GCC_493\Debug\SD_Card.a(LED7.o)
                                0x1dd (size before relaxing)
 .debug_str     0x00001492      0x19c .\CortexM3\ARM_GCC_493\Debug\SD_Card.a(CyFlash.o)
                                0x395 (size before relaxing)
 .debug_str     0x0000162e       0xac .\CortexM3\ARM_GCC_493\Debug\SD_Card.a(CySpc.o)
                                0x31e (size before relaxing)
 .debug_str     0x000016da      0x106 .\CortexM3\ARM_GCC_493\Debug\SD_Card.a(emFile_ConfigMMC_SPI.o)
                                0x275 (size before relaxing)
 .debug_str     0x000017e0      0x20d .\CortexM3\ARM_GCC_493\Debug\SD_Card.a(emFile_MMC_HW_SPI.o)
                                0x3b2 (size before relaxing)
 .debug_str     0x000019ed      0x286 .\CortexM3\ARM_GCC_493\Debug\SD_Card.a(emFile_SPI0.o)
                                0x49d (size before relaxing)
 .debug_str     0x00001c73      0x16b .\CortexM3\ARM_GCC_493\Debug\SD_Card.a(emFile_Clock_1.o)
                                0x342 (size before relaxing)
 .debug_str     0x00001dde       0x73 .\CortexM3\ARM_GCC_493\Debug\SD_Card.a(emFile_SPI0_CS.o)
                                0x20f (size before relaxing)

.debug_loc      0x00000000     0x207f
 *(.debug_loc)
 .debug_loc     0x00000000       0xe5 .\CortexM3\ARM_GCC_493\Debug\functions.o
 .debug_loc     0x000000e5      0x144 .\CortexM3\ARM_GCC_493\Debug\Cm3Start.o
 .debug_loc     0x00000229      0x1d7 .\CortexM3\ARM_GCC_493\Debug\SD_Card.a(cyfitter_cfg.o)
 .debug_loc     0x00000400       0x56 .\CortexM3\ARM_GCC_493\Debug\SD_Card.a(write_to.o)
 .debug_loc     0x00000456       0x13 .\CortexM3\ARM_GCC_493\Debug\SD_Card.a(Timer_1.o)
 .debug_loc     0x00000469      0xa11 .\CortexM3\ARM_GCC_493\Debug\SD_Card.a(CyLib.o)
 .debug_loc     0x00000e7a      0x1e4 .\CortexM3\ARM_GCC_493\Debug\SD_Card.a(cyPm.o)
 .debug_loc     0x0000105e       0x42 .\CortexM3\ARM_GCC_493\Debug\SD_Card.a(LED4.o)
 .debug_loc     0x000010a0       0x42 .\CortexM3\ARM_GCC_493\Debug\SD_Card.a(LED6.o)
 .debug_loc     0x000010e2       0x55 .\CortexM3\ARM_GCC_493\Debug\SD_Card.a(LED7.o)
 .debug_loc     0x00001137      0x300 .\CortexM3\ARM_GCC_493\Debug\SD_Card.a(CyFlash.o)
 .debug_loc     0x00001437      0x64d .\CortexM3\ARM_GCC_493\Debug\SD_Card.a(CySpc.o)
 .debug_loc     0x00001a84      0x38f .\CortexM3\ARM_GCC_493\Debug\SD_Card.a(emFile_MMC_HW_SPI.o)
 .debug_loc     0x00001e13       0xfe .\CortexM3\ARM_GCC_493\Debug\SD_Card.a(emFile_SPI0.o)
 .debug_loc     0x00001f11      0x12c .\CortexM3\ARM_GCC_493\Debug\SD_Card.a(emFile_Clock_1.o)
 .debug_loc     0x0000203d       0x42 .\CortexM3\ARM_GCC_493\Debug\SD_Card.a(emFile_SPI0_CS.o)

.debug_macinfo
 *(.debug_macinfo)

.debug_ranges   0x00000000      0x7c0
 *(.debug_ranges)
 .debug_ranges  0x00000000       0x18 .\CortexM3\ARM_GCC_493\Debug\main.o
 .debug_ranges  0x00000018       0x10 .\CortexM3\ARM_GCC_493\Debug\functions.o
 .debug_ranges  0x00000028       0x38 .\CortexM3\ARM_GCC_493\Debug\Cm3Start.o
 .debug_ranges  0x00000060       0x48 .\CortexM3\ARM_GCC_493\Debug\SD_Card.a(cyfitter_cfg.o)
 .debug_ranges  0x000000a8       0x70 .\CortexM3\ARM_GCC_493\Debug\SD_Card.a(write_to.o)
 .debug_ranges  0x00000118       0x80 .\CortexM3\ARM_GCC_493\Debug\SD_Card.a(Timer_1.o)
 .debug_ranges  0x00000198      0x290 .\CortexM3\ARM_GCC_493\Debug\SD_Card.a(CyLib.o)
 .debug_ranges  0x00000428       0x88 .\CortexM3\ARM_GCC_493\Debug\SD_Card.a(cyPm.o)
 .debug_ranges  0x000004b0       0x28 .\CortexM3\ARM_GCC_493\Debug\SD_Card.a(LED4.o)
 .debug_ranges  0x000004d8       0x28 .\CortexM3\ARM_GCC_493\Debug\SD_Card.a(LED6.o)
 .debug_ranges  0x00000500       0x28 .\CortexM3\ARM_GCC_493\Debug\SD_Card.a(LED7.o)
 .debug_ranges  0x00000528       0x70 .\CortexM3\ARM_GCC_493\Debug\SD_Card.a(CyFlash.o)
 .debug_ranges  0x00000598       0x68 .\CortexM3\ARM_GCC_493\Debug\SD_Card.a(CySpc.o)
 .debug_ranges  0x00000600       0x18 .\CortexM3\ARM_GCC_493\Debug\SD_Card.a(emFile_ConfigMMC_SPI.o)
 .debug_ranges  0x00000618       0x58 .\CortexM3\ARM_GCC_493\Debug\SD_Card.a(emFile_MMC_HW_SPI.o)
 .debug_ranges  0x00000670       0xc8 .\CortexM3\ARM_GCC_493\Debug\SD_Card.a(emFile_SPI0.o)
 .debug_ranges  0x00000738       0x60 .\CortexM3\ARM_GCC_493\Debug\SD_Card.a(emFile_Clock_1.o)
 .debug_ranges  0x00000798       0x28 .\CortexM3\ARM_GCC_493\Debug\SD_Card.a(emFile_SPI0_CS.o)

.comment        0x00000000      0x422
 .comment       0x00000000       0x70 .\CortexM3\ARM_GCC_493\Debug\main.o
                                 0x71 (size before relaxing)
 .comment       0x00000000       0x71 .\CortexM3\ARM_GCC_493\Debug\functions.o
 .comment       0x00000000       0x71 .\CortexM3\ARM_GCC_493\Debug\cymetadata.o
 .comment       0x00000000       0x71 .\CortexM3\ARM_GCC_493\Debug\Cm3Start.o
 .comment       0x00000000       0x71 .\CortexM3\ARM_GCC_493\Debug\SD_Card.a(cyfitter_cfg.o)
 .comment       0x00000000       0x71 .\CortexM3\ARM_GCC_493\Debug\SD_Card.a(write_to.o)
 .comment       0x00000000       0x71 .\CortexM3\ARM_GCC_493\Debug\SD_Card.a(Timer_1.o)
 .comment       0x00000000       0x71 .\CortexM3\ARM_GCC_493\Debug\SD_Card.a(CyLib.o)
 .comment       0x00000000       0x71 .\CortexM3\ARM_GCC_493\Debug\SD_Card.a(cyPm.o)
 .comment       0x00000000       0x71 .\CortexM3\ARM_GCC_493\Debug\SD_Card.a(LED4.o)
 .comment       0x00000000       0x71 .\CortexM3\ARM_GCC_493\Debug\SD_Card.a(LED6.o)
 .comment       0x00000000       0x71 .\CortexM3\ARM_GCC_493\Debug\SD_Card.a(LED7.o)
 .comment       0x00000000       0x71 .\CortexM3\ARM_GCC_493\Debug\SD_Card.a(CyFlash.o)
 .comment       0x00000000       0x71 .\CortexM3\ARM_GCC_493\Debug\SD_Card.a(CySpc.o)
 .comment       0x00000070       0x2b ..\emFile_V322c\emFile_V322c\LinkLibrary\PSoC5\GCC\libemf32nosnlfn.a(FAT_FormatSD.o)
 .comment       0x0000009b       0x2b ..\emFile_V322c\emFile_V322c\LinkLibrary\PSoC5\GCC\libemf32nosnlfn.a(FAT_Misc.o)
 .comment       0x000000c6       0x2b ..\emFile_V322c\emFile_V322c\LinkLibrary\PSoC5\GCC\libemf32nosnlfn.a(FAT_Open.o)
 .comment       0x000000f1       0x2b ..\emFile_V322c\emFile_V322c\LinkLibrary\PSoC5\GCC\libemf32nosnlfn.a(FAT_Write.o)
 .comment       0x0000011c       0x2b ..\emFile_V322c\emFile_V322c\LinkLibrary\PSoC5\GCC\libemf32nosnlfn.a(FS_CLib.o)
 .comment       0x00000147       0x2b ..\emFile_V322c\emFile_V322c\LinkLibrary\PSoC5\GCC\libemf32nosnlfn.a(FS_Core.o)
 .comment       0x00000172       0x2b ..\emFile_V322c\emFile_V322c\LinkLibrary\PSoC5\GCC\libemf32nosnlfn.a(FS_LogBlock.o)
 .comment       0x0000019d       0x2b ..\emFile_V322c\emFile_V322c\LinkLibrary\PSoC5\GCC\libemf32nosnlfn.a(FS_memcpy.o)
 .comment       0x000001c8       0x2b ..\emFile_V322c\emFile_V322c\LinkLibrary\PSoC5\GCC\libemf32nosnlfn.a(FS_Misc.o)
 .comment       0x000001f3       0x2b ..\emFile_V322c\emFile_V322c\LinkLibrary\PSoC5\GCC\libemf32nosnlfn.a(FS_Storage.o)
 .comment       0x0000021e       0x2b ..\emFile_V322c\emFile_V322c\LinkLibrary\PSoC5\GCC\libemf32nosnlfn.a(FS_Unmount.o)
 .comment       0x00000249       0x2b ..\emFile_V322c\emFile_V322c\LinkLibrary\PSoC5\GCC\libemf32nosnlfn.a(FS_Volume.o)
 .comment       0x00000274       0x2b ..\emFile_V322c\emFile_V322c\LinkLibrary\PSoC5\GCC\libemf32nosnlfn.a(FS_Write.o)
 .comment       0x0000029f       0x2b ..\emFile_V322c\emFile_V322c\LinkLibrary\PSoC5\GCC\libemf32nosnlfn.a(FAT_CheckDisk.o)
 .comment       0x000002ca       0x2b ..\emFile_V322c\emFile_V322c\LinkLibrary\PSoC5\GCC\libemf32nosnlfn.a(FAT_Dir.o)
 .comment       0x000002f5       0x2b ..\emFile_V322c\emFile_V322c\LinkLibrary\PSoC5\GCC\libemf32nosnlfn.a(FAT_DirEntry.o)
 .comment       0x00000320       0x2b ..\emFile_V322c\emFile_V322c\LinkLibrary\PSoC5\GCC\libemf32nosnlfn.a(FAT_DiskInfo.o)
 .comment       0x0000034b       0x2b ..\emFile_V322c\emFile_V322c\LinkLibrary\PSoC5\GCC\libemf32nosnlfn.a(FAT_Format.o)
 .comment       0x00000376       0x2b ..\emFile_V322c\emFile_V322c\LinkLibrary\PSoC5\GCC\libemf32nosnlfn.a(FAT_VolumeLabel.o)
 .comment       0x000003a1       0x2b ..\emFile_V322c\emFile_V322c\LinkLibrary\PSoC5\GCC\libemf32nosnlfn.a(FS_Partition.o)
 .comment       0x00000000       0x71 .\CortexM3\ARM_GCC_493\Debug\SD_Card.a(emFile_ConfigMMC_SPI.o)
 .comment       0x000003cc       0x2b ..\emFile_V322c\emFile_V322c\LinkLibrary\PSoC5\GCC\libemf32nosnlfn.a(MMC_Drv.o)
 .comment       0x000003f7       0x2b ..\emFile_V322c\emFile_V322c\LinkLibrary\PSoC5\GCC\libemf32nosnlfn.a(FS_CRC16.o)
 .comment       0x00000000       0x71 .\CortexM3\ARM_GCC_493\Debug\SD_Card.a(emFile_MMC_HW_SPI.o)
 .comment       0x00000000       0x71 .\CortexM3\ARM_GCC_493\Debug\SD_Card.a(emFile_SPI0.o)
 .comment       0x00000000       0x71 .\CortexM3\ARM_GCC_493\Debug\SD_Card.a(emFile_Clock_1.o)
 .comment       0x00000000       0x71 .\CortexM3\ARM_GCC_493\Debug\SD_Card.a(emFile_SPI0_CS.o)

.debug_weaknames
 *(.debug_weaknames)

.debug_funcnames
 *(.debug_funcnames)

.debug_typenames
 *(.debug_typenames)

.debug_varnames
 *(.debug_varnames)

.note.gnu.arm.ident
 *(.note.gnu.arm.ident)

.ARM.attributes
                0x00000000       0x29
 *(.ARM.attributes)
 .ARM.attributes
                0x00000000       0x1d c:/program files (x86)/cypress/psoc creator/4.0/psoc creator/import/gnu/arm/4.9.3/bin/../lib/gcc/arm-none-eabi/4.9.3/armv7-m/crti.o
 .ARM.attributes
                0x0000001d       0x2d c:/program files (x86)/cypress/psoc creator/4.0/psoc creator/import/gnu/arm/4.9.3/bin/../lib/gcc/arm-none-eabi/4.9.3/armv7-m/crtbegin.o
 .ARM.attributes
                0x0000004a       0x1b c:/program files (x86)/cypress/psoc creator/4.0/psoc creator/import/gnu/arm/4.9.3/bin/../lib/gcc/arm-none-eabi/4.9.3/../../../../arm-none-eabi/lib/armv7-m/crt0.o
 .ARM.attributes
                0x00000065       0x33 .\CortexM3\ARM_GCC_493\Debug\main.o
 .ARM.attributes
                0x00000098       0x33 .\CortexM3\ARM_GCC_493\Debug\functions.o
 .ARM.attributes
                0x000000cb       0x33 .\CortexM3\ARM_GCC_493\Debug\cymetadata.o
 .ARM.attributes
                0x000000fe       0x33 .\CortexM3\ARM_GCC_493\Debug\Cm3Start.o
 .ARM.attributes
                0x00000131       0x33 .\CortexM3\ARM_GCC_493\Debug\SD_Card.a(cyfitter_cfg.o)
 .ARM.attributes
                0x00000164       0x33 .\CortexM3\ARM_GCC_493\Debug\SD_Card.a(write_to.o)
 .ARM.attributes
                0x00000197       0x33 .\CortexM3\ARM_GCC_493\Debug\SD_Card.a(Timer_1.o)
 .ARM.attributes
                0x000001ca       0x33 .\CortexM3\ARM_GCC_493\Debug\SD_Card.a(CyLib.o)
 .ARM.attributes
                0x000001fd       0x33 .\CortexM3\ARM_GCC_493\Debug\SD_Card.a(cyPm.o)
 .ARM.attributes
                0x00000230       0x33 .\CortexM3\ARM_GCC_493\Debug\SD_Card.a(LED4.o)
 .ARM.attributes
                0x00000263       0x33 .\CortexM3\ARM_GCC_493\Debug\SD_Card.a(LED6.o)
 .ARM.attributes
                0x00000296       0x33 .\CortexM3\ARM_GCC_493\Debug\SD_Card.a(LED7.o)
 .ARM.attributes
                0x000002c9       0x21 .\CortexM3\ARM_GCC_493\Debug\SD_Card.a(CyBootAsmGnu.o)
 .ARM.attributes
                0x000002ea       0x33 .\CortexM3\ARM_GCC_493\Debug\SD_Card.a(CyFlash.o)
 .ARM.attributes
                0x0000031d       0x33 .\CortexM3\ARM_GCC_493\Debug\SD_Card.a(CySpc.o)
 .ARM.attributes
                0x00000350       0x31 ..\emFile_V322c\emFile_V322c\LinkLibrary\PSoC5\GCC\libemf32nosnlfn.a(FAT_FormatSD.o)
 .ARM.attributes
                0x00000381       0x31 ..\emFile_V322c\emFile_V322c\LinkLibrary\PSoC5\GCC\libemf32nosnlfn.a(FAT_Misc.o)
 .ARM.attributes
                0x000003b2       0x31 ..\emFile_V322c\emFile_V322c\LinkLibrary\PSoC5\GCC\libemf32nosnlfn.a(FAT_Open.o)
 .ARM.attributes
                0x000003e3       0x31 ..\emFile_V322c\emFile_V322c\LinkLibrary\PSoC5\GCC\libemf32nosnlfn.a(FAT_Write.o)
 .ARM.attributes
                0x00000414       0x31 ..\emFile_V322c\emFile_V322c\LinkLibrary\PSoC5\GCC\libemf32nosnlfn.a(FS_CLib.o)
 .ARM.attributes
                0x00000445       0x31 ..\emFile_V322c\emFile_V322c\LinkLibrary\PSoC5\GCC\libemf32nosnlfn.a(FS_Core.o)
 .ARM.attributes
                0x00000476       0x31 ..\emFile_V322c\emFile_V322c\LinkLibrary\PSoC5\GCC\libemf32nosnlfn.a(FS_LogBlock.o)
 .ARM.attributes
                0x000004a7       0x31 ..\emFile_V322c\emFile_V322c\LinkLibrary\PSoC5\GCC\libemf32nosnlfn.a(FS_memcpy.o)
 .ARM.attributes
                0x000004d8       0x31 ..\emFile_V322c\emFile_V322c\LinkLibrary\PSoC5\GCC\libemf32nosnlfn.a(FS_Misc.o)
 .ARM.attributes
                0x00000509       0x31 ..\emFile_V322c\emFile_V322c\LinkLibrary\PSoC5\GCC\libemf32nosnlfn.a(FS_Storage.o)
 .ARM.attributes
                0x0000053a       0x31 ..\emFile_V322c\emFile_V322c\LinkLibrary\PSoC5\GCC\libemf32nosnlfn.a(FS_Unmount.o)
 .ARM.attributes
                0x0000056b       0x31 ..\emFile_V322c\emFile_V322c\LinkLibrary\PSoC5\GCC\libemf32nosnlfn.a(FS_Volume.o)
 .ARM.attributes
                0x0000059c       0x31 ..\emFile_V322c\emFile_V322c\LinkLibrary\PSoC5\GCC\libemf32nosnlfn.a(FS_Write.o)
 .ARM.attributes
                0x000005cd       0x31 ..\emFile_V322c\emFile_V322c\LinkLibrary\PSoC5\GCC\libemf32nosnlfn.a(FAT_CheckDisk.o)
 .ARM.attributes
                0x000005fe       0x31 ..\emFile_V322c\emFile_V322c\LinkLibrary\PSoC5\GCC\libemf32nosnlfn.a(FAT_Dir.o)
 .ARM.attributes
                0x0000062f       0x31 ..\emFile_V322c\emFile_V322c\LinkLibrary\PSoC5\GCC\libemf32nosnlfn.a(FAT_DirEntry.o)
 .ARM.attributes
                0x00000660       0x31 ..\emFile_V322c\emFile_V322c\LinkLibrary\PSoC5\GCC\libemf32nosnlfn.a(FAT_DiskInfo.o)
 .ARM.attributes
                0x00000691       0x31 ..\emFile_V322c\emFile_V322c\LinkLibrary\PSoC5\GCC\libemf32nosnlfn.a(FAT_Format.o)
 .ARM.attributes
                0x000006c2       0x31 ..\emFile_V322c\emFile_V322c\LinkLibrary\PSoC5\GCC\libemf32nosnlfn.a(FAT_VolumeLabel.o)
 .ARM.attributes
                0x000006f3       0x31 ..\emFile_V322c\emFile_V322c\LinkLibrary\PSoC5\GCC\libemf32nosnlfn.a(FS_Partition.o)
 .ARM.attributes
                0x00000724       0x33 .\CortexM3\ARM_GCC_493\Debug\SD_Card.a(emFile_ConfigMMC_SPI.o)
 .ARM.attributes
                0x00000757       0x31 ..\emFile_V322c\emFile_V322c\LinkLibrary\PSoC5\GCC\libemf32nosnlfn.a(MMC_Drv.o)
 .ARM.attributes
                0x00000788       0x31 ..\emFile_V322c\emFile_V322c\LinkLibrary\PSoC5\GCC\libemf32nosnlfn.a(FS_CRC16.o)
 .ARM.attributes
                0x000007b9       0x33 .\CortexM3\ARM_GCC_493\Debug\SD_Card.a(emFile_MMC_HW_SPI.o)
 .ARM.attributes
                0x000007ec       0x33 .\CortexM3\ARM_GCC_493\Debug\SD_Card.a(emFile_SPI0.o)
 .ARM.attributes
                0x0000081f       0x33 .\CortexM3\ARM_GCC_493\Debug\SD_Card.a(emFile_Clock_1.o)
 .ARM.attributes
                0x00000852       0x33 .\CortexM3\ARM_GCC_493\Debug\SD_Card.a(emFile_SPI0_CS.o)
 .ARM.attributes
                0x00000885       0x2d c:/program files (x86)/cypress/psoc creator/4.0/psoc creator/import/gnu/arm/4.9.3/bin/../lib/gcc/arm-none-eabi/4.9.3/../../../../arm-none-eabi/lib/armv7-m\libg_nano.a(lib_a-errno.o)
 .ARM.attributes
                0x000008b2       0x2d c:/program files (x86)/cypress/psoc creator/4.0/psoc creator/import/gnu/arm/4.9.3/bin/../lib/gcc/arm-none-eabi/4.9.3/../../../../arm-none-eabi/lib/armv7-m\libg_nano.a(lib_a-exit.o)
 .ARM.attributes
                0x000008df       0x2d c:/program files (x86)/cypress/psoc creator/4.0/psoc creator/import/gnu/arm/4.9.3/bin/../lib/gcc/arm-none-eabi/4.9.3/../../../../arm-none-eabi/lib/armv7-m\libg_nano.a(lib_a-impure.o)
 .ARM.attributes
                0x0000090c       0x2d c:/program files (x86)/cypress/psoc creator/4.0/psoc creator/import/gnu/arm/4.9.3/bin/../lib/gcc/arm-none-eabi/4.9.3/../../../../arm-none-eabi/lib/armv7-m\libg_nano.a(lib_a-init.o)
 .ARM.attributes
                0x00000939       0x2d c:/program files (x86)/cypress/psoc creator/4.0/psoc creator/import/gnu/arm/4.9.3/bin/../lib/gcc/arm-none-eabi/4.9.3/../../../../arm-none-eabi/lib/armv7-m\libg_nano.a(lib_a-memcmp.o)
 .ARM.attributes
                0x00000966       0x2d c:/program files (x86)/cypress/psoc creator/4.0/psoc creator/import/gnu/arm/4.9.3/bin/../lib/gcc/arm-none-eabi/4.9.3/../../../../arm-none-eabi/lib/armv7-m\libg_nano.a(lib_a-memcpy.o)
 .ARM.attributes
                0x00000993       0x2d c:/program files (x86)/cypress/psoc creator/4.0/psoc creator/import/gnu/arm/4.9.3/bin/../lib/gcc/arm-none-eabi/4.9.3/../../../../arm-none-eabi/lib/armv7-m\libg_nano.a(lib_a-memset.o)
 .ARM.attributes
                0x000009c0       0x2d c:/program files (x86)/cypress/psoc creator/4.0/psoc creator/import/gnu/arm/4.9.3/bin/../lib/gcc/arm-none-eabi/4.9.3/../../../../arm-none-eabi/lib/armv7-m\libg_nano.a(lib_a-strlen.o)
 .ARM.attributes
                0x000009ed       0x2d c:/program files (x86)/cypress/psoc creator/4.0/psoc creator/import/gnu/arm/4.9.3/bin/../lib/gcc/arm-none-eabi/4.9.3/armv7-m/crtend.o
 .ARM.attributes
                0x00000a1a       0x1d c:/program files (x86)/cypress/psoc creator/4.0/psoc creator/import/gnu/arm/4.9.3/bin/../lib/gcc/arm-none-eabi/4.9.3/armv7-m/crtn.o

/DISCARD/
 *(.note.GNU-stack)
OUTPUT(.\CortexM3\ARM_GCC_493\Debug\SD_Card.elf elf32-littlearm)
