Archive member included because of file (symbol)

.\ARM_GCC_493\Debug\ADC_SingleEndedMode01.a(cyfitter_cfg.o)
                              .\ARM_GCC_493\Debug\Cm3Start.o (cyfitter_cfg)
.\ARM_GCC_493\Debug\ADC_SingleEndedMode01.a(LCD.o)
                              .\ARM_GCC_493\Debug\main.o (LCD_Start)
.\ARM_GCC_493\Debug\ADC_SingleEndedMode01.a(CyLib.o)
                              .\ARM_GCC_493\Debug\Cm3Start.o (CyResetStatus)
.\ARM_GCC_493\Debug\ADC_SingleEndedMode01.a(cyPm.o)
                              .\ARM_GCC_493\Debug\ADC_SingleEndedMode01.a(CyLib.o) (CyPmReadStatus)
.\ARM_GCC_493\Debug\ADC_SingleEndedMode01.a(I2C_Master.o)
                              .\ARM_GCC_493\Debug\main.o (I2C_Master_Start)
.\ARM_GCC_493\Debug\ADC_SingleEndedMode01.a(I2C_Master_INT.o)
                              .\ARM_GCC_493\Debug\ADC_SingleEndedMode01.a(I2C_Master.o) (I2C_Master_ISR)
.\ARM_GCC_493\Debug\ADC_SingleEndedMode01.a(I2C_Master_PM.o)
                              .\ARM_GCC_493\Debug\ADC_SingleEndedMode01.a(I2C_Master.o) (I2C_Master_backup)
.\ARM_GCC_493\Debug\ADC_SingleEndedMode01.a(I2C_Master_MASTER.o)
                              .\ARM_GCC_493\Debug\ADC_SingleEndedMode01.a(I2C_Master.o) (I2C_Master_mstrStatus)
.\ARM_GCC_493\Debug\ADC_SingleEndedMode01.a(Timer.o)
                              .\ARM_GCC_493\Debug\main.o (Timer_Start)
.\ARM_GCC_493\Debug\ADC_SingleEndedMode01.a(ISR.o)
                              .\ARM_GCC_493\Debug\main.o (ISR_StartEx)
.\ARM_GCC_493\Debug\ADC_SingleEndedMode01.a(CyBootAsmGnu.o)
                              .\ARM_GCC_493\Debug\ADC_SingleEndedMode01.a(cyfitter_cfg.o) (CyDelayCycles)
.\ARM_GCC_493\Debug\ADC_SingleEndedMode01.a(CyFlash.o)
                              .\ARM_GCC_493\Debug\ADC_SingleEndedMode01.a(cyPm.o) (CyFlash_SetWaitCycles)
.\ARM_GCC_493\Debug\ADC_SingleEndedMode01.a(CySpc.o)
                              .\ARM_GCC_493\Debug\ADC_SingleEndedMode01.a(CyFlash.o) (CySpcStart)
c:/program files (x86)/cypress/psoc creator/4.0/psoc creator/import/gnu/arm/4.9.3/bin/../lib/gcc/arm-none-eabi/4.9.3/../../../../arm-none-eabi/lib/armv7-m\libg_nano.a(lib_a-errno.o)
                              .\ARM_GCC_493\Debug\Cm3Start.o (__errno)
c:/program files (x86)/cypress/psoc creator/4.0/psoc creator/import/gnu/arm/4.9.3/bin/../lib/gcc/arm-none-eabi/4.9.3/../../../../arm-none-eabi/lib/armv7-m\libg_nano.a(lib_a-exit.o)
                              c:/program files (x86)/cypress/psoc creator/4.0/psoc creator/import/gnu/arm/4.9.3/bin/../lib/gcc/arm-none-eabi/4.9.3/../../../../arm-none-eabi/lib/armv7-m/crt0.o (exit)
c:/program files (x86)/cypress/psoc creator/4.0/psoc creator/import/gnu/arm/4.9.3/bin/../lib/gcc/arm-none-eabi/4.9.3/../../../../arm-none-eabi/lib/armv7-m\libg_nano.a(lib_a-impure.o)
                              c:/program files (x86)/cypress/psoc creator/4.0/psoc creator/import/gnu/arm/4.9.3/bin/../lib/gcc/arm-none-eabi/4.9.3/../../../../arm-none-eabi/lib/armv7-m\libg_nano.a(lib_a-exit.o) (_global_impure_ptr)
c:/program files (x86)/cypress/psoc creator/4.0/psoc creator/import/gnu/arm/4.9.3/bin/../lib/gcc/arm-none-eabi/4.9.3/../../../../arm-none-eabi/lib/armv7-m\libg_nano.a(lib_a-init.o)
                              c:/program files (x86)/cypress/psoc creator/4.0/psoc creator/import/gnu/arm/4.9.3/bin/../lib/gcc/arm-none-eabi/4.9.3/../../../../arm-none-eabi/lib/armv7-m/crt0.o (__libc_init_array)
c:/program files (x86)/cypress/psoc creator/4.0/psoc creator/import/gnu/arm/4.9.3/bin/../lib/gcc/arm-none-eabi/4.9.3/../../../../arm-none-eabi/lib/armv7-m\libg_nano.a(lib_a-memcpy.o)
                              .\ARM_GCC_493\Debug\ADC_SingleEndedMode01.a(cyfitter_cfg.o) (memcpy)
c:/program files (x86)/cypress/psoc creator/4.0/psoc creator/import/gnu/arm/4.9.3/bin/../lib/gcc/arm-none-eabi/4.9.3/../../../../arm-none-eabi/lib/armv7-m\libg_nano.a(lib_a-memset.o)
                              c:/program files (x86)/cypress/psoc creator/4.0/psoc creator/import/gnu/arm/4.9.3/bin/../lib/gcc/arm-none-eabi/4.9.3/../../../../arm-none-eabi/lib/armv7-m/crt0.o (memset)

Allocating common symbols
Common symbol       size              file

I2C_Master_mstrRdBufIndex
                    0x1               .\ARM_GCC_493\Debug\ADC_SingleEndedMode01.a(I2C_Master_MASTER.o)
I2C_Master_mstrWrBufIndex
                    0x1               .\ARM_GCC_493\Debug\ADC_SingleEndedMode01.a(I2C_Master_MASTER.o)
buffer              0x16              .\ARM_GCC_493\Debug\main.o
I2C_Master_mstrWrBufSize
                    0x1               .\ARM_GCC_493\Debug\ADC_SingleEndedMode01.a(I2C_Master_MASTER.o)
I2C_Master_mstrWrBufPtr
                    0x4               .\ARM_GCC_493\Debug\ADC_SingleEndedMode01.a(I2C_Master_MASTER.o)
I2C_Master_mstrRdBufPtr
                    0x4               .\ARM_GCC_493\Debug\ADC_SingleEndedMode01.a(I2C_Master_MASTER.o)
I2C_Master_state    0x1               .\ARM_GCC_493\Debug\ADC_SingleEndedMode01.a(I2C_Master.o)
I2C_Master_mstrControl
[...]
Memory Configuration

Name             Origin             Length             Attributes
rom              0x00000000         0x00040000         xr
ram              0x1fff8000         0x00010000         xrw
*default*        0x00000000         0xffffffff

Linker script and memory map

LOAD c:/program files (x86)/cypress/psoc creator/4.0/psoc creator/import/gnu/arm/4.9.3/bin/../lib/gcc/arm-none-eabi/4.9.3/armv7-m/crti.o
LOAD c:/program files (x86)/cypress/psoc creator/4.0/psoc creator/import/gnu/arm/4.9.3/bin/../lib/gcc/arm-none-eabi/4.9.3/armv7-m/crtbegin.o
LOAD c:/program files (x86)/cypress/psoc creator/4.0/psoc creator/import/gnu/arm/4.9.3/bin/../lib/gcc/arm-none-eabi/4.9.3/../../../../arm-none-eabi/lib/armv7-m/crt0.o
START GROUP
LOAD .\ARM_GCC_493\Debug\main.o
LOAD .\ARM_GCC_493\Debug\mpu6050.o
LOAD .\ARM_GCC_493\Debug\i2cFunctions.o
LOAD .\ARM_GCC_493\Debug\cymetadata.o
LOAD .\ARM_GCC_493\Debug\Cm3Start.o
LOAD .\ARM_GCC_493\Debug\ADC_SingleEndedMode01.a
LOAD C:\Program Files (x86)\Cypress\PSoC Creator\4.0\PSoC Creator\psoc\content\cycomponentlibrary\CyComponentLibrary.cylib\CortexM3\ARM_GCC_493\Debug\CyComponentLibrary.a
END GROUP
START GROUP
LOAD c:/program files (x86)/cypress/psoc creator/4.0/psoc creator/import/gnu/arm/4.9.3/bin/../lib/gcc/arm-none-eabi/4.9.3/armv7-m\libgcc.a
LOAD c:/program files (x86)/cypress/psoc creator/4.0/psoc creator/import/gnu/arm/4.9.3/bin/../lib/gcc/arm-none-eabi/4.9.3/../../../../arm-none-eabi/lib/armv7-m\libg_nano.a
LOAD c:/program files (x86)/cypress/psoc creator/4.0/psoc creator/import/gnu/arm/4.9.3/bin/../lib/gcc/arm-none-eabi/4.9.3/../../../../arm-none-eabi/lib/armv7-m\libc_nano.a
END GROUP
START GROUP
LOAD c:/program files (x86)/cypress/psoc creator/4.0/psoc creator/import/gnu/arm/4.9.3/bin/../lib/gcc/arm-none-eabi/4.9.3/armv7-m\libgcc.a
LOAD c:/program files (x86)/cypress/psoc creator/4.0/psoc creator/import/gnu/arm/4.9.3/bin/../lib/gcc/arm-none-eabi/4.9.3/../../../../arm-none-eabi/lib/armv7-m\libc_nano.a
END GROUP
LOAD c:/program files (x86)/cypress/psoc creator/4.0/psoc creator/import/gnu/arm/4.9.3/bin/../lib/gcc/arm-none-eabi/4.9.3/armv7-m/crtend.o
LOAD c:/program files (x86)/cypress/psoc creator/4.0/psoc creator/import/gnu/arm/4.9.3/bin/../lib/gcc/arm-none-eabi/4.9.3/armv7-m/crtn.o
START GROUP
LOAD c:/program files (x86)/cypress/psoc creator/4.0/psoc creator/import/gnu/arm/4.9.3/bin/../lib/gcc/arm-none-eabi/4.9.3/armv7-m\libgcc.a
LOAD c:/program files (x86)/cypress/psoc creator/4.0/psoc creator/import/gnu/arm/4.9.3/bin/../lib/gcc/arm-none-eabi/4.9.3/../../../../arm-none-eabi/lib/armv7-m\libc.a
LOAD c:/program files (x86)/cypress/psoc creator/4.0/psoc creator/import/gnu/arm/4.9.3/bin/../lib/gcc/arm-none-eabi/4.9.3/../../../../arm-none-eabi/lib/armv7-m\libnosys.a
END GROUP
                0x00000000                CY_APPL_ORIGIN = 0x0
                0x00000100                CY_FLASH_ROW_SIZE = 0x100
                0x00000020                CY_ECC_ROW_SIZE = 0x20
                0x00000000                CY_EE_IN_BTLDR = 0x0
                0x00000000                CY_APPL_LOADABLE = 0x0
                0x00000800                CY_EE_SIZE = 0x800
                0x00000001                CY_APPL_NUM = 0x1
                0x00000001                CY_APPL_MAX = 0x1
                0x00000040                CY_METADATA_SIZE = 0x40
                0x00000000                CY_APPL_LOADABLE = 0x0
                0x00000000                CY_CHECKSUM_EXCLUDE_SIZE = ALIGN (0x0, CY_FLASH_ROW_SIZE)
                0x1fff81e0                PROVIDE (__cy_heap_start, _end)
                0x00000001                PROVIDE (__cy_region_num, ((__cy_regions_end - __cy_regions) / 0x10))
                0x20008000                PROVIDE (__cy_stack, (ORIGIN (ram) + 0x10000))
                0x20007800                PROVIDE (__cy_heap_end, (__cy_stack - 0x800))

.cybootloader   0x00000000        0x0
 *(.cybootloader)
                0x00000000                appl1_start = CY_APPL_ORIGIN?CY_APPL_ORIGIN:ALIGN (CY_FLASH_ROW_SIZE)
                0x0001ff00                appl2_start = (appl1_start + ALIGN ((((0x40000 - appl1_start) - (0x2 * CY_FLASH_ROW_SIZE)) / 0x2), CY_FLASH_ROW_SIZE))
                0x00000000                appl_start = (CY_APPL_NUM == 0x1)?appl1_start:appl2_start
                0x00000000                ecc_offset = ((appl_start / CY_FLASH_ROW_SIZE) * CY_ECC_ROW_SIZE)
                0x00000000                ee_offset = (CY_APPL_LOADABLE && ! (CY_EE_IN_BTLDR))?((CY_EE_SIZE / CY_APPL_MAX) * (CY_APPL_NUM - 0x1)):0x0
                0x00000800                ee_size = (CY_APPL_LOADABLE && ! (CY_EE_IN_BTLDR))?(CY_EE_SIZE / CY_APPL_MAX):CY_EE_SIZE
                0x00000000                PROVIDE (CY_ECC_OFFSET, ecc_offset)

.text           0x00000000     0x19ee
 CREATE_OBJECT_SYMBOLS
                0x00000000                PROVIDE (__cy_interrupt_vector, RomVectors)
 *(.romvectors)
 .romvectors    0x00000000       0x10 .\ARM_GCC_493\Debug\Cm3Start.o
                0x00000000                RomVectors
                0x00000001                ASSERT ((. != __cy_interrupt_vector), No interrupt vector)
                0x00000001                ASSERT (CY_APPL_ORIGIN?(SIZEOF (.cybootloader) <= CY_APPL_ORIGIN):0x1, Wrong image location)
                0x00000010                PROVIDE (__cy_reset, Reset)
 *(.text.Reset)
 .text.Reset    0x00000010       0x18 .\ARM_GCC_493\Debug\Cm3Start.o
                0x00000010                Reset
                0x00000001                ASSERT ((. != __cy_reset), No reset code)
 *(.dma_init)
                0x00000001                ASSERT ((((appl_start + .) <= 0x10000) || 0x1), DMA Init must be within the first 64k of flash)
 *(.text .text.* .gnu.linkonce.t.*)
 .text          0x00000028       0x5c c:/program files (x86)/cypress/psoc creator/4.0/psoc creator/import/gnu/arm/4.9.3/bin/../lib/gcc/arm-none-eabi/4.9.3/armv7-m/crtbegin.o
 .text.timer_handle
                0x00000084       0x20 .\ARM_GCC_493\Debug\main.o
                0x00000084                timer_handle
 .text.ComputeMA
                0x000000a4       0x50 .\ARM_GCC_493\Debug\main.o
                0x000000a4                ComputeMA
 .text.main     0x000000f4      0x118 .\ARM_GCC_493\Debug\main.o
                0x000000f4                main
 .text.MPU6050_init
                0x0000020c       0x18 .\ARM_GCC_493\Debug\mpu6050.o
                0x0000020c                MPU6050_init
 .text.MPU6050_initialize
                0x00000224       0x20 .\ARM_GCC_493\Debug\mpu6050.o
                0x00000224                MPU6050_initialize
 .text.MPU6050_setFullScaleGyroRange
                0x00000244       0x28 .\ARM_GCC_493\Debug\mpu6050.o
                0x00000244                MPU6050_setFullScaleGyroRange
 .text.MPU6050_setFullScaleAccelRange
                0x0000026c       0x28 .\ARM_GCC_493\Debug\mpu6050.o
                0x0000026c                MPU6050_setFullScaleAccelRange
 .text.MPU6050_getAccelerationZ
                0x00000294       0x34 .\ARM_GCC_493\Debug\mpu6050.o
                0x00000294                MPU6050_getAccelerationZ
 .text.MPU6050_setSleepEnabled
                0x000002c8       0x24 .\ARM_GCC_493\Debug\mpu6050.o
                0x000002c8                MPU6050_setSleepEnabled
 .text.MPU6050_setClockSource
                0x000002ec       0x28 .\ARM_GCC_493\Debug\mpu6050.o
                0x000002ec                MPU6050_setClockSource
 .text.I2CReadBytes
                0x00000314       0x70 .\ARM_GCC_493\Debug\i2cFunctions.o
                0x00000314                I2CReadBytes
 .text.I2CReadByte
                0x00000384       0x28 .\ARM_GCC_493\Debug\i2cFunctions.o
                0x00000384                I2CReadByte
 .text.I2CWriteBytes
                0x000003ac       0x50 .\ARM_GCC_493\Debug\i2cFunctions.o
                0x000003ac                I2CWriteBytes
 .text.I2CWriteByte
                0x000003fc       0x28 .\ARM_GCC_493\Debug\i2cFunctions.o
                0x000003fc                I2CWriteByte
 .text.I2CWriteBits
                0x00000424       0x9c .\ARM_GCC_493\Debug\i2cFunctions.o
                0x00000424                I2CWriteBits
 .text.I2CWriteBit
                0x000004c0       0x7c .\ARM_GCC_493\Debug\i2cFunctions.o
                0x000004c0                I2CWriteBit
 .text.IntDefaultHandler
                0x0000053c       0x14 .\ARM_GCC_493\Debug\Cm3Start.o
                0x0000053c                IntDefaultHandler
 .text.Start_c  0x00000550       0x98 .\ARM_GCC_493\Debug\Cm3Start.o
                0x00000550                Start_c
 .text.initialize_psoc
                0x000005e8       0x8c .\ARM_GCC_493\Debug\Cm3Start.o
                0x000005e8                initialize_psoc
 .text.CYMEMZERO
                0x00000674       0x1c .\ARM_GCC_493\Debug\ADC_SingleEndedMode01.a(cyfitter_cfg.o)
 .text.CYCONFIGCPY
                0x00000690       0x1c .\ARM_GCC_493\Debug\ADC_SingleEndedMode01.a(cyfitter_cfg.o)
 .text.CyClockStartupError
                0x000006ac        0xc .\ARM_GCC_493\Debug\ADC_SingleEndedMode01.a(cyfitter_cfg.o)
 .text.cfg_write_bytes32
                0x000006b8       0x74 .\ARM_GCC_493\Debug\ADC_SingleEndedMode01.a(cyfitter_cfg.o)
 .text.ClockSetup
                0x0000072c      0x144 .\ARM_GCC_493\Debug\ADC_SingleEndedMode01.a(cyfitter_cfg.o)
 .text.AnalogSetDefault
                0x00000870       0x60 .\ARM_GCC_493\Debug\ADC_SingleEndedMode01.a(cyfitter_cfg.o)
 .text.cyfitter_cfg
                0x000008d0      0x13c .\ARM_GCC_493\Debug\ADC_SingleEndedMode01.a(cyfitter_cfg.o)
                0x000008d0                cyfitter_cfg
 .text.LCD_Init
                0x00000a0c       0x6c .\ARM_GCC_493\Debug\ADC_SingleEndedMode01.a(LCD.o)
                0x00000a0c                LCD_Init
 .text.LCD_Enable
                0x00000a78       0x18 .\ARM_GCC_493\Debug\ADC_SingleEndedMode01.a(LCD.o)
                0x00000a78                LCD_Enable
 .text.LCD_Start
                0x00000a90       0x20 .\ARM_GCC_493\Debug\ADC_SingleEndedMode01.a(LCD.o)
                0x00000a90                LCD_Start
 .text.LCD_Position
                0x00000ab0       0x6c .\ARM_GCC_493\Debug\ADC_SingleEndedMode01.a(LCD.o)
                0x00000ab0                LCD_Position
 .text.LCD_PrintString
                0x00000b1c       0x38 .\ARM_GCC_493\Debug\ADC_SingleEndedMode01.a(LCD.o)
                0x00000b1c                LCD_PrintString
 .text.LCD_WriteData
                0x00000b54       0x34 .\ARM_GCC_493\Debug\ADC_SingleEndedMode01.a(LCD.o)
                0x00000b54                LCD_WriteData
 .text.LCD_WriteControl
                0x00000b88       0x34 .\ARM_GCC_493\Debug\ADC_SingleEndedMode01.a(LCD.o)
                0x00000b88                LCD_WriteControl
 .text.LCD_IsReady
                0x00000bbc      0x178 .\ARM_GCC_493\Debug\ADC_SingleEndedMode01.a(LCD.o)
                0x00000bbc                LCD_IsReady
 .text.LCD_WrDatNib
                0x00000d34       0x78 .\ARM_GCC_493\Debug\ADC_SingleEndedMode01.a(LCD.o)
 .text.LCD_WrCntrlNib
                0x00000dac       0x60 .\ARM_GCC_493\Debug\ADC_SingleEndedMode01.a(LCD.o)
 .text.LCD_PrintU32Number
                0x00000e0c       0xa4 .\ARM_GCC_493\Debug\ADC_SingleEndedMode01.a(LCD.o)
                0x00000e0c                LCD_PrintU32Number
 .text.CyHalt   0x00000eb0       0x18 .\ARM_GCC_493\Debug\ADC_SingleEndedMode01.a(CyLib.o)
                0x00000eb0                CyHalt
 .text.CyDelay  0x00000ec8       0x44 .\ARM_GCC_493\Debug\ADC_SingleEndedMode01.a(CyLib.o)
                0x00000ec8                CyDelay
 .text.CyDelayUs
                0x00000f0c       0x24 .\ARM_GCC_493\Debug\ADC_SingleEndedMode01.a(CyLib.o)
                0x00000f0c                CyDelayUs
 .text.CyIntSetVector
                0x00000f30       0x50 .\ARM_GCC_493\Debug\ADC_SingleEndedMode01.a(CyLib.o)
                0x00000f30                CyIntSetVector
 .text.CyIntSetPriority
                0x00000f80       0x44 .\ARM_GCC_493\Debug\ADC_SingleEndedMode01.a(CyLib.o)
                0x00000f80                CyIntSetPriority
 .text.I2C_Master_Init
                0x00000fc4       0x80 .\ARM_GCC_493\Debug\ADC_SingleEndedMode01.a(I2C_Master.o)
                0x00000fc4                I2C_Master_Init
 .text.I2C_Master_Enable
                0x00001044       0x44 .\ARM_GCC_493\Debug\ADC_SingleEndedMode01.a(I2C_Master.o)
                0x00001044                I2C_Master_Enable
 .text.I2C_Master_Start
                0x00001088       0x2c .\ARM_GCC_493\Debug\ADC_SingleEndedMode01.a(I2C_Master.o)
                0x00001088                I2C_Master_Start
 .text.I2C_Master_ISR
                0x000010b4      0x3ac .\ARM_GCC_493\Debug\ADC_SingleEndedMode01.a(I2C_Master_INT.o)
                0x000010b4                I2C_Master_ISR
 .text.I2C_Master_MasterSendStart
                0x00001460       0xbc .\ARM_GCC_493\Debug\ADC_SingleEndedMode01.a(I2C_Master_MASTER.o)
                0x00001460                I2C_Master_MasterSendStart
 .text.I2C_Master_MasterSendRestart
                0x0000151c       0xa4 .\ARM_GCC_493\Debug\ADC_SingleEndedMode01.a(I2C_Master_MASTER.o)
                0x0000151c                I2C_Master_MasterSendRestart
 .text.I2C_Master_MasterSendStop
                0x000015c0       0x58 .\ARM_GCC_493\Debug\ADC_SingleEndedMode01.a(I2C_Master_MASTER.o)
                0x000015c0                I2C_Master_MasterSendStop
 .text.I2C_Master_MasterWriteByte
                0x00001618       0x80 .\ARM_GCC_493\Debug\ADC_SingleEndedMode01.a(I2C_Master_MASTER.o)
                0x00001618                I2C_Master_MasterWriteByte
 .text.I2C_Master_MasterReadByte
                0x00001698       0x7c .\ARM_GCC_493\Debug\ADC_SingleEndedMode01.a(I2C_Master_MASTER.o)
                0x00001698                I2C_Master_MasterReadByte
 .text.Timer_Init
                0x00001714       0x9c .\ARM_GCC_493\Debug\ADC_SingleEndedMode01.a(Timer.o)
                0x00001714                Timer_Init
 .text.Timer_Enable
                0x000017b0       0x48 .\ARM_GCC_493\Debug\ADC_SingleEndedMode01.a(Timer.o)
                0x000017b0                Timer_Enable
 .text.Timer_Start
                0x000017f8       0x20 .\ARM_GCC_493\Debug\ADC_SingleEndedMode01.a(Timer.o)
                0x000017f8                Timer_Start
 .text.Timer_SetInterruptMode
                0x00001818       0x20 .\ARM_GCC_493\Debug\ADC_SingleEndedMode01.a(Timer.o)
                0x00001818                Timer_SetInterruptMode
 .text.Timer_WritePeriod
                0x00001838       0x24 .\ARM_GCC_493\Debug\ADC_SingleEndedMode01.a(Timer.o)
                0x00001838                Timer_WritePeriod
 .text.Timer_WriteCounter
                0x0000185c       0x20 .\ARM_GCC_493\Debug\ADC_SingleEndedMode01.a(Timer.o)
                0x0000185c                Timer_WriteCounter
 .text.ISR_StartEx
                0x0000187c       0x24 .\ARM_GCC_493\Debug\ADC_SingleEndedMode01.a(ISR.o)
                0x0000187c                ISR_StartEx
 .text.ISR_SetVector
                0x000018a0       0x24 .\ARM_GCC_493\Debug\ADC_SingleEndedMode01.a(ISR.o)
                0x000018a0                ISR_SetVector
 .text.ISR_SetPriority
                0x000018c4       0x24 .\ARM_GCC_493\Debug\ADC_SingleEndedMode01.a(ISR.o)
                0x000018c4                ISR_SetPriority
 .text.ISR_Enable
                0x000018e8       0x18 .\ARM_GCC_493\Debug\ADC_SingleEndedMode01.a(ISR.o)
                0x000018e8                ISR_Enable
 .text.ISR_Disable
                0x00001900       0x18 .\ARM_GCC_493\Debug\ADC_SingleEndedMode01.a(ISR.o)
                0x00001900                ISR_Disable
 .text          0x00001918       0x58 .\ARM_GCC_493\Debug\ADC_SingleEndedMode01.a(CyBootAsmGnu.o)
                0x00001918                CyDelayCycles
                0x00001956                CyEnterCriticalSection
                0x0000195e                CyExitCriticalSection
 .text.__errno  0x00001970        0xc c:/program files (x86)/cypress/psoc creator/4.0/psoc creator/import/gnu/arm/4.9.3/bin/../lib/gcc/arm-none-eabi/4.9.3/../../../../arm-none-eabi/lib/armv7-m\libg_nano.a(lib_a-errno.o)
                0x00001970                __errno
 .text.__libc_init_array
                0x0000197c       0x4c c:/program files (x86)/cypress/psoc creator/4.0/psoc creator/import/gnu/arm/4.9.3/bin/../lib/gcc/arm-none-eabi/4.9.3/../../../../arm-none-eabi/lib/armv7-m\libg_nano.a(lib_a-init.o)
                0x0000197c                __libc_init_array
 .text.memcpy   0x000019c8       0x16 c:/program files (x86)/cypress/psoc creator/4.0/psoc creator/import/gnu/arm/4.9.3/bin/../lib/gcc/arm-none-eabi/4.9.3/../../../../arm-none-eabi/lib/armv7-m\libg_nano.a(lib_a-memcpy.o)
                0x000019c8                memcpy
 .text.memset   0x000019de       0x10 c:/program files (x86)/cypress/psoc creator/4.0/psoc creator/import/gnu/arm/4.9.3/bin/../lib/gcc/arm-none-eabi/4.9.3/../../../../arm-none-eabi/lib/armv7-m\libg_nano.a(lib_a-memset.o)
                0x000019de                memset
 *(.plt)
 *(.gnu.warning)
 *(.glue_7t)
 .glue_7t       0x00000000        0x0 linker stubs
 *(.glue_7)
 .glue_7        0x00000000        0x0 linker stubs
 *(.vfp11_veneer)
 .vfp11_veneer  0x00000000        0x0 linker stubs
 *(.bootloader)
 *(.ARM.extab* .gnu.linkonce.armextab.*)
 *(.gcc_except_table)

.v4_bx          0x000019f0        0x0
 .v4_bx         0x00000000        0x0 linker stubs

.iplt           0x000019f0        0x0
 .iplt          0x00000000        0x0 c:/program files (x86)/cypress/psoc creator/4.0/psoc creator/import/gnu/arm/4.9.3/bin/../lib/gcc/arm-none-eabi/4.9.3/armv7-m/crtbegin.o

.eh_frame_hdr
 *(.eh_frame_hdr)

.eh_frame       0x000019f0        0x4
 *(.eh_frame)
 .eh_frame      0x000019f0        0x0 c:/program files (x86)/cypress/psoc creator/4.0/psoc creator/import/gnu/arm/4.9.3/bin/../lib/gcc/arm-none-eabi/4.9.3/armv7-m/crtbegin.o
 .eh_frame      0x000019f0        0x4 c:/program files (x86)/cypress/psoc creator/4.0/psoc creator/import/gnu/arm/4.9.3/bin/../lib/gcc/arm-none-eabi/4.9.3/armv7-m/crtend.o
                0x000019f4                PROVIDE (__exidx_start, .)

.ARM.exidx
 *(.ARM.exidx* .gnu.linkonce.armexidx.*)
                0x000019f4                __exidx_end = .

.rodata         0x000019f4       0x8c
 *(.rodata .rodata.* .gnu.linkonce.r.*)
 .rodata        0x000019f4       0x50 .\ARM_GCC_493\Debug\ADC_SingleEndedMode01.a(cyfitter_cfg.o)
                0x000019f4                ADC_DelSig_1_AMux__addrTable
                0x000019fc                ADC_DelSig_1_AMux__maskTable
 .rodata.str1.1
                0x00001a44        0x2 c:/program files (x86)/cypress/psoc creator/4.0/psoc creator/import/gnu/arm/4.9.3/bin/../lib/gcc/arm-none-eabi/4.9.3/../../../../arm-none-eabi/lib/armv7-m\libg_nano.a(lib_a-impure.o)
                0x00001a48                . = ALIGN (0x4)
 *fill*         0x00001a46        0x2 
 *(.init)
 .init          0x00001a48        0x4 c:/program files (x86)/cypress/psoc creator/4.0/psoc creator/import/gnu/arm/4.9.3/bin/../lib/gcc/arm-none-eabi/4.9.3/armv7-m/crti.o
                0x00001a48                _init
 .init          0x00001a4c        0x8 c:/program files (x86)/cypress/psoc creator/4.0/psoc creator/import/gnu/arm/4.9.3/bin/../lib/gcc/arm-none-eabi/4.9.3/armv7-m/crtn.o
                0x00001a54                . = ALIGN (0x4)
                0x00001a54                __preinit_array_start = .
 *(.preinit_array)
                0x00001a54                __preinit_array_end = .
                0x00001a54                . = ALIGN (0x4)
                0x00001a54                __init_array_start = .
 *(SORT(.init_array.*))
 *(.init_array)
 .init_array    0x00001a54        0x4 c:/program files (x86)/cypress/psoc creator/4.0/psoc creator/import/gnu/arm/4.9.3/bin/../lib/gcc/arm-none-eabi/4.9.3/armv7-m/crtbegin.o
 .init_array    0x00001a58        0x4 .\ARM_GCC_493\Debug\Cm3Start.o
                0x00001a5c                __init_array_end = .
                0x00001a5c                . = ALIGN (0x4)
 *(.fini)
 .fini          0x00001a5c        0x4 c:/program files (x86)/cypress/psoc creator/4.0/psoc creator/import/gnu/arm/4.9.3/bin/../lib/gcc/arm-none-eabi/4.9.3/armv7-m/crti.o
                0x00001a5c                _fini
 .fini          0x00001a60        0x8 c:/program files (x86)/cypress/psoc creator/4.0/psoc creator/import/gnu/arm/4.9.3/bin/../lib/gcc/arm-none-eabi/4.9.3/armv7-m/crtn.o
                0x00001a68                . = ALIGN (0x4)
                0x00001a68                __fini_array_start = .
 *(.fini_array)
 .fini_array    0x00001a68        0x4 c:/program files (x86)/cypress/psoc creator/4.0/psoc creator/import/gnu/arm/4.9.3/bin/../lib/gcc/arm-none-eabi/4.9.3/armv7-m/crtbegin.o
 *(SORT(.fini_array.*))
                0x00001a6c                __fini_array_end = .
                0x00001a6c                . = ALIGN (0x4)
 *crtbegin.o(.ctors)
 *(EXCLUDE_FILE(*crtend.o) .ctors)
 *(SORT(.ctors.*))
 *crtend.o(.ctors)
                0x00001a6c                . = ALIGN (0x4)
 *crtbegin.o(.dtors)
 *(EXCLUDE_FILE(*crtend.o) .dtors)
 *(SORT(.dtors.*))
 *crtend.o(.dtors)
                0x00001a6c                . = ALIGN (0x4)
                0x00001a6c                __cy_regions = .
                0x00001a6c        0x4 LONG 0x1a80 __cy_region_init_ram
                0x00001a70        0x4 LONG 0x1fff8108 __cy_region_start_data
                0x00001a74        0x4 LONG 0x80 __cy_region_init_size_ram
                0x00001a78        0x4 LONG 0x58 __cy_region_zero_size_ram
                0x00001a7c                __cy_regions_end = .
                0x00001a80                . = ALIGN (0x8)
 *fill*         0x00001a7c        0x4 
                0x00001a80                _etext = .

.cy_checksum_exclude
                0x00001a80        0x0
 *(.cy_checksum_exclude)

.ramvectors     0x1fff8000      0x100
                0x1fff8000                __cy_region_start_ram = .
 *(.ramvectors)
 .ramvectors    0x1fff8000      0x100 .\ARM_GCC_493\Debug\Cm3Start.o
                0x1fff8000                CyRamVectors

.noinit         0x1fff8100        0x5
 *(.noinit)
 .noinit        0x1fff8100        0x4 .\ARM_GCC_493\Debug\Cm3Start.o
 .noinit        0x1fff8104        0x1 .\ARM_GCC_493\Debug\ADC_SingleEndedMode01.a(CyLib.o)
                0x1fff8104                CyResetStatus

.data           0x1fff8108       0x80 load address 0x00001a80
                0x1fff8108                __cy_region_start_data = .
 *(.jcr)
 .jcr           0x1fff8108        0x0 c:/program files (x86)/cypress/psoc creator/4.0/psoc creator/import/gnu/arm/4.9.3/bin/../lib/gcc/arm-none-eabi/4.9.3/armv7-m/crtbegin.o
 .jcr           0x1fff8108        0x4 c:/program files (x86)/cypress/psoc creator/4.0/psoc creator/import/gnu/arm/4.9.3/bin/../lib/gcc/arm-none-eabi/4.9.3/armv7-m/crtend.o
 *(.got.plt)
 *(.got)
 *(.shdata)
 *(.data .data.* .gnu.linkonce.d.*)
 .data          0x1fff810c        0x4 .\ARM_GCC_493\Debug\main.o
                0x1fff810c                id
 .data          0x1fff8110       0x10 .\ARM_GCC_493\Debug\ADC_SingleEndedMode01.a(CyLib.o)
                0x1fff8110                cydelay_freq_hz
                0x1fff8114                cydelay_freq_khz
                0x1fff8118                cydelay_freq_mhz
                0x1fff811c                cydelay_32k_ms
 .data.impure_data
                0x1fff8120       0x60 c:/program files (x86)/cypress/psoc creator/4.0/psoc creator/import/gnu/arm/4.9.3/bin/../lib/gcc/arm-none-eabi/4.9.3/../../../../arm-none-eabi/lib/armv7-m\libg_nano.a(lib_a-impure.o)
 .data._impure_ptr
                0x1fff8180        0x4 c:/program files (x86)/cypress/psoc creator/4.0/psoc creator/import/gnu/arm/4.9.3/bin/../lib/gcc/arm-none-eabi/4.9.3/../../../../arm-none-eabi/lib/armv7-m\libg_nano.a(lib_a-impure.o)
                0x1fff8180                _impure_ptr
                0x1fff8188                . = ALIGN (0x8)
 *fill*         0x1fff8184        0x4 
 *(.ram)
                0x1fff8188                _edata = .

.igot.plt       0x1fff8188        0x0 load address 0x00001b00
 .igot.plt      0x00000000        0x0 c:/program files (x86)/cypress/psoc creator/4.0/psoc creator/import/gnu/arm/4.9.3/bin/../lib/gcc/arm-none-eabi/4.9.3/armv7-m/crtbegin.o

.bss            0x1fff8188       0x58 load address 0x00001b00
                0x1fff8188                PROVIDE (__bss_start__, .)
 *(.shbss)
 *(.bss .bss.* .gnu.linkonce.b.*)
 .bss           0x1fff8188       0x1c c:/program files (x86)/cypress/psoc creator/4.0/psoc creator/import/gnu/arm/4.9.3/bin/../lib/gcc/arm-none-eabi/4.9.3/armv7-m/crtbegin.o
 .bss           0x1fff81a4        0xc .\ARM_GCC_493\Debug\main.o
                0x1fff81a4                flag
                0x1fff81a8                sum
                0x1fff81ac                average
 .bss           0x1fff81b0        0x2 .\ARM_GCC_493\Debug\ADC_SingleEndedMode01.a(LCD.o)
                0x1fff81b0                LCD_enableState
                0x1fff81b1                LCD_initVar
 .bss           0x1fff81b2        0x1 .\ARM_GCC_493\Debug\ADC_SingleEndedMode01.a(I2C_Master.o)
                0x1fff81b2                I2C_Master_initVar
 .bss           0x1fff81b3        0x1 .\ARM_GCC_493\Debug\ADC_SingleEndedMode01.a(Timer.o)
                0x1fff81b3                Timer_initVar
 *(COMMON)
 COMMON         0x1fff81b4       0x17 .\ARM_GCC_493\Debug\main.o
                0x1fff81b4                buffer
                0x1fff81ca                devAddr
 COMMON         0x1fff81cb        0x1 .\ARM_GCC_493\Debug\ADC_SingleEndedMode01.a(I2C_Master.o)
                0x1fff81cb                I2C_Master_state
 COMMON         0x1fff81cc        0xf .\ARM_GCC_493\Debug\ADC_SingleEndedMode01.a(I2C_Master_MASTER.o)
                0x1fff81cc                I2C_Master_mstrRdBufIndex
                0x1fff81cd                I2C_Master_mstrWrBufIndex
                0x1fff81ce                I2C_Master_mstrWrBufSize
                0x1fff81d0                I2C_Master_mstrWrBufPtr
                0x1fff81d4                I2C_Master_mstrRdBufPtr
                0x1fff81d8                I2C_Master_mstrControl
                0x1fff81d9                I2C_Master_mstrStatus
                0x1fff81da                I2C_Master_mstrRdBufSize
                0x1fff81e0                . = ALIGN (0x8)
 *fill*         0x1fff81db        0x5 
 *(.ram.b)
                0x1fff81e0                _end = .
                0x1fff81e0                __end = .
                0x1fff81e0                PROVIDE (end, .)
                0x1fff81e0                PROVIDE (__bss_end__, .)
                0x00001a80                __cy_region_init_ram = LOADADDR (.data)
                0x00000080                __cy_region_init_size_ram = (_edata - ADDR (.data))
                0x00000058                __cy_region_zero_size_ram = (_end - _edata)

.heap           0x1fff81e0       0x80 load address 0x00001b00
                0x1fff81e0                . = _end
                0x1fff8260                . = (. + 0x80)
 *fill*         0x1fff81e0       0x80 
                0x1fff8260                __cy_heap_limit = .

.stack          0x20007800      0x800
                0x20007800                __cy_stack_limit = .
                0x20008000                . = (. + 0x800)
 *fill*         0x20007800      0x800 
                0x00000001                ASSERT ((__cy_stack_limit >= __cy_heap_limit), region RAM overflowed with stack)
                0x00000000                cy_checksum_exclude_size = (CY_APPL_LOADABLE == 0x1)?SIZEOF (.cy_checksum_exclude):0x0
                0x00000001                ASSERT ((cy_checksum_exclude_size <= CY_CHECKSUM_EXCLUDE_SIZE), CY_BOOT: Section .cy_checksum_exclude size exceedes specified limit.)

.cyloadermeta
 *(.cyloadermeta)

.cyloadablemeta
 *(.cyloadablemeta)

.cyconfigecc    0x80000000       0xe4
 *(.cyconfigecc)
 .cyconfigecc   0x80000000       0xe4 .\ARM_GCC_493\Debug\cymetadata.o
                0x80000000                cy_meta_configecc

.cycustnvl      0x90000000        0x4
 *(.cycustnvl)
 .cycustnvl     0x90000000        0x4 .\ARM_GCC_493\Debug\cymetadata.o
                0x90000000                cy_meta_custnvl

.cywolatch      0x90100000        0x4
 *(.cywolatch)
 .cywolatch     0x90100000        0x4 .\ARM_GCC_493\Debug\cymetadata.o
                0x90100000                cy_meta_wonvl

.cyeeprom       0x90200000        0x0
 *(.cyeeprom)
                0x00000001                ASSERT ((. <= ((0x90200000 + ee_offset) + ee_size)), .cyeeprom data will not fit in EEPROM)

.cyflashprotect
                0x90400000      0x100
 *(.cyflashprotect)
 .cyflashprotect
                0x90400000      0x100 .\ARM_GCC_493\Debug\cymetadata.o
                0x90400000                cy_meta_flashprotect

.cymeta         0x90500000        0xc
 *(.cymeta)
 .cymeta        0x90500000        0xc .\ARM_GCC_493\Debug\cymetadata.o
                0x90500000                cy_metadata

.rel.dyn        0x00001b00        0x0 load address 0x9050000c
 .rel.iplt      0x00000000        0x0 c:/program files (x86)/cypress/psoc creator/4.0/psoc creator/import/gnu/arm/4.9.3/bin/../lib/gcc/arm-none-eabi/4.9.3/armv7-m/crtbegin.o

.stab
 *(.stab)

.stabstr
 *(.stabstr)

.debug
 *(.debug)

.line
 *(.line)

.debug_srcinfo
 *(.debug_srcinfo)

.debug_sfnames
 *(.debug_sfnames)

.debug_aranges  0x00000000     0x10a0
 *(.debug_aranges)
 .debug_aranges
                0x00000000       0x30 .\ARM_GCC_493\Debug\main.o
 .debug_aranges
                0x00000030      0x838 .\ARM_GCC_493\Debug\mpu6050.o
 .debug_aranges
                0x00000868       0x68 .\ARM_GCC_493\Debug\i2cFunctions.o
 .debug_aranges
                0x000008d0       0x18 .\ARM_GCC_493\Debug\cymetadata.o
 .debug_aranges
                0x000008e8       0x48 .\ARM_GCC_493\Debug\Cm3Start.o
 .debug_aranges
                0x00000930       0x70 .\ARM_GCC_493\Debug\ADC_SingleEndedMode01.a(cyfitter_cfg.o)
 .debug_aranges
                0x000009a0       0x98 .\ARM_GCC_493\Debug\ADC_SingleEndedMode01.a(LCD.o)
 .debug_aranges
                0x00000a38      0x2a0 .\ARM_GCC_493\Debug\ADC_SingleEndedMode01.a(CyLib.o)
 .debug_aranges
                0x00000cd8       0x98 .\ARM_GCC_493\Debug\ADC_SingleEndedMode01.a(cyPm.o)
 .debug_aranges
                0x00000d70       0x38 .\ARM_GCC_493\Debug\ADC_SingleEndedMode01.a(I2C_Master.o)
 .debug_aranges
                0x00000da8       0x20 .\ARM_GCC_493\Debug\ADC_SingleEndedMode01.a(I2C_Master_INT.o)
 .debug_aranges
                0x00000dc8       0x38 .\ARM_GCC_493\Debug\ADC_SingleEndedMode01.a(I2C_Master_PM.o)
 .debug_aranges
                0x00000e00       0x80 .\ARM_GCC_493\Debug\ADC_SingleEndedMode01.a(I2C_Master_MASTER.o)
 .debug_aranges
                0x00000e80       0x88 .\ARM_GCC_493\Debug\ADC_SingleEndedMode01.a(Timer.o)
 .debug_aranges
                0x00000f08       0x80 .\ARM_GCC_493\Debug\ADC_SingleEndedMode01.a(ISR.o)
 .debug_aranges
                0x00000f88       0x20 .\ARM_GCC_493\Debug\ADC_SingleEndedMode01.a(CyBootAsmGnu.o)
 .debug_aranges
                0x00000fa8       0x80 .\ARM_GCC_493\Debug\ADC_SingleEndedMode01.a(CyFlash.o)
 .debug_aranges
                0x00001028       0x78 .\ARM_GCC_493\Debug\ADC_SingleEndedMode01.a(CySpc.o)

.debug_pubnames
 *(.debug_pubnames)

.debug_info     0x00000000     0x5dac
 *(.debug_info .gnu.linkonce.wi.*)
 .debug_info    0x00000000      0x230 .\ARM_GCC_493\Debug\main.o
 .debug_info    0x00000230     0x21aa .\ARM_GCC_493\Debug\mpu6050.o
 .debug_info    0x000023da      0x43d .\ARM_GCC_493\Debug\i2cFunctions.o
 .debug_info    0x00002817      0x13a .\ARM_GCC_493\Debug\cymetadata.o
 .debug_info    0x00002951      0x319 .\ARM_GCC_493\Debug\Cm3Start.o
 .debug_info    0x00002c6a      0x437 .\ARM_GCC_493\Debug\ADC_SingleEndedMode01.a(cyfitter_cfg.o)
 .debug_info    0x000030a1      0x3c8 .\ARM_GCC_493\Debug\ADC_SingleEndedMode01.a(LCD.o)
 .debug_info    0x00003469      0xe4a .\ARM_GCC_493\Debug\ADC_SingleEndedMode01.a(CyLib.o)
 .debug_info    0x000042b3      0x561 .\ARM_GCC_493\Debug\ADC_SingleEndedMode01.a(cyPm.o)
 .debug_info    0x00004814      0x1fa .\ARM_GCC_493\Debug\ADC_SingleEndedMode01.a(I2C_Master.o)
 .debug_info    0x00004a0e      0x14f .\ARM_GCC_493\Debug\ADC_SingleEndedMode01.a(I2C_Master_INT.o)
 .debug_info    0x00004b5d      0x193 .\ARM_GCC_493\Debug\ADC_SingleEndedMode01.a(I2C_Master_PM.o)
 .debug_info    0x00004cf0      0x3f1 .\ARM_GCC_493\Debug\ADC_SingleEndedMode01.a(I2C_Master_MASTER.o)
 .debug_info    0x000050e1      0x23e .\ARM_GCC_493\Debug\ADC_SingleEndedMode01.a(Timer.o)
 .debug_info    0x0000531f      0x23a .\ARM_GCC_493\Debug\ADC_SingleEndedMode01.a(ISR.o)
 .debug_info    0x00005559       0x96 .\ARM_GCC_493\Debug\ADC_SingleEndedMode01.a(CyBootAsmGnu.o)
 .debug_info    0x000055ef      0x36a .\ARM_GCC_493\Debug\ADC_SingleEndedMode01.a(CyFlash.o)
 .debug_info    0x00005959      0x453 .\ARM_GCC_493\Debug\ADC_SingleEndedMode01.a(CySpc.o)

.debug_abbrev   0x00000000     0x144c
 *(.debug_abbrev)
 .debug_abbrev  0x00000000      0x138 .\ARM_GCC_493\Debug\main.o
 .debug_abbrev  0x00000138      0x18a .\ARM_GCC_493\Debug\mpu6050.o
 .debug_abbrev  0x000002c2       0x9f .\ARM_GCC_493\Debug\i2cFunctions.o
 .debug_abbrev  0x00000361       0x5d .\ARM_GCC_493\Debug\cymetadata.o
 .debug_abbrev  0x000003be      0x1b6 .\ARM_GCC_493\Debug\Cm3Start.o
 .debug_abbrev  0x00000574      0x1b0 .\ARM_GCC_493\Debug\ADC_SingleEndedMode01.a(cyfitter_cfg.o)
 .debug_abbrev  0x00000724      0x120 .\ARM_GCC_493\Debug\ADC_SingleEndedMode01.a(LCD.o)
 .debug_abbrev  0x00000844      0x217 .\ARM_GCC_493\Debug\ADC_SingleEndedMode01.a(CyLib.o)
 .debug_abbrev  0x00000a5b      0x161 .\ARM_GCC_493\Debug\ADC_SingleEndedMode01.a(cyPm.o)
 .debug_abbrev  0x00000bbc       0xe2 .\ARM_GCC_493\Debug\ADC_SingleEndedMode01.a(I2C_Master.o)
 .debug_abbrev  0x00000c9e       0x81 .\ARM_GCC_493\Debug\ADC_SingleEndedMode01.a(I2C_Master_INT.o)
 .debug_abbrev  0x00000d1f       0xf8 .\ARM_GCC_493\Debug\ADC_SingleEndedMode01.a(I2C_Master_PM.o)
 .debug_abbrev  0x00000e17      0x11e .\ARM_GCC_493\Debug\ADC_SingleEndedMode01.a(I2C_Master_MASTER.o)
 .debug_abbrev  0x00000f35       0xe9 .\ARM_GCC_493\Debug\ADC_SingleEndedMode01.a(Timer.o)
 .debug_abbrev  0x0000101e      0x172 .\ARM_GCC_493\Debug\ADC_SingleEndedMode01.a(ISR.o)
 .debug_abbrev  0x00001190       0x14 .\ARM_GCC_493\Debug\ADC_SingleEndedMode01.a(CyBootAsmGnu.o)
 .debug_abbrev  0x000011a4      0x13c .\ARM_GCC_493\Debug\ADC_SingleEndedMode01.a(CyFlash.o)
 .debug_abbrev  0x000012e0      0x16c .\ARM_GCC_493\Debug\ADC_SingleEndedMode01.a(CySpc.o)

.debug_line     0x00000000     0x36d5
 *(.debug_line)
 .debug_line    0x00000000      0x1b1 .\ARM_GCC_493\Debug\main.o
 .debug_line    0x000001b1     0x14ba .\ARM_GCC_493\Debug\mpu6050.o
 .debug_line    0x0000166b      0x236 .\ARM_GCC_493\Debug\i2cFunctions.o
 .debug_line    0x000018a1       0x51 .\ARM_GCC_493\Debug\cymetadata.o
 .debug_line    0x000018f2      0x1dc .\ARM_GCC_493\Debug\Cm3Start.o
 .debug_line    0x00001ace      0x21e .\ARM_GCC_493\Debug\ADC_SingleEndedMode01.a(cyfitter_cfg.o)
 .debug_line    0x00001cec      0x1e1 .\ARM_GCC_493\Debug\ADC_SingleEndedMode01.a(LCD.o)
 .debug_line    0x00001ecd      0x882 .\ARM_GCC_493\Debug\ADC_SingleEndedMode01.a(CyLib.o)
 .debug_line    0x0000274f      0x37f .\ARM_GCC_493\Debug\ADC_SingleEndedMode01.a(cyPm.o)
 .debug_line    0x00002ace       0xea .\ARM_GCC_493\Debug\ADC_SingleEndedMode01.a(I2C_Master.o)
 .debug_line    0x00002bb8      0x120 .\ARM_GCC_493\Debug\ADC_SingleEndedMode01.a(I2C_Master_INT.o)
 .debug_line    0x00002cd8       0xc6 .\ARM_GCC_493\Debug\ADC_SingleEndedMode01.a(I2C_Master_PM.o)
 .debug_line    0x00002d9e      0x1f5 .\ARM_GCC_493\Debug\ADC_SingleEndedMode01.a(I2C_Master_MASTER.o)
 .debug_line    0x00002f93      0x15d .\ARM_GCC_493\Debug\ADC_SingleEndedMode01.a(Timer.o)
 .debug_line    0x000030f0      0x14e .\ARM_GCC_493\Debug\ADC_SingleEndedMode01.a(ISR.o)
 .debug_line    0x0000323e       0x7d .\ARM_GCC_493\Debug\ADC_SingleEndedMode01.a(CyBootAsmGnu.o)
 .debug_line    0x000032bb      0x205 .\ARM_GCC_493\Debug\ADC_SingleEndedMode01.a(CyFlash.o)
 .debug_line    0x000034c0      0x215 .\ARM_GCC_493\Debug\ADC_SingleEndedMode01.a(CySpc.o)

.debug_frame    0x00000000     0x4428
 *(.debug_frame)
 .debug_frame   0x00000000       0x7c .\ARM_GCC_493\Debug\main.o
 .debug_frame   0x0000007c     0x22b4 .\ARM_GCC_493\Debug\mpu6050.o
 .debug_frame   0x00002330      0x1a4 .\ARM_GCC_493\Debug\i2cFunctions.o
 .debug_frame   0x000024d4       0xd8 .\ARM_GCC_493\Debug\Cm3Start.o
 .debug_frame   0x000025ac      0x1bc .\ARM_GCC_493\Debug\ADC_SingleEndedMode01.a(cyfitter_cfg.o)
 .debug_frame   0x00002768      0x260 .\ARM_GCC_493\Debug\ADC_SingleEndedMode01.a(LCD.o)
 .debug_frame   0x000029c8      0xc0c .\ARM_GCC_493\Debug\ADC_SingleEndedMode01.a(CyLib.o)
 .debug_frame   0x000035d4      0x234 .\ARM_GCC_493\Debug\ADC_SingleEndedMode01.a(cyPm.o)
 .debug_frame   0x00003808       0x98 .\ARM_GCC_493\Debug\ADC_SingleEndedMode01.a(I2C_Master.o)
 .debug_frame   0x000038a0       0x38 .\ARM_GCC_493\Debug\ADC_SingleEndedMode01.a(I2C_Master_INT.o)
 .debug_frame   0x000038d8       0x94 .\ARM_GCC_493\Debug\ADC_SingleEndedMode01.a(I2C_Master_PM.o)
 .debug_frame   0x0000396c      0x208 .\ARM_GCC_493\Debug\ADC_SingleEndedMode01.a(I2C_Master_MASTER.o)
 .debug_frame   0x00003b74      0x208 .\ARM_GCC_493\Debug\ADC_SingleEndedMode01.a(Timer.o)
 .debug_frame   0x00003d7c      0x1e8 .\ARM_GCC_493\Debug\ADC_SingleEndedMode01.a(ISR.o)
 .debug_frame   0x00003f64      0x210 .\ARM_GCC_493\Debug\ADC_SingleEndedMode01.a(CyFlash.o)
 .debug_frame   0x00004174      0x1f8 .\ARM_GCC_493\Debug\ADC_SingleEndedMode01.a(CySpc.o)
 .debug_frame   0x0000436c       0x20 c:/program files (x86)/cypress/psoc creator/4.0/psoc creator/import/gnu/arm/4.9.3/bin/../lib/gcc/arm-none-eabi/4.9.3/../../../../arm-none-eabi/lib/armv7-m\libg_nano.a(lib_a-errno.o)
 .debug_frame   0x0000438c       0x28 c:/program files (x86)/cypress/psoc creator/4.0/psoc creator/import/gnu/arm/4.9.3/bin/../lib/gcc/arm-none-eabi/4.9.3/../../../../arm-none-eabi/lib/armv7-m\libg_nano.a(lib_a-exit.o)
 .debug_frame   0x000043b4       0x2c c:/program files (x86)/cypress/psoc creator/4.0/psoc creator/import/gnu/arm/4.9.3/bin/../lib/gcc/arm-none-eabi/4.9.3/../../../../arm-none-eabi/lib/armv7-m\libg_nano.a(lib_a-init.o)
 .debug_frame   0x000043e0       0x28 c:/program files (x86)/cypress/psoc creator/4.0/psoc creator/import/gnu/arm/4.9.3/bin/../lib/gcc/arm-none-eabi/4.9.3/../../../../arm-none-eabi/lib/armv7-m\libg_nano.a(lib_a-memcpy.o)
 .debug_frame   0x00004408       0x20 c:/program files (x86)/cypress/psoc creator/4.0/psoc creator/import/gnu/arm/4.9.3/bin/../lib/gcc/arm-none-eabi/4.9.3/../../../../arm-none-eabi/lib/armv7-m\libg_nano.a(lib_a-memset.o)

.debug_str      0x00000000     0x3814
 *(.debug_str)
 .debug_str     0x00000000      0x1c4 .\ARM_GCC_493\Debug\main.o
                                0x215 (size before relaxing)
 .debug_str     0x000001c4     0x1ce3 .\ARM_GCC_493\Debug\mpu6050.o
                               0x1e9f (size before relaxing)
 .debug_str     0x00001ea7       0xb4 .\ARM_GCC_493\Debug\i2cFunctions.o
                                0x27d (size before relaxing)
 .debug_str     0x00001f5b       0x75 .\ARM_GCC_493\Debug\cymetadata.o
                                0x1f0 (size before relaxing)
 .debug_str     0x00001fd0      0x132 .\ARM_GCC_493\Debug\Cm3Start.o
                                0x2d1 (size before relaxing)
 .debug_str     0x00002102      0x1b0 .\ARM_GCC_493\Debug\ADC_SingleEndedMode01.a(cyfitter_cfg.o)
                                0x36d (size before relaxing)
 .debug_str     0x000022b2      0x171 .\ARM_GCC_493\Debug\ADC_SingleEndedMode01.a(LCD.o)
                                0x313 (size before relaxing)
 .debug_str     0x00002423      0x7d6 .\ARM_GCC_493\Debug\ADC_SingleEndedMode01.a(CyLib.o)
                                0x9e4 (size before relaxing)
 .debug_str     0x00002bf9      0x365 .\ARM_GCC_493\Debug\ADC_SingleEndedMode01.a(cyPm.o)
                                0x531 (size before relaxing)
 .debug_str     0x00002f5e      0x12b .\ARM_GCC_493\Debug\ADC_SingleEndedMode01.a(I2C_Master.o)
                                0x2d4 (size before relaxing)
 .debug_str     0x00003089       0xb7 .\ARM_GCC_493\Debug\ADC_SingleEndedMode01.a(I2C_Master_INT.o)
                                0x29f (size before relaxing)
 .debug_str     0x00003140       0x79 .\ARM_GCC_493\Debug\ADC_SingleEndedMode01.a(I2C_Master_PM.o)
                                0x267 (size before relaxing)
 .debug_str     0x000031b9      0x1d2 .\ARM_GCC_493\Debug\ADC_SingleEndedMode01.a(I2C_Master_MASTER.o)
                                0x43f (size before relaxing)
 .debug_str     0x0000338b      0x162 .\ARM_GCC_493\Debug\ADC_SingleEndedMode01.a(Timer.o)
                                0x2ef (size before relaxing)
 .debug_str     0x000034ed       0xca .\ARM_GCC_493\Debug\ADC_SingleEndedMode01.a(ISR.o)
                                0x284 (size before relaxing)
 .debug_str     0x000035b7      0x13e .\ARM_GCC_493\Debug\ADC_SingleEndedMode01.a(CyFlash.o)
                                0x2f0 (size before relaxing)
 .debug_str     0x000036f5      0x11f .\ARM_GCC_493\Debug\ADC_SingleEndedMode01.a(CySpc.o)
                                0x2ed (size before relaxing)

.debug_loc
 *(.debug_loc)

.debug_macinfo
 *(.debug_macinfo)

.debug_ranges   0x00000000      0xf68
 *(.debug_ranges)
 .debug_ranges  0x00000000       0x20 .\ARM_GCC_493\Debug\main.o
 .debug_ranges  0x00000020      0x828 .\ARM_GCC_493\Debug\mpu6050.o
 .debug_ranges  0x00000848       0x58 .\ARM_GCC_493\Debug\i2cFunctions.o
 .debug_ranges  0x000008a0       0x38 .\ARM_GCC_493\Debug\Cm3Start.o
 .debug_ranges  0x000008d8       0x60 .\ARM_GCC_493\Debug\ADC_SingleEndedMode01.a(cyfitter_cfg.o)
 .debug_ranges  0x00000938       0x88 .\ARM_GCC_493\Debug\ADC_SingleEndedMode01.a(LCD.o)
 .debug_ranges  0x000009c0      0x290 .\ARM_GCC_493\Debug\ADC_SingleEndedMode01.a(CyLib.o)
 .debug_ranges  0x00000c50       0x88 .\ARM_GCC_493\Debug\ADC_SingleEndedMode01.a(cyPm.o)
 .debug_ranges  0x00000cd8       0x28 .\ARM_GCC_493\Debug\ADC_SingleEndedMode01.a(I2C_Master.o)
 .debug_ranges  0x00000d00       0x10 .\ARM_GCC_493\Debug\ADC_SingleEndedMode01.a(I2C_Master_INT.o)
 .debug_ranges  0x00000d10       0x28 .\ARM_GCC_493\Debug\ADC_SingleEndedMode01.a(I2C_Master_PM.o)
 .debug_ranges  0x00000d38       0x70 .\ARM_GCC_493\Debug\ADC_SingleEndedMode01.a(I2C_Master_MASTER.o)
 .debug_ranges  0x00000da8       0x78 .\ARM_GCC_493\Debug\ADC_SingleEndedMode01.a(Timer.o)
 .debug_ranges  0x00000e20       0x70 .\ARM_GCC_493\Debug\ADC_SingleEndedMode01.a(ISR.o)
 .debug_ranges  0x00000e90       0x70 .\ARM_GCC_493\Debug\ADC_SingleEndedMode01.a(CyFlash.o)
 .debug_ranges  0x00000f00       0x68 .\ARM_GCC_493\Debug\ADC_SingleEndedMode01.a(CySpc.o)

.comment        0x00000000       0x70
 .comment       0x00000000       0x70 .\ARM_GCC_493\Debug\main.o
                                 0x71 (size before relaxing)
 .comment       0x00000000       0x71 .\ARM_GCC_493\Debug\mpu6050.o
 .comment       0x00000000       0x71 .\ARM_GCC_493\Debug\i2cFunctions.o
 .comment       0x00000000       0x71 .\ARM_GCC_493\Debug\cymetadata.o
 .comment       0x00000000       0x71 .\ARM_GCC_493\Debug\Cm3Start.o
 .comment       0x00000000       0x71 .\ARM_GCC_493\Debug\ADC_SingleEndedMode01.a(cyfitter_cfg.o)
 .comment       0x00000000       0x71 .\ARM_GCC_493\Debug\ADC_SingleEndedMode01.a(LCD.o)
 .comment       0x00000000       0x71 .\ARM_GCC_493\Debug\ADC_SingleEndedMode01.a(CyLib.o)
 .comment       0x00000000       0x71 .\ARM_GCC_493\Debug\ADC_SingleEndedMode01.a(cyPm.o)
 .comment       0x00000000       0x71 .\ARM_GCC_493\Debug\ADC_SingleEndedMode01.a(I2C_Master.o)
 .comment       0x00000000       0x71 .\ARM_GCC_493\Debug\ADC_SingleEndedMode01.a(I2C_Master_INT.o)
 .comment       0x00000000       0x71 .\ARM_GCC_493\Debug\ADC_SingleEndedMode01.a(I2C_Master_PM.o)
 .comment       0x00000000       0x71 .\ARM_GCC_493\Debug\ADC_SingleEndedMode01.a(I2C_Master_MASTER.o)
 .comment       0x00000000       0x71 .\ARM_GCC_493\Debug\ADC_SingleEndedMode01.a(Timer.o)
 .comment       0x00000000       0x71 .\ARM_GCC_493\Debug\ADC_SingleEndedMode01.a(ISR.o)
 .comment       0x00000000       0x71 .\ARM_GCC_493\Debug\ADC_SingleEndedMode01.a(CyFlash.o)
 .comment       0x00000000       0x71 .\ARM_GCC_493\Debug\ADC_SingleEndedMode01.a(CySpc.o)

.debug_weaknames
 *(.debug_weaknames)

.debug_funcnames
 *(.debug_funcnames)

.debug_typenames
 *(.debug_typenames)

.debug_varnames
 *(.debug_varnames)

.note.gnu.arm.ident
 *(.note.gnu.arm.ident)

.ARM.attributes
                0x00000000       0x29
 *(.ARM.attributes)
 .ARM.attributes
                0x00000000       0x1d c:/program files (x86)/cypress/psoc creator/4.0/psoc creator/import/gnu/arm/4.9.3/bin/../lib/gcc/arm-none-eabi/4.9.3/armv7-m/crti.o
 .ARM.attributes
                0x0000001d       0x2d c:/program files (x86)/cypress/psoc creator/4.0/psoc creator/import/gnu/arm/4.9.3/bin/../lib/gcc/arm-none-eabi/4.9.3/armv7-m/crtbegin.o
 .ARM.attributes
                0x0000004a       0x1b c:/program files (x86)/cypress/psoc creator/4.0/psoc creator/import/gnu/arm/4.9.3/bin/../lib/gcc/arm-none-eabi/4.9.3/../../../../arm-none-eabi/lib/armv7-m/crt0.o
 .ARM.attributes
                0x00000065       0x33 .\ARM_GCC_493\Debug\main.o
 .ARM.attributes
                0x00000098       0x33 .\ARM_GCC_493\Debug\mpu6050.o
 .ARM.attributes
                0x000000cb       0x33 .\ARM_GCC_493\Debug\i2cFunctions.o
 .ARM.attributes
                0x000000fe       0x33 .\ARM_GCC_493\Debug\cymetadata.o
 .ARM.attributes
                0x00000131       0x33 .\ARM_GCC_493\Debug\Cm3Start.o
 .ARM.attributes
                0x00000164       0x33 .\ARM_GCC_493\Debug\ADC_SingleEndedMode01.a(cyfitter_cfg.o)
 .ARM.attributes
                0x00000197       0x33 .\ARM_GCC_493\Debug\ADC_SingleEndedMode01.a(LCD.o)
 .ARM.attributes
                0x000001ca       0x33 .\ARM_GCC_493\Debug\ADC_SingleEndedMode01.a(CyLib.o)
 .ARM.attributes
                0x000001fd       0x33 .\ARM_GCC_493\Debug\ADC_SingleEndedMode01.a(cyPm.o)
 .ARM.attributes
                0x00000230       0x33 .\ARM_GCC_493\Debug\ADC_SingleEndedMode01.a(I2C_Master.o)
 .ARM.attributes
                0x00000263       0x33 .\ARM_GCC_493\Debug\ADC_SingleEndedMode01.a(I2C_Master_INT.o)
 .ARM.attributes
                0x00000296       0x33 .\ARM_GCC_493\Debug\ADC_SingleEndedMode01.a(I2C_Master_PM.o)
 .ARM.attributes
                0x000002c9       0x33 .\ARM_GCC_493\Debug\ADC_SingleEndedMode01.a(I2C_Master_MASTER.o)
 .ARM.attributes
                0x000002fc       0x33 .\ARM_GCC_493\Debug\ADC_SingleEndedMode01.a(Timer.o)
 .ARM.attributes
                0x0000032f       0x33 .\ARM_GCC_493\Debug\ADC_SingleEndedMode01.a(ISR.o)
 .ARM.attributes
                0x00000362       0x21 .\ARM_GCC_493\Debug\ADC_SingleEndedMode01.a(CyBootAsmGnu.o)
 .ARM.attributes
                0x00000383       0x33 .\ARM_GCC_493\Debug\ADC_SingleEndedMode01.a(CyFlash.o)
 .ARM.attributes
                0x000003b6       0x33 .\ARM_GCC_493\Debug\ADC_SingleEndedMode01.a(CySpc.o)
 .ARM.attributes
                0x000003e9       0x2d c:/program files (x86)/cypress/psoc creator/4.0/psoc creator/import/gnu/arm/4.9.3/bin/../lib/gcc/arm-none-eabi/4.9.3/../../../../arm-none-eabi/lib/armv7-m\libg_nano.a(lib_a-errno.o)
 .ARM.attributes
                0x00000416       0x2d c:/program files (x86)/cypress/psoc creator/4.0/psoc creator/import/gnu/arm/4.9.3/bin/../lib/gcc/arm-none-eabi/4.9.3/../../../../arm-none-eabi/lib/armv7-m\libg_nano.a(lib_a-exit.o)
 .ARM.attributes
                0x00000443       0x2d c:/program files (x86)/cypress/psoc creator/4.0/psoc creator/import/gnu/arm/4.9.3/bin/../lib/gcc/arm-none-eabi/4.9.3/../../../../arm-none-eabi/lib/armv7-m\libg_nano.a(lib_a-impure.o)
 .ARM.attributes
                0x00000470       0x2d c:/program files (x86)/cypress/psoc creator/4.0/psoc creator/import/gnu/arm/4.9.3/bin/../lib/gcc/arm-none-eabi/4.9.3/../../../../arm-none-eabi/lib/armv7-m\libg_nano.a(lib_a-init.o)
 .ARM.attributes
                0x0000049d       0x2d c:/program files (x86)/cypress/psoc creator/4.0/psoc creator/import/gnu/arm/4.9.3/bin/../lib/gcc/arm-none-eabi/4.9.3/../../../../arm-none-eabi/lib/armv7-m\libg_nano.a(lib_a-memcpy.o)
 .ARM.attributes
                0x000004ca       0x2d c:/program files (x86)/cypress/psoc creator/4.0/psoc creator/import/gnu/arm/4.9.3/bin/../lib/gcc/arm-none-eabi/4.9.3/../../../../arm-none-eabi/lib/armv7-m\libg_nano.a(lib_a-memset.o)
 .ARM.attributes
                0x000004f7       0x2d c:/program files (x86)/cypress/psoc creator/4.0/psoc creator/import/gnu/arm/4.9.3/bin/../lib/gcc/arm-none-eabi/4.9.3/armv7-m/crtend.o
 .ARM.attributes
                0x00000524       0x1d c:/program files (x86)/cypress/psoc creator/4.0/psoc creator/import/gnu/arm/4.9.3/bin/../lib/gcc/arm-none-eabi/4.9.3/armv7-m/crtn.o

/DISCARD/
 *(.note.GNU-stack)
OUTPUT(.\ARM_GCC_493\Debug\ADC_SingleEndedMode01.elf elf32-littlearm)
