Archive member included because of file (symbol)

.\ARM_GCC_493\Debug\ADC_ReadPot.a(cyfitter_cfg.o)
                              .\ARM_GCC_493\Debug\Cm3Start.o (cyfitter_cfg)
.\ARM_GCC_493\Debug\ADC_ReadPot.a(LCD.o)
                              .\ARM_GCC_493\Debug\main.o (LCD_Start)
.\ARM_GCC_493\Debug\ADC_ReadPot.a(CyLib.o)
                              .\ARM_GCC_493\Debug\Cm3Start.o (CyResetStatus)
.\ARM_GCC_493\Debug\ADC_ReadPot.a(cyPm.o)
                              .\ARM_GCC_493\Debug\ADC_ReadPot.a(CyLib.o) (CyPmReadStatus)
.\ARM_GCC_493\Debug\ADC_ReadPot.a(ADC.o)
                              .\ARM_GCC_493\Debug\main.o (ADC_Start)
.\ARM_GCC_493\Debug\ADC_ReadPot.a(ADC_INT.o)
                              .\ARM_GCC_493\Debug\ADC_ReadPot.a(ADC.o) (ADC_ISR1)
.\ARM_GCC_493\Debug\ADC_ReadPot.a(ADC_AMux.o)
                              .\ARM_GCC_493\Debug\ADC_ReadPot.a(ADC.o) (ADC_AMux_Select)
.\ARM_GCC_493\Debug\ADC_ReadPot.a(ADC_Ext_CP_Clk.o)
                              .\ARM_GCC_493\Debug\ADC_ReadPot.a(ADC.o) (ADC_Ext_CP_Clk_SetDividerRegister)
.\ARM_GCC_493\Debug\ADC_ReadPot.a(ADC_theACLK.o)
                              .\ARM_GCC_493\Debug\ADC_ReadPot.a(ADC.o) (ADC_theACLK_SetDividerRegister)
.\ARM_GCC_493\Debug\ADC_ReadPot.a(LED4.o)
                              .\ARM_GCC_493\Debug\main.o (LED4_Write)
.\ARM_GCC_493\Debug\ADC_ReadPot.a(LED3.o)
                              .\ARM_GCC_493\Debug\main.o (LED3_Write)
.\ARM_GCC_493\Debug\ADC_ReadPot.a(I2C_Master.o)
                              .\ARM_GCC_493\Debug\main.o (I2C_Master_Start)
.\ARM_GCC_493\Debug\ADC_ReadPot.a(I2C_Master_INT.o)
                              .\ARM_GCC_493\Debug\ADC_ReadPot.a(I2C_Master.o) (I2C_Master_ISR)
.\ARM_GCC_493\Debug\ADC_ReadPot.a(I2C_Master_PM.o)
                              .\ARM_GCC_493\Debug\ADC_ReadPot.a(I2C_Master.o) (I2C_Master_backup)
.\ARM_GCC_493\Debug\ADC_ReadPot.a(I2C_Master_MASTER.o)
                              .\ARM_GCC_493\Debug\ADC_ReadPot.a(I2C_Master.o) (I2C_Master_mstrStatus)
.\ARM_GCC_493\Debug\ADC_ReadPot.a(CyBootAsmGnu.o)
                              .\ARM_GCC_493\Debug\ADC_ReadPot.a(cyfitter_cfg.o) (CyDelayCycles)
.\ARM_GCC_493\Debug\ADC_ReadPot.a(CyFlash.o)
                              .\ARM_GCC_493\Debug\ADC_ReadPot.a(cyPm.o) (CyFlash_SetWaitCycles)
.\ARM_GCC_493\Debug\ADC_ReadPot.a(CySpc.o)
                              .\ARM_GCC_493\Debug\ADC_ReadPot.a(CyFlash.o) (CySpcStart)
c:/program files (x86)/cypress/psoc creator/4.0/psoc creator/import/gnu/arm/4.9.3/bin/../lib/gcc/arm-none-eabi/4.9.3/armv7-m\libgcc.a(_arm_addsubdf3.o)
                              .\ARM_GCC_493\Debug\ADC_ReadPot.a(ADC.o) (__aeabi_f2d)
c:/program files (x86)/cypress/psoc creator/4.0/psoc creator/import/gnu/arm/4.9.3/bin/../lib/gcc/arm-none-eabi/4.9.3/armv7-m\libgcc.a(_arm_cmpdf2.o)
                              .\ARM_GCC_493\Debug\ADC_ReadPot.a(ADC.o) (__aeabi_dcmpgt)
c:/program files (x86)/cypress/psoc creator/4.0/psoc creator/import/gnu/arm/4.9.3/bin/../lib/gcc/arm-none-eabi/4.9.3/armv7-m\libgcc.a(_arm_addsubsf3.o)
                              .\ARM_GCC_493\Debug\ADC_ReadPot.a(ADC.o) (__aeabi_ui2f)
c:/program files (x86)/cypress/psoc creator/4.0/psoc creator/import/gnu/arm/4.9.3/bin/../lib/gcc/arm-none-eabi/4.9.3/armv7-m\libgcc.a(_arm_muldivsf3.o)
                              .\ARM_GCC_493\Debug\ADC_ReadPot.a(ADC.o) (__aeabi_fmul)
c:/program files (x86)/cypress/psoc creator/4.0/psoc creator/import/gnu/arm/4.9.3/bin/../lib/gcc/arm-none-eabi/4.9.3/armv7-m\libgcc.a(_arm_fixunssfsi.o)
                              .\ARM_GCC_493\Debug\ADC_ReadPot.a(ADC.o) (__aeabi_f2uiz)
c:/program files (x86)/cypress/psoc creator/4.0/psoc creator/import/gnu/arm/4.9.3/bin/../lib/gcc/arm-none-eabi/4.9.3/../../../../arm-none-eabi/lib/armv7-m\libg_nano.a(lib_a-errno.o)
                              .\ARM_GCC_493\Debug\Cm3Start.o (__errno)
c:/program files (x86)/cypress/psoc creator/4.0/psoc creator/import/gnu/arm/4.9.3/bin/../lib/gcc/arm-none-eabi/4.9.3/../../../../arm-none-eabi/lib/armv7-m\libg_nano.a(lib_a-exit.o)
                              c:/program files (x86)/cypress/psoc creator/4.0/psoc creator/import/gnu/arm/4.9.3/bin/../lib/gcc/arm-none-eabi/4.9.3/../../../../arm-none-eabi/lib/armv7-m/crt0.o (exit)
c:/program files (x86)/cypress/psoc creator/4.0/psoc creator/import/gnu/arm/4.9.3/bin/../lib/gcc/arm-none-eabi/4.9.3/../../../../arm-none-eabi/lib/armv7-m\libg_nano.a(lib_a-impure.o)
                              c:/program files (x86)/cypress/psoc creator/4.0/psoc creator/import/gnu/arm/4.9.3/bin/../lib/gcc/arm-none-eabi/4.9.3/../../../../arm-none-eabi/lib/armv7-m\libg_nano.a(lib_a-exit.o) (_global_impure_ptr)
c:/program files (x86)/cypress/psoc creator/4.0/psoc creator/import/gnu/arm/4.9.3/bin/../lib/gcc/arm-none-eabi/4.9.3/../../../../arm-none-eabi/lib/armv7-m\libg_nano.a(lib_a-init.o)
[...]
Memory Configuration

Name             Origin             Length             Attributes
rom              0x00000000         0x00040000         xr
ram              0x1fff8000         0x00010000         xrw
*default*        0x00000000         0xffffffff

Linker script and memory map

LOAD c:/program files (x86)/cypress/psoc creator/4.0/psoc creator/import/gnu/arm/4.9.3/bin/../lib/gcc/arm-none-eabi/4.9.3/armv7-m/crti.o
LOAD c:/program files (x86)/cypress/psoc creator/4.0/psoc creator/import/gnu/arm/4.9.3/bin/../lib/gcc/arm-none-eabi/4.9.3/armv7-m/crtbegin.o
LOAD c:/program files (x86)/cypress/psoc creator/4.0/psoc creator/import/gnu/arm/4.9.3/bin/../lib/gcc/arm-none-eabi/4.9.3/../../../../arm-none-eabi/lib/armv7-m/crt0.o
START GROUP
LOAD .\ARM_GCC_493\Debug\main.o
LOAD .\ARM_GCC_493\Debug\LiquidCrystal_I2C.o
LOAD .\ARM_GCC_493\Debug\mpu6050.o
LOAD .\ARM_GCC_493\Debug\i2cFunctions.o
LOAD .\ARM_GCC_493\Debug\functions.o
LOAD .\ARM_GCC_493\Debug\cymetadata.o
LOAD .\ARM_GCC_493\Debug\Cm3Start.o
LOAD .\ARM_GCC_493\Debug\ADC_ReadPot.a
LOAD C:\Program Files (x86)\Cypress\PSoC Creator\4.0\PSoC Creator\psoc\content\cycomponentlibrary\CyComponentLibrary.cylib\CortexM3\ARM_GCC_493\Debug\CyComponentLibrary.a
END GROUP
START GROUP
LOAD c:/program files (x86)/cypress/psoc creator/4.0/psoc creator/import/gnu/arm/4.9.3/bin/../lib/gcc/arm-none-eabi/4.9.3/armv7-m\libgcc.a
LOAD c:/program files (x86)/cypress/psoc creator/4.0/psoc creator/import/gnu/arm/4.9.3/bin/../lib/gcc/arm-none-eabi/4.9.3/../../../../arm-none-eabi/lib/armv7-m\libg_nano.a
LOAD c:/program files (x86)/cypress/psoc creator/4.0/psoc creator/import/gnu/arm/4.9.3/bin/../lib/gcc/arm-none-eabi/4.9.3/../../../../arm-none-eabi/lib/armv7-m\libc_nano.a
END GROUP
START GROUP
LOAD c:/program files (x86)/cypress/psoc creator/4.0/psoc creator/import/gnu/arm/4.9.3/bin/../lib/gcc/arm-none-eabi/4.9.3/armv7-m\libgcc.a
LOAD c:/program files (x86)/cypress/psoc creator/4.0/psoc creator/import/gnu/arm/4.9.3/bin/../lib/gcc/arm-none-eabi/4.9.3/../../../../arm-none-eabi/lib/armv7-m\libc_nano.a
END GROUP
LOAD c:/program files (x86)/cypress/psoc creator/4.0/psoc creator/import/gnu/arm/4.9.3/bin/../lib/gcc/arm-none-eabi/4.9.3/armv7-m/crtend.o
LOAD c:/program files (x86)/cypress/psoc creator/4.0/psoc creator/import/gnu/arm/4.9.3/bin/../lib/gcc/arm-none-eabi/4.9.3/armv7-m/crtn.o
START GROUP
LOAD c:/program files (x86)/cypress/psoc creator/4.0/psoc creator/import/gnu/arm/4.9.3/bin/../lib/gcc/arm-none-eabi/4.9.3/armv7-m\libgcc.a
LOAD c:/program files (x86)/cypress/psoc creator/4.0/psoc creator/import/gnu/arm/4.9.3/bin/../lib/gcc/arm-none-eabi/4.9.3/../../../../arm-none-eabi/lib/armv7-m\libc.a
LOAD c:/program files (x86)/cypress/psoc creator/4.0/psoc creator/import/gnu/arm/4.9.3/bin/../lib/gcc/arm-none-eabi/4.9.3/../../../../arm-none-eabi/lib/armv7-m\libnosys.a
END GROUP
                0x00000000                CY_APPL_ORIGIN = 0x0
                0x00000100                CY_FLASH_ROW_SIZE = 0x100
                0x00000020                CY_ECC_ROW_SIZE = 0x20
                0x00000000                CY_EE_IN_BTLDR = 0x0
                0x00000000                CY_APPL_LOADABLE = 0x0
                0x00000800                CY_EE_SIZE = 0x800
                0x00000001                CY_APPL_NUM = 0x1
                0x00000001                CY_APPL_MAX = 0x1
                0x00000040                CY_METADATA_SIZE = 0x40
                0x00000000                CY_APPL_LOADABLE = 0x0
                0x00000000                CY_CHECKSUM_EXCLUDE_SIZE = ALIGN (0x0, CY_FLASH_ROW_SIZE)
                0x1fff8208                PROVIDE (__cy_heap_start, _end)
                0x00000001                PROVIDE (__cy_region_num, ((__cy_regions_end - __cy_regions) / 0x10))
                0x20008000                PROVIDE (__cy_stack, (ORIGIN (ram) + 0x10000))
                0x20007800                PROVIDE (__cy_heap_end, (__cy_stack - 0x800))

.cybootloader   0x00000000        0x0
 *(.cybootloader)
                0x00000000                appl1_start = CY_APPL_ORIGIN?CY_APPL_ORIGIN:ALIGN (CY_FLASH_ROW_SIZE)
                0x0001ff00                appl2_start = (appl1_start + ALIGN ((((0x40000 - appl1_start) - (0x2 * CY_FLASH_ROW_SIZE)) / 0x2), CY_FLASH_ROW_SIZE))
                0x00000000                appl_start = (CY_APPL_NUM == 0x1)?appl1_start:appl2_start
                0x00000000                ecc_offset = ((appl_start / CY_FLASH_ROW_SIZE) * CY_ECC_ROW_SIZE)
                0x00000000                ee_offset = (CY_APPL_LOADABLE && ! (CY_EE_IN_BTLDR))?((CY_EE_SIZE / CY_APPL_MAX) * (CY_APPL_NUM - 0x1)):0x0
                0x00000800                ee_size = (CY_APPL_LOADABLE && ! (CY_EE_IN_BTLDR))?(CY_EE_SIZE / CY_APPL_MAX):CY_EE_SIZE
                0x00000000                PROVIDE (CY_ECC_OFFSET, ecc_offset)

.text           0x00000000     0x2d94
 CREATE_OBJECT_SYMBOLS
                0x00000000                PROVIDE (__cy_interrupt_vector, RomVectors)
 *(.romvectors)
 .romvectors    0x00000000       0x10 .\ARM_GCC_493\Debug\Cm3Start.o
                0x00000000                RomVectors
                0x00000001                ASSERT ((. != __cy_interrupt_vector), No interrupt vector)
                0x00000001                ASSERT (CY_APPL_ORIGIN?(SIZEOF (.cybootloader) <= CY_APPL_ORIGIN):0x1, Wrong image location)
                0x00000010                PROVIDE (__cy_reset, Reset)
 *(.text.Reset)
 .text.Reset    0x00000010       0x18 .\ARM_GCC_493\Debug\Cm3Start.o
                0x00000010                Reset
                0x00000001                ASSERT ((. != __cy_reset), No reset code)
 *(.dma_init)
                0x00000001                ASSERT ((((appl_start + .) <= 0x10000) || 0x1), DMA Init must be within the first 64k of flash)
 *(.text .text.* .gnu.linkonce.t.*)
 .text          0x00000028       0x5c c:/program files (x86)/cypress/psoc creator/4.0/psoc creator/import/gnu/arm/4.9.3/bin/../lib/gcc/arm-none-eabi/4.9.3/armv7-m/crtbegin.o
 .text.main     0x00000084       0xe8 .\ARM_GCC_493\Debug\main.o
                0x00000084                main
 .text.LiquidCrystal_I2C_init
                0x0000016c       0x5c .\ARM_GCC_493\Debug\LiquidCrystal_I2C.o
                0x0000016c                LiquidCrystal_I2C_init
 .text.begin    0x000001c8       0xd8 .\ARM_GCC_493\Debug\LiquidCrystal_I2C.o
                0x000001c8                begin
 .text.clear    0x000002a0       0x14 .\ARM_GCC_493\Debug\LiquidCrystal_I2C.o
                0x000002a0                clear
 .text.home     0x000002b4       0x14 .\ARM_GCC_493\Debug\LiquidCrystal_I2C.o
                0x000002b4                home
 .text.setCursor
                0x000002c8       0x64 .\ARM_GCC_493\Debug\LiquidCrystal_I2C.o
                0x000002c8                setCursor
 .text.display  0x0000032c       0x2c .\ARM_GCC_493\Debug\LiquidCrystal_I2C.o
                0x0000032c                display
 .text.command  0x00000358       0x1c .\ARM_GCC_493\Debug\LiquidCrystal_I2C.o
                0x00000358                command
 .text.write    0x00000374       0x1c .\ARM_GCC_493\Debug\LiquidCrystal_I2C.o
                0x00000374                write
 .text.send     0x00000390       0x44 .\ARM_GCC_493\Debug\LiquidCrystal_I2C.o
                0x00000390                send
 .text.write4bits
                0x000003d4       0x24 .\ARM_GCC_493\Debug\LiquidCrystal_I2C.o
                0x000003d4                write4bits
 .text.expanderWrite
                0x000003f8       0x30 .\ARM_GCC_493\Debug\LiquidCrystal_I2C.o
                0x000003f8                expanderWrite
 .text.pulseEnable
                0x00000428       0x3c .\ARM_GCC_493\Debug\LiquidCrystal_I2C.o
                0x00000428                pulseEnable
 .text.LCD_print
                0x00000464       0x40 .\ARM_GCC_493\Debug\LiquidCrystal_I2C.o
                0x00000464                LCD_print
 .text.I2C_M_write_byte
                0x000004a4       0x30 .\ARM_GCC_493\Debug\LiquidCrystal_I2C.o
                0x000004a4                I2C_M_write_byte
 .text.I2C_LCD_print
                0x000004d4       0x50 .\ARM_GCC_493\Debug\functions.o
                0x000004d4                I2C_LCD_print
 .text.IntDefaultHandler
                0x00000524       0x14 .\ARM_GCC_493\Debug\Cm3Start.o
                0x00000524                IntDefaultHandler
 .text._sbrk    0x00000538       0x50 .\ARM_GCC_493\Debug\Cm3Start.o
                0x00000538                _sbrk
 .text.Start_c  0x00000588       0x98 .\ARM_GCC_493\Debug\Cm3Start.o
                0x00000588                Start_c
 .text.initialize_psoc
                0x00000620       0x8c .\ARM_GCC_493\Debug\Cm3Start.o
                0x00000620                initialize_psoc
 .text.CYMEMZERO
                0x000006ac       0x1c .\ARM_GCC_493\Debug\ADC_ReadPot.a(cyfitter_cfg.o)
 .text.CYCONFIGCPY
                0x000006c8       0x1c .\ARM_GCC_493\Debug\ADC_ReadPot.a(cyfitter_cfg.o)
 .text.CyClockStartupError
                0x000006e4        0xc .\ARM_GCC_493\Debug\ADC_ReadPot.a(cyfitter_cfg.o)
 .text.cfg_write_bytes32
                0x000006f0       0x74 .\ARM_GCC_493\Debug\ADC_ReadPot.a(cyfitter_cfg.o)
 .text.ClockSetup
                0x00000764      0x144 .\ARM_GCC_493\Debug\ADC_ReadPot.a(cyfitter_cfg.o)
 .text.AnalogSetDefault
                0x000008a8       0x58 .\ARM_GCC_493\Debug\ADC_ReadPot.a(cyfitter_cfg.o)
 .text.ADC_AMux_Set
                0x00000900       0x40 .\ARM_GCC_493\Debug\ADC_ReadPot.a(cyfitter_cfg.o)
                0x00000900                ADC_AMux_Set
 .text.ADC_AMux_Unset
                0x00000940       0x44 .\ARM_GCC_493\Debug\ADC_ReadPot.a(cyfitter_cfg.o)
                0x00000940                ADC_AMux_Unset
 .text.cyfitter_cfg
                0x00000984      0x150 .\ARM_GCC_493\Debug\ADC_ReadPot.a(cyfitter_cfg.o)
                0x00000984                cyfitter_cfg
 .text.LCD_Init
                0x00000ad4       0x6c .\ARM_GCC_493\Debug\ADC_ReadPot.a(LCD.o)
                0x00000ad4                LCD_Init
 .text.LCD_Enable
                0x00000b40       0x18 .\ARM_GCC_493\Debug\ADC_ReadPot.a(LCD.o)
                0x00000b40                LCD_Enable
 .text.LCD_Start
                0x00000b58       0x20 .\ARM_GCC_493\Debug\ADC_ReadPot.a(LCD.o)
                0x00000b58                LCD_Start
 .text.LCD_Position
                0x00000b78       0x6c .\ARM_GCC_493\Debug\ADC_ReadPot.a(LCD.o)
                0x00000b78                LCD_Position
 .text.LCD_PrintString
                0x00000be4       0x38 .\ARM_GCC_493\Debug\ADC_ReadPot.a(LCD.o)
                0x00000be4                LCD_PrintString
 .text.LCD_WriteData
                0x00000c1c       0x34 .\ARM_GCC_493\Debug\ADC_ReadPot.a(LCD.o)
                0x00000c1c                LCD_WriteData
 .text.LCD_WriteControl
                0x00000c50       0x34 .\ARM_GCC_493\Debug\ADC_ReadPot.a(LCD.o)
                0x00000c50                LCD_WriteControl
 .text.LCD_IsReady
                0x00000c84      0x178 .\ARM_GCC_493\Debug\ADC_ReadPot.a(LCD.o)
                0x00000c84                LCD_IsReady
 .text.LCD_WrDatNib
                0x00000dfc       0x78 .\ARM_GCC_493\Debug\ADC_ReadPot.a(LCD.o)
 .text.LCD_WrCntrlNib
                0x00000e74       0x60 .\ARM_GCC_493\Debug\ADC_ReadPot.a(LCD.o)
 .text.CyHalt   0x00000ed4       0x18 .\ARM_GCC_493\Debug\ADC_ReadPot.a(CyLib.o)
                0x00000ed4                CyHalt
 .text.CyDelay  0x00000eec       0x44 .\ARM_GCC_493\Debug\ADC_ReadPot.a(CyLib.o)
                0x00000eec                CyDelay
 .text.CyDelayUs
                0x00000f30       0x24 .\ARM_GCC_493\Debug\ADC_ReadPot.a(CyLib.o)
                0x00000f30                CyDelayUs
 .text.CyIntSetVector
                0x00000f54       0x50 .\ARM_GCC_493\Debug\ADC_ReadPot.a(CyLib.o)
                0x00000f54                CyIntSetVector
 .text.CyIntSetPriority
                0x00000fa4       0x44 .\ARM_GCC_493\Debug\ADC_ReadPot.a(CyLib.o)
                0x00000fa4                CyIntSetPriority
 .text.ADC_Init
                0x00000fe8      0x158 .\ARM_GCC_493\Debug\ADC_ReadPot.a(ADC.o)
                0x00000fe8                ADC_Init
 .text.ADC_Enable
                0x00001140      0x158 .\ARM_GCC_493\Debug\ADC_ReadPot.a(ADC.o)
                0x00001140                ADC_Enable
 .text.ADC_Start
                0x00001298       0x30 .\ARM_GCC_493\Debug\ADC_ReadPot.a(ADC.o)
                0x00001298                ADC_Start
 .text.ADC_StartConvert
                0x000012c8       0x20 .\ARM_GCC_493\Debug\ADC_ReadPot.a(ADC.o)
                0x000012c8                ADC_StartConvert
 .text.ADC_IsEndConversion
                0x000012e8       0x50 .\ARM_GCC_493\Debug\ADC_ReadPot.a(ADC.o)
                0x000012e8                ADC_IsEndConversion
 .text.ADC_GetResult32
                0x00001338       0xa8 .\ARM_GCC_493\Debug\ADC_ReadPot.a(ADC.o)
                0x00001338                ADC_GetResult32
 .text.ADC_InitConfig
                0x000013e0      0x40c .\ARM_GCC_493\Debug\ADC_ReadPot.a(ADC.o)
 .text.ADC_GainCompensation
                0x000017ec      0x16c .\ARM_GCC_493\Debug\ADC_ReadPot.a(ADC.o)
 .text.ADC_SetDSMRef0Reg
                0x00001958       0x78 .\ARM_GCC_493\Debug\ADC_ReadPot.a(ADC.o)
 .text.ADC_ISR1
                0x000019d0        0xc .\ARM_GCC_493\Debug\ADC_ReadPot.a(ADC_INT.o)
                0x000019d0                ADC_ISR1
 .text.ADC_ISR2
                0x000019dc        0xc .\ARM_GCC_493\Debug\ADC_ReadPot.a(ADC_INT.o)
                0x000019dc                ADC_ISR2
 .text.ADC_ISR3
                0x000019e8        0xc .\ARM_GCC_493\Debug\ADC_ReadPot.a(ADC_INT.o)
                0x000019e8                ADC_ISR3
 .text.ADC_ISR4
                0x000019f4        0xc .\ARM_GCC_493\Debug\ADC_ReadPot.a(ADC_INT.o)
                0x000019f4                ADC_ISR4
 .text.ADC_AMux_Start
                0x00001a00       0x30 .\ARM_GCC_493\Debug\ADC_ReadPot.a(ADC_AMux.o)
                0x00001a00                ADC_AMux_Start
 .text.ADC_AMux_Select
                0x00001a30       0x28 .\ARM_GCC_493\Debug\ADC_ReadPot.a(ADC_AMux.o)
                0x00001a30                ADC_AMux_Select
 .text.ADC_Ext_CP_Clk_SetDividerRegister
                0x00001a58      0x160 .\ARM_GCC_493\Debug\ADC_ReadPot.a(ADC_Ext_CP_Clk.o)
                0x00001a58                ADC_Ext_CP_Clk_SetDividerRegister
 .text.ADC_Ext_CP_Clk_GetDividerRegister
                0x00001bb8       0x18 .\ARM_GCC_493\Debug\ADC_ReadPot.a(ADC_Ext_CP_Clk.o)
                0x00001bb8                ADC_Ext_CP_Clk_GetDividerRegister
 .text.ADC_Ext_CP_Clk_SetModeRegister
                0x00001bd0       0x34 .\ARM_GCC_493\Debug\ADC_ReadPot.a(ADC_Ext_CP_Clk.o)
                0x00001bd0                ADC_Ext_CP_Clk_SetModeRegister
 .text.ADC_Ext_CP_Clk_GetSourceRegister
                0x00001c04       0x20 .\ARM_GCC_493\Debug\ADC_ReadPot.a(ADC_Ext_CP_Clk.o)
                0x00001c04                ADC_Ext_CP_Clk_GetSourceRegister
 .text.ADC_theACLK_SetDividerRegister
                0x00001c24      0x160 .\ARM_GCC_493\Debug\ADC_ReadPot.a(ADC_theACLK.o)
                0x00001c24                ADC_theACLK_SetDividerRegister
 .text.ADC_theACLK_GetDividerRegister
                0x00001d84       0x18 .\ARM_GCC_493\Debug\ADC_ReadPot.a(ADC_theACLK.o)
                0x00001d84                ADC_theACLK_GetDividerRegister
 .text.ADC_theACLK_SetModeRegister
                0x00001d9c       0x34 .\ARM_GCC_493\Debug\ADC_ReadPot.a(ADC_theACLK.o)
                0x00001d9c                ADC_theACLK_SetModeRegister
 .text.ADC_theACLK_GetSourceRegister
                0x00001dd0       0x20 .\ARM_GCC_493\Debug\ADC_ReadPot.a(ADC_theACLK.o)
                0x00001dd0                ADC_theACLK_GetSourceRegister
 .text.LED4_Write
                0x00001df0       0x3c .\ARM_GCC_493\Debug\ADC_ReadPot.a(LED4.o)
                0x00001df0                LED4_Write
 .text.LED3_Write
                0x00001e2c       0x3c .\ARM_GCC_493\Debug\ADC_ReadPot.a(LED3.o)
                0x00001e2c                LED3_Write
 .text.I2C_Master_Init
                0x00001e68       0x80 .\ARM_GCC_493\Debug\ADC_ReadPot.a(I2C_Master.o)
                0x00001e68                I2C_Master_Init
 .text.I2C_Master_Enable
                0x00001ee8       0x44 .\ARM_GCC_493\Debug\ADC_ReadPot.a(I2C_Master.o)
                0x00001ee8                I2C_Master_Enable
 .text.I2C_Master_Start
                0x00001f2c       0x2c .\ARM_GCC_493\Debug\ADC_ReadPot.a(I2C_Master.o)
                0x00001f2c                I2C_Master_Start
 .text.I2C_Master_ISR
                0x00001f58      0x3ac .\ARM_GCC_493\Debug\ADC_ReadPot.a(I2C_Master_INT.o)
                0x00001f58                I2C_Master_ISR
 .text.I2C_Master_MasterSendStart
                0x00002304       0xbc .\ARM_GCC_493\Debug\ADC_ReadPot.a(I2C_Master_MASTER.o)
                0x00002304                I2C_Master_MasterSendStart
 .text.I2C_Master_MasterSendStop
                0x000023c0       0x58 .\ARM_GCC_493\Debug\ADC_ReadPot.a(I2C_Master_MASTER.o)
                0x000023c0                I2C_Master_MasterSendStop
 .text.I2C_Master_MasterWriteByte
                0x00002418       0x80 .\ARM_GCC_493\Debug\ADC_ReadPot.a(I2C_Master_MASTER.o)
                0x00002418                I2C_Master_MasterWriteByte
 .text          0x00002498       0x58 .\ARM_GCC_493\Debug\ADC_ReadPot.a(CyBootAsmGnu.o)
                0x00002498                CyDelayCycles
                0x000024d6                CyEnterCriticalSection
                0x000024de                CyExitCriticalSection
 .text.__errno  0x000024f0        0xc c:/program files (x86)/cypress/psoc creator/4.0/psoc creator/import/gnu/arm/4.9.3/bin/../lib/gcc/arm-none-eabi/4.9.3/../../../../arm-none-eabi/lib/armv7-m\libg_nano.a(lib_a-errno.o)
                0x000024f0                __errno
 .text.__libc_init_array
                0x000024fc       0x4c c:/program files (x86)/cypress/psoc creator/4.0/psoc creator/import/gnu/arm/4.9.3/bin/../lib/gcc/arm-none-eabi/4.9.3/../../../../arm-none-eabi/lib/armv7-m\libg_nano.a(lib_a-init.o)
                0x000024fc                __libc_init_array
 .text.memcpy   0x00002548       0x16 c:/program files (x86)/cypress/psoc creator/4.0/psoc creator/import/gnu/arm/4.9.3/bin/../lib/gcc/arm-none-eabi/4.9.3/../../../../arm-none-eabi/lib/armv7-m\libg_nano.a(lib_a-memcpy.o)
                0x00002548                memcpy
 .text.memset   0x0000255e       0x10 c:/program files (x86)/cypress/psoc creator/4.0/psoc creator/import/gnu/arm/4.9.3/bin/../lib/gcc/arm-none-eabi/4.9.3/../../../../arm-none-eabi/lib/armv7-m\libg_nano.a(lib_a-memset.o)
                0x0000255e                memset
 *fill*         0x0000256e        0x2 
 .text.sprintf  0x00002570       0x48 c:/program files (x86)/cypress/psoc creator/4.0/psoc creator/import/gnu/arm/4.9.3/bin/../lib/gcc/arm-none-eabi/4.9.3/../../../../arm-none-eabi/lib/armv7-m\libg_nano.a(lib_a-sprintf.o)
                0x00002570                siprintf
                0x00002570                sprintf
 .text.strlen   0x000025b8       0x10 c:/program files (x86)/cypress/psoc creator/4.0/psoc creator/import/gnu/arm/4.9.3/bin/../lib/gcc/arm-none-eabi/4.9.3/../../../../arm-none-eabi/lib/armv7-m\libg_nano.a(lib_a-strlen.o)
                0x000025b8                strlen
 .text.__ssputs_r
                0x000025c8       0xb2 c:/program files (x86)/cypress/psoc creator/4.0/psoc creator/import/gnu/arm/4.9.3/bin/../lib/gcc/arm-none-eabi/4.9.3/../../../../arm-none-eabi/lib/armv7-m\libg_nano.a(lib_a-nano-svfprintf.o)
                0x000025c8                __ssputs_r
 *fill*         0x0000267a        0x2 
 .text._svfprintf_r
                0x0000267c      0x1e4 c:/program files (x86)/cypress/psoc creator/4.0/psoc creator/import/gnu/arm/4.9.3/bin/../lib/gcc/arm-none-eabi/4.9.3/../../../../arm-none-eabi/lib/armv7-m\libg_nano.a(lib_a-nano-svfprintf.o)
                0x0000267c                _svfiprintf_r
                0x0000267c                _svfprintf_r
 .text._printf_common
                0x00002860       0xea c:/program files (x86)/cypress/psoc creator/4.0/psoc creator/import/gnu/arm/4.9.3/bin/../lib/gcc/arm-none-eabi/4.9.3/../../../../arm-none-eabi/lib/armv7-m\libg_nano.a(lib_a-nano-vfprintf_i.o)
                0x00002860                _printf_common
 *fill*         0x0000294a        0x2 
 .text._printf_i
                0x0000294c      0x240 c:/program files (x86)/cypress/psoc creator/4.0/psoc creator/import/gnu/arm/4.9.3/bin/../lib/gcc/arm-none-eabi/4.9.3/../../../../arm-none-eabi/lib/armv7-m\libg_nano.a(lib_a-nano-vfprintf_i.o)
                0x0000294c                _printf_i
 .text.memchr   0x00002b8c       0x1c c:/program files (x86)/cypress/psoc creator/4.0/psoc creator/import/gnu/arm/4.9.3/bin/../lib/gcc/arm-none-eabi/4.9.3/../../../../arm-none-eabi/lib/armv7-m\libg_nano.a(lib_a-memchr.o)
                0x00002b8c                memchr
 .text.memmove  0x00002ba8       0x36 c:/program files (x86)/cypress/psoc creator/4.0/psoc creator/import/gnu/arm/4.9.3/bin/../lib/gcc/arm-none-eabi/4.9.3/../../../../arm-none-eabi/lib/armv7-m\libg_nano.a(lib_a-memmove.o)
                0x00002ba8                memmove
 *fill*         0x00002bde        0x2 
 .text._free_r  0x00002be0       0x88 c:/program files (x86)/cypress/psoc creator/4.0/psoc creator/import/gnu/arm/4.9.3/bin/../lib/gcc/arm-none-eabi/4.9.3/../../../../arm-none-eabi/lib/armv7-m\libg_nano.a(lib_a-nano-freer.o)
                0x00002be0                _free_r
 .text._malloc_r
                0x00002c68       0xac c:/program files (x86)/cypress/psoc creator/4.0/psoc creator/import/gnu/arm/4.9.3/bin/../lib/gcc/arm-none-eabi/4.9.3/../../../../arm-none-eabi/lib/armv7-m\libg_nano.a(lib_a-nano-mallocr.o)
                0x00002c68                _malloc_r
 .text._realloc_r
                0x00002d14       0x4c c:/program files (x86)/cypress/psoc creator/4.0/psoc creator/import/gnu/arm/4.9.3/bin/../lib/gcc/arm-none-eabi/4.9.3/../../../../arm-none-eabi/lib/armv7-m\libg_nano.a(lib_a-nano-reallocr.o)
                0x00002d14                _realloc_r
 .text._sbrk_r  0x00002d60       0x20 c:/program files (x86)/cypress/psoc creator/4.0/psoc creator/import/gnu/arm/4.9.3/bin/../lib/gcc/arm-none-eabi/4.9.3/../../../../arm-none-eabi/lib/armv7-m\libg_nano.a(lib_a-sbrkr.o)
                0x00002d60                _sbrk_r
 .text._malloc_usable_size_r
                0x00002d80       0x14 c:/program files (x86)/cypress/psoc creator/4.0/psoc creator/import/gnu/arm/4.9.3/bin/../lib/gcc/arm-none-eabi/4.9.3/../../../../arm-none-eabi/lib/armv7-m\libg_nano.a(lib_a-nano-msizer.o)
                0x00002d80                _malloc_usable_size_r
 *(.plt)
 *(.gnu.warning)
 *(.glue_7t)
 .glue_7t       0x00000000        0x0 linker stubs
 *(.glue_7)
 .glue_7        0x00000000        0x0 linker stubs
 *(.vfp11_veneer)
 .vfp11_veneer  0x00000000        0x0 linker stubs
 *(.bootloader)
 *(.ARM.extab* .gnu.linkonce.armextab.*)
 *(.gcc_except_table)

.v4_bx          0x00002d94        0x0
 .v4_bx         0x00000000        0x0 linker stubs

.iplt           0x00002d94        0x0
 .iplt          0x00000000        0x0 c:/program files (x86)/cypress/psoc creator/4.0/psoc creator/import/gnu/arm/4.9.3/bin/../lib/gcc/arm-none-eabi/4.9.3/armv7-m/crtbegin.o

.eh_frame_hdr
 *(.eh_frame_hdr)

.eh_frame       0x00002d94        0x4
 *(.eh_frame)
 .eh_frame      0x00002d94        0x0 c:/program files (x86)/cypress/psoc creator/4.0/psoc creator/import/gnu/arm/4.9.3/bin/../lib/gcc/arm-none-eabi/4.9.3/armv7-m/crtbegin.o
 .eh_frame      0x00002d94        0x4 c:/program files (x86)/cypress/psoc creator/4.0/psoc creator/import/gnu/arm/4.9.3/bin/../lib/gcc/arm-none-eabi/4.9.3/armv7-m/crtend.o
                0x00002d98                PROVIDE (__exidx_start, .)

.ARM.exidx
 *(.ARM.exidx* .gnu.linkonce.armexidx.*)
                0x00002d98                __exidx_end = .

.rodata         0x00002d98      0x108
 *(.rodata .rodata.* .gnu.linkonce.r.*)
 .rodata        0x00002d98       0x34 .\ARM_GCC_493\Debug\main.o
 .rodata        0x00002dcc       0x10 .\ARM_GCC_493\Debug\LiquidCrystal_I2C.o
 .rodata        0x00002ddc       0x10 .\ARM_GCC_493\Debug\functions.o
 .rodata        0x00002dec       0x44 .\ARM_GCC_493\Debug\ADC_ReadPot.a(cyfitter_cfg.o)
                0x00002dec                ADC_AMux__addrTable
                0x00002df4                ADC_AMux__maskTable
 .rodata.str1.1
                0x00002e30        0x2 c:/program files (x86)/cypress/psoc creator/4.0/psoc creator/import/gnu/arm/4.9.3/bin/../lib/gcc/arm-none-eabi/4.9.3/../../../../arm-none-eabi/lib/armv7-m\libg_nano.a(lib_a-impure.o)
 .rodata.str1.1
                0x00002e32       0x11 c:/program files (x86)/cypress/psoc creator/4.0/psoc creator/import/gnu/arm/4.9.3/bin/../lib/gcc/arm-none-eabi/4.9.3/../../../../arm-none-eabi/lib/armv7-m\libg_nano.a(lib_a-nano-svfprintf.o)
 .rodata.str1.1
                0x00002e43       0x22 c:/program files (x86)/cypress/psoc creator/4.0/psoc creator/import/gnu/arm/4.9.3/bin/../lib/gcc/arm-none-eabi/4.9.3/../../../../arm-none-eabi/lib/armv7-m\libg_nano.a(lib_a-nano-vfprintf_i.o)
                0x00002e68                . = ALIGN (0x4)
 *fill*         0x00002e65        0x3 
 *(.init)
 .init          0x00002e68        0x4 c:/program files (x86)/cypress/psoc creator/4.0/psoc creator/import/gnu/arm/4.9.3/bin/../lib/gcc/arm-none-eabi/4.9.3/armv7-m/crti.o
                0x00002e68                _init
 .init          0x00002e6c        0x8 c:/program files (x86)/cypress/psoc creator/4.0/psoc creator/import/gnu/arm/4.9.3/bin/../lib/gcc/arm-none-eabi/4.9.3/armv7-m/crtn.o
                0x00002e74                . = ALIGN (0x4)
                0x00002e74                __preinit_array_start = .
 *(.preinit_array)
                0x00002e74                __preinit_array_end = .
                0x00002e74                . = ALIGN (0x4)
                0x00002e74                __init_array_start = .
 *(SORT(.init_array.*))
 *(.init_array)
 .init_array    0x00002e74        0x4 c:/program files (x86)/cypress/psoc creator/4.0/psoc creator/import/gnu/arm/4.9.3/bin/../lib/gcc/arm-none-eabi/4.9.3/armv7-m/crtbegin.o
 .init_array    0x00002e78        0x4 .\ARM_GCC_493\Debug\Cm3Start.o
                0x00002e7c                __init_array_end = .
                0x00002e7c                . = ALIGN (0x4)
 *(.fini)
 .fini          0x00002e7c        0x4 c:/program files (x86)/cypress/psoc creator/4.0/psoc creator/import/gnu/arm/4.9.3/bin/../lib/gcc/arm-none-eabi/4.9.3/armv7-m/crti.o
                0x00002e7c                _fini
 .fini          0x00002e80        0x8 c:/program files (x86)/cypress/psoc creator/4.0/psoc creator/import/gnu/arm/4.9.3/bin/../lib/gcc/arm-none-eabi/4.9.3/armv7-m/crtn.o
                0x00002e88                . = ALIGN (0x4)
                0x00002e88                __fini_array_start = .
 *(.fini_array)
 .fini_array    0x00002e88        0x4 c:/program files (x86)/cypress/psoc creator/4.0/psoc creator/import/gnu/arm/4.9.3/bin/../lib/gcc/arm-none-eabi/4.9.3/armv7-m/crtbegin.o
 *(SORT(.fini_array.*))
                0x00002e8c                __fini_array_end = .
                0x00002e8c                . = ALIGN (0x4)
 *crtbegin.o(.ctors)
 *(EXCLUDE_FILE(*crtend.o) .ctors)
 *(SORT(.ctors.*))
 *crtend.o(.ctors)
                0x00002e8c                . = ALIGN (0x4)
 *crtbegin.o(.dtors)
 *(EXCLUDE_FILE(*crtend.o) .dtors)
 *(SORT(.dtors.*))
 *crtend.o(.dtors)
                0x00002e8c                . = ALIGN (0x4)
                0x00002e8c                __cy_regions = .
                0x00002e8c        0x4 LONG 0x2ea0 __cy_region_init_ram
                0x00002e90        0x4 LONG 0x1fff8108 __cy_region_start_data
                0x00002e94        0x4 LONG 0x88 __cy_region_init_size_ram
                0x00002e98        0x4 LONG 0x78 __cy_region_zero_size_ram
                0x00002e9c                __cy_regions_end = .
                0x00002ea0                . = ALIGN (0x8)
 *fill*         0x00002e9c        0x4 
                0x00002ea0                _etext = .

.cy_checksum_exclude
                0x00002ea0        0x0
 *(.cy_checksum_exclude)

.ramvectors     0x1fff8000      0x100
                0x1fff8000                __cy_region_start_ram = .
 *(.ramvectors)
 .ramvectors    0x1fff8000      0x100 .\ARM_GCC_493\Debug\Cm3Start.o
                0x1fff8000                CyRamVectors

.noinit         0x1fff8100        0x5
 *(.noinit)
 .noinit        0x1fff8100        0x4 .\ARM_GCC_493\Debug\Cm3Start.o
 .noinit        0x1fff8104        0x1 .\ARM_GCC_493\Debug\ADC_ReadPot.a(CyLib.o)
                0x1fff8104                CyResetStatus

.data           0x1fff8108       0x88 load address 0x00002ea0
                0x1fff8108                __cy_region_start_data = .
 *(.jcr)
 .jcr           0x1fff8108        0x0 c:/program files (x86)/cypress/psoc creator/4.0/psoc creator/import/gnu/arm/4.9.3/bin/../lib/gcc/arm-none-eabi/4.9.3/armv7-m/crtbegin.o
 .jcr           0x1fff8108        0x4 c:/program files (x86)/cypress/psoc creator/4.0/psoc creator/import/gnu/arm/4.9.3/bin/../lib/gcc/arm-none-eabi/4.9.3/armv7-m/crtend.o
 *(.got.plt)
 *(.got)
 *(.shdata)
 *(.data .data.* .gnu.linkonce.d.*)
 .data          0x1fff810c        0x4 .\ARM_GCC_493\Debug\main.o
                0x1fff810c                Addr
 .data          0x1fff8110        0x4 .\ARM_GCC_493\Debug\Cm3Start.o
 .data          0x1fff8114       0x10 .\ARM_GCC_493\Debug\ADC_ReadPot.a(CyLib.o)
                0x1fff8114                cydelay_freq_hz
                0x1fff8118                cydelay_freq_khz
                0x1fff811c                cydelay_freq_mhz
                0x1fff8120                cydelay_32k_ms
 .data          0x1fff8124        0x1 .\ARM_GCC_493\Debug\ADC_ReadPot.a(ADC.o)
                0x1fff8124                ADC_Config
 .data          0x1fff8125        0x1 .\ARM_GCC_493\Debug\ADC_ReadPot.a(ADC_AMux.o)
 *fill*         0x1fff8126        0x2 
 .data.impure_data
                0x1fff8128       0x60 c:/program files (x86)/cypress/psoc creator/4.0/psoc creator/import/gnu/arm/4.9.3/bin/../lib/gcc/arm-none-eabi/4.9.3/../../../../arm-none-eabi/lib/armv7-m\libg_nano.a(lib_a-impure.o)
 .data._impure_ptr
                0x1fff8188        0x4 c:/program files (x86)/cypress/psoc creator/4.0/psoc creator/import/gnu/arm/4.9.3/bin/../lib/gcc/arm-none-eabi/4.9.3/../../../../arm-none-eabi/lib/armv7-m\libg_nano.a(lib_a-impure.o)
                0x1fff8188                _impure_ptr
                0x1fff8190                . = ALIGN (0x8)
 *fill*         0x1fff818c        0x4 
 *(.ram)
                0x1fff8190                _edata = .

.igot.plt       0x1fff8190        0x0 load address 0x00002f28
 .igot.plt      0x00000000        0x0 c:/program files (x86)/cypress/psoc creator/4.0/psoc creator/import/gnu/arm/4.9.3/bin/../lib/gcc/arm-none-eabi/4.9.3/armv7-m/crtbegin.o

.bss            0x1fff8190       0x78 load address 0x00002f28
                0x1fff8190                PROVIDE (__bss_start__, .)
 *(.shbss)
 *(.bss .bss.* .gnu.linkonce.b.*)
 .bss           0x1fff8190       0x1c c:/program files (x86)/cypress/psoc creator/4.0/psoc creator/import/gnu/arm/4.9.3/bin/../lib/gcc/arm-none-eabi/4.9.3/armv7-m/crtbegin.o
 .bss           0x1fff81ac        0x2 .\ARM_GCC_493\Debug\ADC_ReadPot.a(LCD.o)
                0x1fff81ac                LCD_enableState
                0x1fff81ad                LCD_initVar
 *fill*         0x1fff81ae        0x2 
 .bss           0x1fff81b0       0x14 .\ARM_GCC_493\Debug\ADC_ReadPot.a(ADC.o)
                0x1fff81b0                ADC_convDone
                0x1fff81b1                ADC_stopConversion
                0x1fff81b2                ADC_initVar
                0x1fff81b3                ADC_started
 .bss           0x1fff81c4        0x1 .\ARM_GCC_493\Debug\ADC_ReadPot.a(I2C_Master.o)
                0x1fff81c4                I2C_Master_initVar
 *fill*         0x1fff81c5        0x3 
 .bss.__malloc_sbrk_start
                0x1fff81c8        0x4 c:/program files (x86)/cypress/psoc creator/4.0/psoc creator/import/gnu/arm/4.9.3/bin/../lib/gcc/arm-none-eabi/4.9.3/../../../../arm-none-eabi/lib/armv7-m\libg_nano.a(lib_a-nano-mallocr.o)
                0x1fff81c8                __malloc_sbrk_start
 .bss.__malloc_free_list
                0x1fff81cc        0x4 c:/program files (x86)/cypress/psoc creator/4.0/psoc creator/import/gnu/arm/4.9.3/bin/../lib/gcc/arm-none-eabi/4.9.3/../../../../arm-none-eabi/lib/armv7-m\libg_nano.a(lib_a-nano-mallocr.o)
                0x1fff81cc                __malloc_free_list
 *(COMMON)
 COMMON         0x1fff81d0        0x8 .\ARM_GCC_493\Debug\LiquidCrystal_I2C.o
                0x1fff81d0                _backlightval
                0x1fff81d1                _addr
                0x1fff81d2                _displaycontrol
                0x1fff81d3                _charsize
                0x1fff81d4                _displaymode
                0x1fff81d5                _displayfunction
                0x1fff81d6                _cols
                0x1fff81d7                _rows
 COMMON         0x1fff81d8        0xa .\ARM_GCC_493\Debug\functions.o
                0x1fff81d8                accelData
 *fill*         0x1fff81e2        0x2 
 COMMON         0x1fff81e4        0x8 .\ARM_GCC_493\Debug\ADC_ReadPot.a(ADC.o)
                0x1fff81e4                ADC_Offset
                0x1fff81e8                ADC_CountsPerVolt
 COMMON         0x1fff81ec        0x1 .\ARM_GCC_493\Debug\ADC_ReadPot.a(I2C_Master.o)
                0x1fff81ec                I2C_Master_state
 *fill*         0x1fff81ed        0x3 
 COMMON         0x1fff81f0        0xf .\ARM_GCC_493\Debug\ADC_ReadPot.a(I2C_Master_MASTER.o)
                0x1fff81f0                I2C_Master_mstrRdBufIndex
                0x1fff81f1                I2C_Master_mstrWrBufIndex
                0x1fff81f2                I2C_Master_mstrWrBufSize
                0x1fff81f4                I2C_Master_mstrWrBufPtr
                0x1fff81f8                I2C_Master_mstrRdBufPtr
                0x1fff81fc                I2C_Master_mstrControl
                0x1fff81fd                I2C_Master_mstrStatus
                0x1fff81fe                I2C_Master_mstrRdBufSize
 *fill*         0x1fff81ff        0x1 
 COMMON         0x1fff8200        0x4 c:/program files (x86)/cypress/psoc creator/4.0/psoc creator/import/gnu/arm/4.9.3/bin/../lib/gcc/arm-none-eabi/4.9.3/../../../../arm-none-eabi/lib/armv7-m\libg_nano.a(lib_a-reent.o)
                0x1fff8200                errno
                0x1fff8208                . = ALIGN (0x8)
 *fill*         0x1fff8204        0x4 
 *(.ram.b)
                0x1fff8208                _end = .
                0x1fff8208                __end = .
                0x1fff8208                PROVIDE (end, .)
                0x1fff8208                PROVIDE (__bss_end__, .)
                0x00002ea0                __cy_region_init_ram = LOADADDR (.data)
                0x00000088                __cy_region_init_size_ram = (_edata - ADDR (.data))
                0x00000078                __cy_region_zero_size_ram = (_end - _edata)

.heap           0x1fff8208       0x80 load address 0x00002f28
                0x1fff8208                . = _end
                0x1fff8288                . = (. + 0x80)
 *fill*         0x1fff8208       0x80 
                0x1fff8288                __cy_heap_limit = .

.stack          0x20007800      0x800
                0x20007800                __cy_stack_limit = .
                0x20008000                . = (. + 0x800)
 *fill*         0x20007800      0x800 
                0x00000001                ASSERT ((__cy_stack_limit >= __cy_heap_limit), region RAM overflowed with stack)
                0x00000000                cy_checksum_exclude_size = (CY_APPL_LOADABLE == 0x1)?SIZEOF (.cy_checksum_exclude):0x0
                0x00000001                ASSERT ((cy_checksum_exclude_size <= CY_CHECKSUM_EXCLUDE_SIZE), CY_BOOT: Section .cy_checksum_exclude size exceedes specified limit.)

.cyloadermeta
 *(.cyloadermeta)

.cyloadablemeta
 *(.cyloadablemeta)

.cyconfigecc    0x80000000       0xec
 *(.cyconfigecc)
 .cyconfigecc   0x80000000       0xec .\ARM_GCC_493\Debug\cymetadata.o
                0x80000000                cy_meta_configecc

.cycustnvl      0x90000000        0x4
 *(.cycustnvl)
 .cycustnvl     0x90000000        0x4 .\ARM_GCC_493\Debug\cymetadata.o
                0x90000000                cy_meta_custnvl

.cywolatch      0x90100000        0x4
 *(.cywolatch)
 .cywolatch     0x90100000        0x4 .\ARM_GCC_493\Debug\cymetadata.o
                0x90100000                cy_meta_wonvl

.cyeeprom       0x90200000        0x0
 *(.cyeeprom)
                0x00000001                ASSERT ((. <= ((0x90200000 + ee_offset) + ee_size)), .cyeeprom data will not fit in EEPROM)

.cyflashprotect
                0x90400000      0x100
 *(.cyflashprotect)
 .cyflashprotect
                0x90400000      0x100 .\ARM_GCC_493\Debug\cymetadata.o
                0x90400000                cy_meta_flashprotect

.cymeta         0x90500000        0xc
 *(.cymeta)
 .cymeta        0x90500000        0xc .\ARM_GCC_493\Debug\cymetadata.o
                0x90500000                cy_metadata

.rel.dyn        0x00002f28        0x0 load address 0x9050000c
 .rel.iplt      0x00000000        0x0 c:/program files (x86)/cypress/psoc creator/4.0/psoc creator/import/gnu/arm/4.9.3/bin/../lib/gcc/arm-none-eabi/4.9.3/armv7-m/crtbegin.o

.stab
 *(.stab)

.stabstr
 *(.stabstr)

.debug
 *(.debug)

.line
 *(.line)

.debug_srcinfo
 *(.debug_srcinfo)

.debug_sfnames
 *(.debug_sfnames)

.debug_aranges  0x00000000     0x1360
 *(.debug_aranges)
 .debug_aranges
                0x00000000       0x20 .\ARM_GCC_493\Debug\main.o
 .debug_aranges
                0x00000020      0x108 .\ARM_GCC_493\Debug\LiquidCrystal_I2C.o
 .debug_aranges
                0x00000128      0x838 .\ARM_GCC_493\Debug\mpu6050.o
 .debug_aranges
                0x00000960       0x68 .\ARM_GCC_493\Debug\i2cFunctions.o
 .debug_aranges
                0x000009c8       0x20 .\ARM_GCC_493\Debug\functions.o
 .debug_aranges
                0x000009e8       0x18 .\ARM_GCC_493\Debug\cymetadata.o
 .debug_aranges
                0x00000a00       0x48 .\ARM_GCC_493\Debug\Cm3Start.o
 .debug_aranges
                0x00000a48       0x70 .\ARM_GCC_493\Debug\ADC_ReadPot.a(cyfitter_cfg.o)
 .debug_aranges
                0x00000ab8       0x98 .\ARM_GCC_493\Debug\ADC_ReadPot.a(LCD.o)
 .debug_aranges
                0x00000b50      0x2a0 .\ARM_GCC_493\Debug\ADC_ReadPot.a(CyLib.o)
 .debug_aranges
                0x00000df0       0x98 .\ARM_GCC_493\Debug\ADC_ReadPot.a(cyPm.o)
 .debug_aranges
                0x00000e88       0xe8 .\ARM_GCC_493\Debug\ADC_ReadPot.a(ADC.o)
 .debug_aranges
                0x00000f70       0x38 .\ARM_GCC_493\Debug\ADC_ReadPot.a(ADC_INT.o)
 .debug_aranges
                0x00000fa8       0x30 .\ARM_GCC_493\Debug\ADC_ReadPot.a(ADC_AMux.o)
 .debug_aranges
                0x00000fd8       0x70 .\ARM_GCC_493\Debug\ADC_ReadPot.a(ADC_Ext_CP_Clk.o)
 .debug_aranges
                0x00001048       0x80 .\ARM_GCC_493\Debug\ADC_ReadPot.a(ADC_theACLK.o)
 .debug_aranges
                0x000010c8       0x38 .\ARM_GCC_493\Debug\ADC_ReadPot.a(LED4.o)
 .debug_aranges
                0x00001100       0x38 .\ARM_GCC_493\Debug\ADC_ReadPot.a(LED3.o)
 .debug_aranges
                0x00001138       0x38 .\ARM_GCC_493\Debug\ADC_ReadPot.a(I2C_Master.o)
 .debug_aranges
                0x00001170       0x20 .\ARM_GCC_493\Debug\ADC_ReadPot.a(I2C_Master_INT.o)
 .debug_aranges
                0x00001190       0x38 .\ARM_GCC_493\Debug\ADC_ReadPot.a(I2C_Master_PM.o)
 .debug_aranges
                0x000011c8       0x80 .\ARM_GCC_493\Debug\ADC_ReadPot.a(I2C_Master_MASTER.o)
 .debug_aranges
                0x00001248       0x20 .\ARM_GCC_493\Debug\ADC_ReadPot.a(CyBootAsmGnu.o)
 .debug_aranges
                0x00001268       0x80 .\ARM_GCC_493\Debug\ADC_ReadPot.a(CyFlash.o)
 .debug_aranges
                0x000012e8       0x78 .\ARM_GCC_493\Debug\ADC_ReadPot.a(CySpc.o)

.debug_pubnames
 *(.debug_pubnames)

.debug_info     0x00000000     0x6fe8
 *(.debug_info .gnu.linkonce.wi.*)
 .debug_info    0x00000000      0x20f .\ARM_GCC_493\Debug\main.o
 .debug_info    0x0000020f      0x550 .\ARM_GCC_493\Debug\LiquidCrystal_I2C.o
 .debug_info    0x0000075f     0x21aa .\ARM_GCC_493\Debug\mpu6050.o
 .debug_info    0x00002909      0x43d .\ARM_GCC_493\Debug\i2cFunctions.o
 .debug_info    0x00002d46      0x15c .\ARM_GCC_493\Debug\functions.o
 .debug_info    0x00002ea2      0x13a .\ARM_GCC_493\Debug\cymetadata.o
 .debug_info    0x00002fdc      0x319 .\ARM_GCC_493\Debug\Cm3Start.o
 .debug_info    0x000032f5      0x437 .\ARM_GCC_493\Debug\ADC_ReadPot.a(cyfitter_cfg.o)
 .debug_info    0x0000372c      0x3c8 .\ARM_GCC_493\Debug\ADC_ReadPot.a(LCD.o)
 .debug_info    0x00003af4      0xe4a .\ARM_GCC_493\Debug\ADC_ReadPot.a(CyLib.o)
 .debug_info    0x0000493e      0x561 .\ARM_GCC_493\Debug\ADC_ReadPot.a(cyPm.o)
 .debug_info    0x00004e9f      0x725 .\ARM_GCC_493\Debug\ADC_ReadPot.a(ADC.o)
 .debug_info    0x000055c4       0xcc .\ARM_GCC_493\Debug\ADC_ReadPot.a(ADC_INT.o)
 .debug_info    0x00005690      0x10a .\ARM_GCC_493\Debug\ADC_ReadPot.a(ADC_AMux.o)
 .debug_info    0x0000579a      0x25d .\ARM_GCC_493\Debug\ADC_ReadPot.a(ADC_Ext_CP_Clk.o)
 .debug_info    0x000059f7      0x299 .\ARM_GCC_493\Debug\ADC_ReadPot.a(ADC_theACLK.o)
 .debug_info    0x00005c90      0x11e .\ARM_GCC_493\Debug\ADC_ReadPot.a(LED4.o)
 .debug_info    0x00005dae      0x11e .\ARM_GCC_493\Debug\ADC_ReadPot.a(LED3.o)
 .debug_info    0x00005ecc      0x1fa .\ARM_GCC_493\Debug\ADC_ReadPot.a(I2C_Master.o)
 .debug_info    0x000060c6      0x14f .\ARM_GCC_493\Debug\ADC_ReadPot.a(I2C_Master_INT.o)
 .debug_info    0x00006215      0x193 .\ARM_GCC_493\Debug\ADC_ReadPot.a(I2C_Master_PM.o)
 .debug_info    0x000063a8      0x3f1 .\ARM_GCC_493\Debug\ADC_ReadPot.a(I2C_Master_MASTER.o)
 .debug_info    0x00006799       0x92 .\ARM_GCC_493\Debug\ADC_ReadPot.a(CyBootAsmGnu.o)
 .debug_info    0x0000682b      0x36a .\ARM_GCC_493\Debug\ADC_ReadPot.a(CyFlash.o)
 .debug_info    0x00006b95      0x453 .\ARM_GCC_493\Debug\ADC_ReadPot.a(CySpc.o)

.debug_abbrev   0x00000000     0x195a
 *(.debug_abbrev)
 .debug_abbrev  0x00000000       0xed .\ARM_GCC_493\Debug\main.o
 .debug_abbrev  0x000000ed      0x162 .\ARM_GCC_493\Debug\LiquidCrystal_I2C.o
 .debug_abbrev  0x0000024f      0x18a .\ARM_GCC_493\Debug\mpu6050.o
 .debug_abbrev  0x000003d9       0x9f .\ARM_GCC_493\Debug\i2cFunctions.o
 .debug_abbrev  0x00000478       0xaa .\ARM_GCC_493\Debug\functions.o
 .debug_abbrev  0x00000522       0x5d .\ARM_GCC_493\Debug\cymetadata.o
 .debug_abbrev  0x0000057f      0x1b6 .\ARM_GCC_493\Debug\Cm3Start.o
 .debug_abbrev  0x00000735      0x1b0 .\ARM_GCC_493\Debug\ADC_ReadPot.a(cyfitter_cfg.o)
 .debug_abbrev  0x000008e5      0x120 .\ARM_GCC_493\Debug\ADC_ReadPot.a(LCD.o)
 .debug_abbrev  0x00000a05      0x217 .\ARM_GCC_493\Debug\ADC_ReadPot.a(CyLib.o)
 .debug_abbrev  0x00000c1c      0x161 .\ARM_GCC_493\Debug\ADC_ReadPot.a(cyPm.o)
 .debug_abbrev  0x00000d7d      0x19d .\ARM_GCC_493\Debug\ADC_ReadPot.a(ADC.o)
 .debug_abbrev  0x00000f1a       0x42 .\ARM_GCC_493\Debug\ADC_ReadPot.a(ADC_INT.o)
 .debug_abbrev  0x00000f5c       0x6f .\ARM_GCC_493\Debug\ADC_ReadPot.a(ADC_AMux.o)
 .debug_abbrev  0x00000fcb      0x11d .\ARM_GCC_493\Debug\ADC_ReadPot.a(ADC_Ext_CP_Clk.o)
 .debug_abbrev  0x000010e8      0x11d .\ARM_GCC_493\Debug\ADC_ReadPot.a(ADC_theACLK.o)
 .debug_abbrev  0x00001205       0x90 .\ARM_GCC_493\Debug\ADC_ReadPot.a(LED4.o)
 .debug_abbrev  0x00001295       0x90 .\ARM_GCC_493\Debug\ADC_ReadPot.a(LED3.o)
 .debug_abbrev  0x00001325       0xe2 .\ARM_GCC_493\Debug\ADC_ReadPot.a(I2C_Master.o)
 .debug_abbrev  0x00001407       0x81 .\ARM_GCC_493\Debug\ADC_ReadPot.a(I2C_Master_INT.o)
 .debug_abbrev  0x00001488       0xf8 .\ARM_GCC_493\Debug\ADC_ReadPot.a(I2C_Master_PM.o)
 .debug_abbrev  0x00001580      0x11e .\ARM_GCC_493\Debug\ADC_ReadPot.a(I2C_Master_MASTER.o)
 .debug_abbrev  0x0000169e       0x14 .\ARM_GCC_493\Debug\ADC_ReadPot.a(CyBootAsmGnu.o)
 .debug_abbrev  0x000016b2      0x13c .\ARM_GCC_493\Debug\ADC_ReadPot.a(CyFlash.o)
 .debug_abbrev  0x000017ee      0x16c .\ARM_GCC_493\Debug\ADC_ReadPot.a(CySpc.o)

.debug_line     0x00000000     0x42d5
 *(.debug_line)
 .debug_line    0x00000000      0x18d .\ARM_GCC_493\Debug\main.o
 .debug_line    0x0000018d      0x3ed .\ARM_GCC_493\Debug\LiquidCrystal_I2C.o
 .debug_line    0x0000057a     0x14bc .\ARM_GCC_493\Debug\mpu6050.o
 .debug_line    0x00001a36      0x233 .\ARM_GCC_493\Debug\i2cFunctions.o
 .debug_line    0x00001c69      0x15c .\ARM_GCC_493\Debug\functions.o
 .debug_line    0x00001dc5       0x51 .\ARM_GCC_493\Debug\cymetadata.o
 .debug_line    0x00001e16      0x1dc .\ARM_GCC_493\Debug\Cm3Start.o
 .debug_line    0x00001ff2      0x21e .\ARM_GCC_493\Debug\ADC_ReadPot.a(cyfitter_cfg.o)
 .debug_line    0x00002210      0x1e1 .\ARM_GCC_493\Debug\ADC_ReadPot.a(LCD.o)
 .debug_line    0x000023f1      0x882 .\ARM_GCC_493\Debug\ADC_ReadPot.a(CyLib.o)
 .debug_line    0x00002c73      0x37f .\ARM_GCC_493\Debug\ADC_ReadPot.a(cyPm.o)
 .debug_line    0x00002ff2      0x3c5 .\ARM_GCC_493\Debug\ADC_ReadPot.a(ADC.o)
 .debug_line    0x000033b7       0x8c .\ARM_GCC_493\Debug\ADC_ReadPot.a(ADC_INT.o)
 .debug_line    0x00003443       0x9d .\ARM_GCC_493\Debug\ADC_ReadPot.a(ADC_AMux.o)
 .debug_line    0x000034e0      0x1a9 .\ARM_GCC_493\Debug\ADC_ReadPot.a(ADC_Ext_CP_Clk.o)
 .debug_line    0x00003689      0x1ca .\ARM_GCC_493\Debug\ADC_ReadPot.a(ADC_theACLK.o)
 .debug_line    0x00003853       0x93 .\ARM_GCC_493\Debug\ADC_ReadPot.a(LED4.o)
 .debug_line    0x000038e6       0x93 .\ARM_GCC_493\Debug\ADC_ReadPot.a(LED3.o)
 .debug_line    0x00003979       0xea .\ARM_GCC_493\Debug\ADC_ReadPot.a(I2C_Master.o)
 .debug_line    0x00003a63      0x120 .\ARM_GCC_493\Debug\ADC_ReadPot.a(I2C_Master_INT.o)
 .debug_line    0x00003b83       0xc6 .\ARM_GCC_493\Debug\ADC_ReadPot.a(I2C_Master_PM.o)
 .debug_line    0x00003c49      0x1f5 .\ARM_GCC_493\Debug\ADC_ReadPot.a(I2C_Master_MASTER.o)
 .debug_line    0x00003e3e       0x7d .\ARM_GCC_493\Debug\ADC_ReadPot.a(CyBootAsmGnu.o)
 .debug_line    0x00003ebb      0x205 .\ARM_GCC_493\Debug\ADC_ReadPot.a(CyFlash.o)
 .debug_line    0x000040c0      0x215 .\ARM_GCC_493\Debug\ADC_ReadPot.a(CySpc.o)

.debug_frame    0x00000000     0x5158
 *(.debug_frame)
 .debug_frame   0x00000000       0x30 .\ARM_GCC_493\Debug\main.o
 .debug_frame   0x00000030      0x3f8 .\ARM_GCC_493\Debug\LiquidCrystal_I2C.o
 .debug_frame   0x00000428     0x22b4 .\ARM_GCC_493\Debug\mpu6050.o
 .debug_frame   0x000026dc      0x1a4 .\ARM_GCC_493\Debug\i2cFunctions.o
 .debug_frame   0x00002880       0x3c .\ARM_GCC_493\Debug\functions.o
 .debug_frame   0x000028bc       0xd8 .\ARM_GCC_493\Debug\Cm3Start.o
 .debug_frame   0x00002994      0x1bc .\ARM_GCC_493\Debug\ADC_ReadPot.a(cyfitter_cfg.o)
 .debug_frame   0x00002b50      0x260 .\ARM_GCC_493\Debug\ADC_ReadPot.a(LCD.o)
 .debug_frame   0x00002db0      0xc0c .\ARM_GCC_493\Debug\ADC_ReadPot.a(CyLib.o)
 .debug_frame   0x000039bc      0x234 .\ARM_GCC_493\Debug\ADC_ReadPot.a(cyPm.o)
 .debug_frame   0x00003bf0      0x40c .\ARM_GCC_493\Debug\ADC_ReadPot.a(ADC.o)
 .debug_frame   0x00003ffc       0xa0 .\ARM_GCC_493\Debug\ADC_ReadPot.a(ADC_INT.o)
 .debug_frame   0x0000409c       0x88 .\ARM_GCC_493\Debug\ADC_ReadPot.a(ADC_AMux.o)
 .debug_frame   0x00004124      0x1b4 .\ARM_GCC_493\Debug\ADC_ReadPot.a(ADC_Ext_CP_Clk.o)
 .debug_frame   0x000042d8      0x200 .\ARM_GCC_493\Debug\ADC_ReadPot.a(ADC_theACLK.o)
 .debug_frame   0x000044d8       0xa8 .\ARM_GCC_493\Debug\ADC_ReadPot.a(LED4.o)
 .debug_frame   0x00004580       0xa8 .\ARM_GCC_493\Debug\ADC_ReadPot.a(LED3.o)
 .debug_frame   0x00004628       0x98 .\ARM_GCC_493\Debug\ADC_ReadPot.a(I2C_Master.o)
 .debug_frame   0x000046c0       0x38 .\ARM_GCC_493\Debug\ADC_ReadPot.a(I2C_Master_INT.o)
 .debug_frame   0x000046f8       0x94 .\ARM_GCC_493\Debug\ADC_ReadPot.a(I2C_Master_PM.o)
 .debug_frame   0x0000478c      0x208 .\ARM_GCC_493\Debug\ADC_ReadPot.a(I2C_Master_MASTER.o)
 .debug_frame   0x00004994      0x210 .\ARM_GCC_493\Debug\ADC_ReadPot.a(CyFlash.o)
 .debug_frame   0x00004ba4      0x1f8 .\ARM_GCC_493\Debug\ADC_ReadPot.a(CySpc.o)
 .debug_frame   0x00004d9c       0x20 c:/program files (x86)/cypress/psoc creator/4.0/psoc creator/import/gnu/arm/4.9.3/bin/../lib/gcc/arm-none-eabi/4.9.3/../../../../arm-none-eabi/lib/armv7-m\libg_nano.a(lib_a-errno.o)
 .debug_frame   0x00004dbc       0x28 c:/program files (x86)/cypress/psoc creator/4.0/psoc creator/import/gnu/arm/4.9.3/bin/../lib/gcc/arm-none-eabi/4.9.3/../../../../arm-none-eabi/lib/armv7-m\libg_nano.a(lib_a-exit.o)
 .debug_frame   0x00004de4       0x2c c:/program files (x86)/cypress/psoc creator/4.0/psoc creator/import/gnu/arm/4.9.3/bin/../lib/gcc/arm-none-eabi/4.9.3/../../../../arm-none-eabi/lib/armv7-m\libg_nano.a(lib_a-init.o)
 .debug_frame   0x00004e10       0x28 c:/program files (x86)/cypress/psoc creator/4.0/psoc creator/import/gnu/arm/4.9.3/bin/../lib/gcc/arm-none-eabi/4.9.3/../../../../arm-none-eabi/lib/armv7-m\libg_nano.a(lib_a-memcpy.o)
 .debug_frame   0x00004e38       0x20 c:/program files (x86)/cypress/psoc creator/4.0/psoc creator/import/gnu/arm/4.9.3/bin/../lib/gcc/arm-none-eabi/4.9.3/../../../../arm-none-eabi/lib/armv7-m\libg_nano.a(lib_a-memset.o)
 .debug_frame   0x00004e58       0x70 c:/program files (x86)/cypress/psoc creator/4.0/psoc creator/import/gnu/arm/4.9.3/bin/../lib/gcc/arm-none-eabi/4.9.3/../../../../arm-none-eabi/lib/armv7-m\libg_nano.a(lib_a-sprintf.o)
 .debug_frame   0x00004ec8       0x20 c:/program files (x86)/cypress/psoc creator/4.0/psoc creator/import/gnu/arm/4.9.3/bin/../lib/gcc/arm-none-eabi/4.9.3/../../../../arm-none-eabi/lib/armv7-m\libg_nano.a(lib_a-strlen.o)
 .debug_frame   0x00004ee8       0x8c c:/program files (x86)/cypress/psoc creator/4.0/psoc creator/import/gnu/arm/4.9.3/bin/../lib/gcc/arm-none-eabi/4.9.3/../../../../arm-none-eabi/lib/armv7-m\libg_nano.a(lib_a-nano-svfprintf.o)
 .debug_frame   0x00004f74       0x58 c:/program files (x86)/cypress/psoc creator/4.0/psoc creator/import/gnu/arm/4.9.3/bin/../lib/gcc/arm-none-eabi/4.9.3/../../../../arm-none-eabi/lib/armv7-m\libg_nano.a(lib_a-nano-vfprintf_i.o)
 .debug_frame   0x00004fcc       0x28 c:/program files (x86)/cypress/psoc creator/4.0/psoc creator/import/gnu/arm/4.9.3/bin/../lib/gcc/arm-none-eabi/4.9.3/../../../../arm-none-eabi/lib/armv7-m\libg_nano.a(lib_a-memchr.o)
 .debug_frame   0x00004ff4       0x28 c:/program files (x86)/cypress/psoc creator/4.0/psoc creator/import/gnu/arm/4.9.3/bin/../lib/gcc/arm-none-eabi/4.9.3/../../../../arm-none-eabi/lib/armv7-m\libg_nano.a(lib_a-memmove.o)
 .debug_frame   0x0000501c       0x2c c:/program files (x86)/cypress/psoc creator/4.0/psoc creator/import/gnu/arm/4.9.3/bin/../lib/gcc/arm-none-eabi/4.9.3/../../../../arm-none-eabi/lib/armv7-m\libg_nano.a(lib_a-nano-freer.o)
 .debug_frame   0x00005048       0x2c c:/program files (x86)/cypress/psoc creator/4.0/psoc creator/import/gnu/arm/4.9.3/bin/../lib/gcc/arm-none-eabi/4.9.3/../../../../arm-none-eabi/lib/armv7-m\libg_nano.a(lib_a-nano-mallocr.o)
 .debug_frame   0x00005074       0x3c c:/program files (x86)/cypress/psoc creator/4.0/psoc creator/import/gnu/arm/4.9.3/bin/../lib/gcc/arm-none-eabi/4.9.3/../../../../arm-none-eabi/lib/armv7-m\libg_nano.a(lib_a-nano-reallocr.o)
 .debug_frame   0x000050b0       0x2c c:/program files (x86)/cypress/psoc creator/4.0/psoc creator/import/gnu/arm/4.9.3/bin/../lib/gcc/arm-none-eabi/4.9.3/../../../../arm-none-eabi/lib/armv7-m\libg_nano.a(lib_a-sbrkr.o)
 .debug_frame   0x000050dc       0x20 c:/program files (x86)/cypress/psoc creator/4.0/psoc creator/import/gnu/arm/4.9.3/bin/../lib/gcc/arm-none-eabi/4.9.3/../../../../arm-none-eabi/lib/armv7-m\libg_nano.a(lib_a-nano-msizer.o)
 .debug_frame   0x000050fc       0x5c c:/program files (x86)/cypress/psoc creator/4.0/psoc creator/import/gnu/arm/4.9.3/bin/../lib/gcc/arm-none-eabi/4.9.3/../../../../arm-none-eabi/lib/armv7-m\libg_nano.a(lib_a-reent.o)

.debug_str      0x00000000     0x3f84
 *(.debug_str)
 .debug_str     0x00000000      0x1dc .\ARM_GCC_493\Debug\main.o
                                0x248 (size before relaxing)
 .debug_str     0x000001dc      0x207 .\ARM_GCC_493\Debug\LiquidCrystal_I2C.o
                                0x3fb (size before relaxing)
 .debug_str     0x000003e3     0x1cd2 .\ARM_GCC_493\Debug\mpu6050.o
                               0x1ea0 (size before relaxing)
 .debug_str     0x000020b5       0xab .\ARM_GCC_493\Debug\i2cFunctions.o
                                0x276 (size before relaxing)
 .debug_str     0x00002160       0x37 .\ARM_GCC_493\Debug\functions.o
                                0x1ed (size before relaxing)
 .debug_str     0x00002197       0x7b .\ARM_GCC_493\Debug\cymetadata.o
                                0x1ec (size before relaxing)
 .debug_str     0x00002212      0x137 .\ARM_GCC_493\Debug\Cm3Start.o
                                0x2cd (size before relaxing)
 .debug_str     0x00002349      0x193 .\ARM_GCC_493\Debug\ADC_ReadPot.a(cyfitter_cfg.o)
                                0x345 (size before relaxing)
 .debug_str     0x000024dc      0x160 .\ARM_GCC_493\Debug\ADC_ReadPot.a(LCD.o)
                                0x30f (size before relaxing)
 .debug_str     0x0000263c      0x7cd .\ARM_GCC_493\Debug\ADC_ReadPot.a(CyLib.o)
                                0x9e0 (size before relaxing)
 .debug_str     0x00002e09      0x365 .\ARM_GCC_493\Debug\ADC_ReadPot.a(cyPm.o)
                                0x52d (size before relaxing)
 .debug_str     0x0000316e      0x2ee .\ARM_GCC_493\Debug\ADC_ReadPot.a(ADC.o)
                                0x4d5 (size before relaxing)
 .debug_str     0x0000345c       0x45 .\ARM_GCC_493\Debug\ADC_ReadPot.a(ADC_INT.o)
                                0x1b6 (size before relaxing)
 .debug_str     0x000034a1       0x6f .\ARM_GCC_493\Debug\ADC_ReadPot.a(ADC_AMux.o)
                                0x1e5 (size before relaxing)
 .debug_str     0x00003510      0x1ae .\ARM_GCC_493\Debug\ADC_ReadPot.a(ADC_Ext_CP_Clk.o)
                                0x344 (size before relaxing)
 .debug_str     0x000036be      0x18a .\ARM_GCC_493\Debug\ADC_ReadPot.a(ADC_theACLK.o)
                                0x363 (size before relaxing)
 .debug_str     0x00003848       0x61 .\ARM_GCC_493\Debug\ADC_ReadPot.a(LED4.o)
                                0x1df (size before relaxing)
 .debug_str     0x000038a9       0x56 .\ARM_GCC_493\Debug\ADC_ReadPot.a(LED3.o)
                                0x1df (size before relaxing)
 .debug_str     0x000038ff      0x126 .\ARM_GCC_493\Debug\ADC_ReadPot.a(I2C_Master.o)
                                0x2d0 (size before relaxing)
 .debug_str     0x00003a25       0xb7 .\ARM_GCC_493\Debug\ADC_ReadPot.a(I2C_Master_INT.o)
                                0x29b (size before relaxing)
 .debug_str     0x00003adc       0x79 .\ARM_GCC_493\Debug\ADC_ReadPot.a(I2C_Master_PM.o)
                                0x263 (size before relaxing)
 .debug_str     0x00003b55      0x1d2 .\ARM_GCC_493\Debug\ADC_ReadPot.a(I2C_Master_MASTER.o)
                                0x43b (size before relaxing)
 .debug_str     0x00003d27      0x13e .\ARM_GCC_493\Debug\ADC_ReadPot.a(CyFlash.o)
                                0x2ec (size before relaxing)
 .debug_str     0x00003e65      0x11f .\ARM_GCC_493\Debug\ADC_ReadPot.a(CySpc.o)
                                0x2e9 (size before relaxing)

.debug_loc
 *(.debug_loc)

.debug_macinfo
 *(.debug_macinfo)

.debug_ranges   0x00000000     0x11b8
 *(.debug_ranges)
 .debug_ranges  0x00000000       0x10 .\ARM_GCC_493\Debug\main.o
 .debug_ranges  0x00000010       0xf8 .\ARM_GCC_493\Debug\LiquidCrystal_I2C.o
 .debug_ranges  0x00000108      0x828 .\ARM_GCC_493\Debug\mpu6050.o
 .debug_ranges  0x00000930       0x58 .\ARM_GCC_493\Debug\i2cFunctions.o
 .debug_ranges  0x00000988       0x10 .\ARM_GCC_493\Debug\functions.o
 .debug_ranges  0x00000998       0x38 .\ARM_GCC_493\Debug\Cm3Start.o
 .debug_ranges  0x000009d0       0x60 .\ARM_GCC_493\Debug\ADC_ReadPot.a(cyfitter_cfg.o)
 .debug_ranges  0x00000a30       0x88 .\ARM_GCC_493\Debug\ADC_ReadPot.a(LCD.o)
 .debug_ranges  0x00000ab8      0x290 .\ARM_GCC_493\Debug\ADC_ReadPot.a(CyLib.o)
 .debug_ranges  0x00000d48       0x88 .\ARM_GCC_493\Debug\ADC_ReadPot.a(cyPm.o)
 .debug_ranges  0x00000dd0       0xd8 .\ARM_GCC_493\Debug\ADC_ReadPot.a(ADC.o)
 .debug_ranges  0x00000ea8       0x28 .\ARM_GCC_493\Debug\ADC_ReadPot.a(ADC_INT.o)
 .debug_ranges  0x00000ed0       0x20 .\ARM_GCC_493\Debug\ADC_ReadPot.a(ADC_AMux.o)
 .debug_ranges  0x00000ef0       0x60 .\ARM_GCC_493\Debug\ADC_ReadPot.a(ADC_Ext_CP_Clk.o)
 .debug_ranges  0x00000f50       0x70 .\ARM_GCC_493\Debug\ADC_ReadPot.a(ADC_theACLK.o)
 .debug_ranges  0x00000fc0       0x28 .\ARM_GCC_493\Debug\ADC_ReadPot.a(LED4.o)
 .debug_ranges  0x00000fe8       0x28 .\ARM_GCC_493\Debug\ADC_ReadPot.a(LED3.o)
 .debug_ranges  0x00001010       0x28 .\ARM_GCC_493\Debug\ADC_ReadPot.a(I2C_Master.o)
 .debug_ranges  0x00001038       0x10 .\ARM_GCC_493\Debug\ADC_ReadPot.a(I2C_Master_INT.o)
 .debug_ranges  0x00001048       0x28 .\ARM_GCC_493\Debug\ADC_ReadPot.a(I2C_Master_PM.o)
 .debug_ranges  0x00001070       0x70 .\ARM_GCC_493\Debug\ADC_ReadPot.a(I2C_Master_MASTER.o)
 .debug_ranges  0x000010e0       0x70 .\ARM_GCC_493\Debug\ADC_ReadPot.a(CyFlash.o)
 .debug_ranges  0x00001150       0x68 .\ARM_GCC_493\Debug\ADC_ReadPot.a(CySpc.o)

.comment        0x00000000       0x70
 .comment       0x00000000       0x70 .\ARM_GCC_493\Debug\main.o
                                 0x71 (size before relaxing)
 .comment       0x00000000       0x71 .\ARM_GCC_493\Debug\LiquidCrystal_I2C.o
 .comment       0x00000000       0x71 .\ARM_GCC_493\Debug\mpu6050.o
 .comment       0x00000000       0x71 .\ARM_GCC_493\Debug\i2cFunctions.o
 .comment       0x00000000       0x71 .\ARM_GCC_493\Debug\functions.o
 .comment       0x00000000       0x71 .\ARM_GCC_493\Debug\cymetadata.o
 .comment       0x00000000       0x71 .\ARM_GCC_493\Debug\Cm3Start.o
 .comment       0x00000000       0x71 .\ARM_GCC_493\Debug\ADC_ReadPot.a(cyfitter_cfg.o)
 .comment       0x00000000       0x71 .\ARM_GCC_493\Debug\ADC_ReadPot.a(LCD.o)
 .comment       0x00000000       0x71 .\ARM_GCC_493\Debug\ADC_ReadPot.a(CyLib.o)
 .comment       0x00000000       0x71 .\ARM_GCC_493\Debug\ADC_ReadPot.a(cyPm.o)
 .comment       0x00000000       0x71 .\ARM_GCC_493\Debug\ADC_ReadPot.a(ADC.o)
 .comment       0x00000000       0x71 .\ARM_GCC_493\Debug\ADC_ReadPot.a(ADC_INT.o)
 .comment       0x00000000       0x71 .\ARM_GCC_493\Debug\ADC_ReadPot.a(ADC_AMux.o)
 .comment       0x00000000       0x71 .\ARM_GCC_493\Debug\ADC_ReadPot.a(ADC_Ext_CP_Clk.o)
 .comment       0x00000000       0x71 .\ARM_GCC_493\Debug\ADC_ReadPot.a(ADC_theACLK.o)
 .comment       0x00000000       0x71 .\ARM_GCC_493\Debug\ADC_ReadPot.a(LED4.o)
 .comment       0x00000000       0x71 .\ARM_GCC_493\Debug\ADC_ReadPot.a(LED3.o)
 .comment       0x00000000       0x71 .\ARM_GCC_493\Debug\ADC_ReadPot.a(I2C_Master.o)
 .comment       0x00000000       0x71 .\ARM_GCC_493\Debug\ADC_ReadPot.a(I2C_Master_INT.o)
 .comment       0x00000000       0x71 .\ARM_GCC_493\Debug\ADC_ReadPot.a(I2C_Master_PM.o)
 .comment       0x00000000       0x71 .\ARM_GCC_493\Debug\ADC_ReadPot.a(I2C_Master_MASTER.o)
 .comment       0x00000000       0x71 .\ARM_GCC_493\Debug\ADC_ReadPot.a(CyFlash.o)
 .comment       0x00000000       0x71 .\ARM_GCC_493\Debug\ADC_ReadPot.a(CySpc.o)

.debug_weaknames
 *(.debug_weaknames)

.debug_funcnames
 *(.debug_funcnames)

.debug_typenames
 *(.debug_typenames)

.debug_varnames
 *(.debug_varnames)

.note.gnu.arm.ident
 *(.note.gnu.arm.ident)

.ARM.attributes
                0x00000000       0x29
 *(.ARM.attributes)
 .ARM.attributes
                0x00000000       0x1d c:/program files (x86)/cypress/psoc creator/4.0/psoc creator/import/gnu/arm/4.9.3/bin/../lib/gcc/arm-none-eabi/4.9.3/armv7-m/crti.o
 .ARM.attributes
                0x0000001d       0x2d c:/program files (x86)/cypress/psoc creator/4.0/psoc creator/import/gnu/arm/4.9.3/bin/../lib/gcc/arm-none-eabi/4.9.3/armv7-m/crtbegin.o
 .ARM.attributes
                0x0000004a       0x1b c:/program files (x86)/cypress/psoc creator/4.0/psoc creator/import/gnu/arm/4.9.3/bin/../lib/gcc/arm-none-eabi/4.9.3/../../../../arm-none-eabi/lib/armv7-m/crt0.o
 .ARM.attributes
                0x00000065       0x33 .\ARM_GCC_493\Debug\main.o
 .ARM.attributes
                0x00000098       0x33 .\ARM_GCC_493\Debug\LiquidCrystal_I2C.o
 .ARM.attributes
                0x000000cb       0x33 .\ARM_GCC_493\Debug\mpu6050.o
 .ARM.attributes
                0x000000fe       0x33 .\ARM_GCC_493\Debug\i2cFunctions.o
 .ARM.attributes
                0x00000131       0x33 .\ARM_GCC_493\Debug\functions.o
 .ARM.attributes
                0x00000164       0x33 .\ARM_GCC_493\Debug\cymetadata.o
 .ARM.attributes
                0x00000197       0x33 .\ARM_GCC_493\Debug\Cm3Start.o
 .ARM.attributes
                0x000001ca       0x33 .\ARM_GCC_493\Debug\ADC_ReadPot.a(cyfitter_cfg.o)
 .ARM.attributes
                0x000001fd       0x33 .\ARM_GCC_493\Debug\ADC_ReadPot.a(LCD.o)
 .ARM.attributes
                0x00000230       0x33 .\ARM_GCC_493\Debug\ADC_ReadPot.a(CyLib.o)
 .ARM.attributes
                0x00000263       0x33 .\ARM_GCC_493\Debug\ADC_ReadPot.a(cyPm.o)
 .ARM.attributes
                0x00000296       0x33 .\ARM_GCC_493\Debug\ADC_ReadPot.a(ADC.o)
 .ARM.attributes
                0x000002c9       0x33 .\ARM_GCC_493\Debug\ADC_ReadPot.a(ADC_INT.o)
 .ARM.attributes
                0x000002fc       0x33 .\ARM_GCC_493\Debug\ADC_ReadPot.a(ADC_AMux.o)
 .ARM.attributes
                0x0000032f       0x33 .\ARM_GCC_493\Debug\ADC_ReadPot.a(ADC_Ext_CP_Clk.o)
 .ARM.attributes
                0x00000362       0x33 .\ARM_GCC_493\Debug\ADC_ReadPot.a(ADC_theACLK.o)
 .ARM.attributes
                0x00000395       0x33 .\ARM_GCC_493\Debug\ADC_ReadPot.a(LED4.o)
 .ARM.attributes
                0x000003c8       0x33 .\ARM_GCC_493\Debug\ADC_ReadPot.a(LED3.o)
 .ARM.attributes
                0x000003fb       0x33 .\ARM_GCC_493\Debug\ADC_ReadPot.a(I2C_Master.o)
 .ARM.attributes
                0x0000042e       0x33 .\ARM_GCC_493\Debug\ADC_ReadPot.a(I2C_Master_INT.o)
 .ARM.attributes
                0x00000461       0x33 .\ARM_GCC_493\Debug\ADC_ReadPot.a(I2C_Master_PM.o)
 .ARM.attributes
                0x00000494       0x33 .\ARM_GCC_493\Debug\ADC_ReadPot.a(I2C_Master_MASTER.o)
 .ARM.attributes
                0x000004c7       0x21 .\ARM_GCC_493\Debug\ADC_ReadPot.a(CyBootAsmGnu.o)
 .ARM.attributes
                0x000004e8       0x33 .\ARM_GCC_493\Debug\ADC_ReadPot.a(CyFlash.o)
 .ARM.attributes
                0x0000051b       0x33 .\ARM_GCC_493\Debug\ADC_ReadPot.a(CySpc.o)
 .ARM.attributes
                0x0000054e       0x1d c:/program files (x86)/cypress/psoc creator/4.0/psoc creator/import/gnu/arm/4.9.3/bin/../lib/gcc/arm-none-eabi/4.9.3/armv7-m\libgcc.a(_arm_addsubdf3.o)
 .ARM.attributes
                0x0000056b       0x1d c:/program files (x86)/cypress/psoc creator/4.0/psoc creator/import/gnu/arm/4.9.3/bin/../lib/gcc/arm-none-eabi/4.9.3/armv7-m\libgcc.a(_arm_cmpdf2.o)
 .ARM.attributes
                0x00000588       0x1d c:/program files (x86)/cypress/psoc creator/4.0/psoc creator/import/gnu/arm/4.9.3/bin/../lib/gcc/arm-none-eabi/4.9.3/armv7-m\libgcc.a(_arm_addsubsf3.o)
 .ARM.attributes
                0x000005a5       0x1d c:/program files (x86)/cypress/psoc creator/4.0/psoc creator/import/gnu/arm/4.9.3/bin/../lib/gcc/arm-none-eabi/4.9.3/armv7-m\libgcc.a(_arm_muldivsf3.o)
 .ARM.attributes
                0x000005c2       0x1d c:/program files (x86)/cypress/psoc creator/4.0/psoc creator/import/gnu/arm/4.9.3/bin/../lib/gcc/arm-none-eabi/4.9.3/armv7-m\libgcc.a(_arm_fixunssfsi.o)
 .ARM.attributes
                0x000005df       0x2d c:/program files (x86)/cypress/psoc creator/4.0/psoc creator/import/gnu/arm/4.9.3/bin/../lib/gcc/arm-none-eabi/4.9.3/../../../../arm-none-eabi/lib/armv7-m\libg_nano.a(lib_a-errno.o)
 .ARM.attributes
                0x0000060c       0x2d c:/program files (x86)/cypress/psoc creator/4.0/psoc creator/import/gnu/arm/4.9.3/bin/../lib/gcc/arm-none-eabi/4.9.3/../../../../arm-none-eabi/lib/armv7-m\libg_nano.a(lib_a-exit.o)
 .ARM.attributes
                0x00000639       0x2d c:/program files (x86)/cypress/psoc creator/4.0/psoc creator/import/gnu/arm/4.9.3/bin/../lib/gcc/arm-none-eabi/4.9.3/../../../../arm-none-eabi/lib/armv7-m\libg_nano.a(lib_a-impure.o)
 .ARM.attributes
                0x00000666       0x2d c:/program files (x86)/cypress/psoc creator/4.0/psoc creator/import/gnu/arm/4.9.3/bin/../lib/gcc/arm-none-eabi/4.9.3/../../../../arm-none-eabi/lib/armv7-m\libg_nano.a(lib_a-init.o)
 .ARM.attributes
                0x00000693       0x2d c:/program files (x86)/cypress/psoc creator/4.0/psoc creator/import/gnu/arm/4.9.3/bin/../lib/gcc/arm-none-eabi/4.9.3/../../../../arm-none-eabi/lib/armv7-m\libg_nano.a(lib_a-memcpy.o)
 .ARM.attributes
                0x000006c0       0x2d c:/program files (x86)/cypress/psoc creator/4.0/psoc creator/import/gnu/arm/4.9.3/bin/../lib/gcc/arm-none-eabi/4.9.3/../../../../arm-none-eabi/lib/armv7-m\libg_nano.a(lib_a-memset.o)
 .ARM.attributes
                0x000006ed       0x2d c:/program files (x86)/cypress/psoc creator/4.0/psoc creator/import/gnu/arm/4.9.3/bin/../lib/gcc/arm-none-eabi/4.9.3/../../../../arm-none-eabi/lib/armv7-m\libg_nano.a(lib_a-sprintf.o)
 .ARM.attributes
                0x0000071a       0x2d c:/program files (x86)/cypress/psoc creator/4.0/psoc creator/import/gnu/arm/4.9.3/bin/../lib/gcc/arm-none-eabi/4.9.3/../../../../arm-none-eabi/lib/armv7-m\libg_nano.a(lib_a-strlen.o)
 .ARM.attributes
                0x00000747       0x2d c:/program files (x86)/cypress/psoc creator/4.0/psoc creator/import/gnu/arm/4.9.3/bin/../lib/gcc/arm-none-eabi/4.9.3/../../../../arm-none-eabi/lib/armv7-m\libg_nano.a(lib_a-nano-svfprintf.o)
 .ARM.attributes
                0x00000774       0x2d c:/program files (x86)/cypress/psoc creator/4.0/psoc creator/import/gnu/arm/4.9.3/bin/../lib/gcc/arm-none-eabi/4.9.3/../../../../arm-none-eabi/lib/armv7-m\libg_nano.a(lib_a-nano-vfprintf_i.o)
 .ARM.attributes
                0x000007a1       0x2d c:/program files (x86)/cypress/psoc creator/4.0/psoc creator/import/gnu/arm/4.9.3/bin/../lib/gcc/arm-none-eabi/4.9.3/../../../../arm-none-eabi/lib/armv7-m\libg_nano.a(lib_a-memchr.o)
 .ARM.attributes
                0x000007ce       0x2d c:/program files (x86)/cypress/psoc creator/4.0/psoc creator/import/gnu/arm/4.9.3/bin/../lib/gcc/arm-none-eabi/4.9.3/../../../../arm-none-eabi/lib/armv7-m\libg_nano.a(lib_a-memmove.o)
 .ARM.attributes
                0x000007fb       0x2d c:/program files (x86)/cypress/psoc creator/4.0/psoc creator/import/gnu/arm/4.9.3/bin/../lib/gcc/arm-none-eabi/4.9.3/../../../../arm-none-eabi/lib/armv7-m\libg_nano.a(lib_a-nano-freer.o)
 .ARM.attributes
                0x00000828       0x2d c:/program files (x86)/cypress/psoc creator/4.0/psoc creator/import/gnu/arm/4.9.3/bin/../lib/gcc/arm-none-eabi/4.9.3/../../../../arm-none-eabi/lib/armv7-m\libg_nano.a(lib_a-nano-mallocr.o)
 .ARM.attributes
                0x00000855       0x2d c:/program files (x86)/cypress/psoc creator/4.0/psoc creator/import/gnu/arm/4.9.3/bin/../lib/gcc/arm-none-eabi/4.9.3/../../../../arm-none-eabi/lib/armv7-m\libg_nano.a(lib_a-nano-reallocr.o)
 .ARM.attributes
                0x00000882       0x2d c:/program files (x86)/cypress/psoc creator/4.0/psoc creator/import/gnu/arm/4.9.3/bin/../lib/gcc/arm-none-eabi/4.9.3/../../../../arm-none-eabi/lib/armv7-m\libg_nano.a(lib_a-sbrkr.o)
 .ARM.attributes
                0x000008af       0x2d c:/program files (x86)/cypress/psoc creator/4.0/psoc creator/import/gnu/arm/4.9.3/bin/../lib/gcc/arm-none-eabi/4.9.3/../../../../arm-none-eabi/lib/armv7-m\libg_nano.a(lib_a-nano-msizer.o)
 .ARM.attributes
                0x000008dc       0x2d c:/program files (x86)/cypress/psoc creator/4.0/psoc creator/import/gnu/arm/4.9.3/bin/../lib/gcc/arm-none-eabi/4.9.3/../../../../arm-none-eabi/lib/armv7-m\libg_nano.a(lib_a-reent.o)
 .ARM.attributes
                0x00000909       0x2d c:/program files (x86)/cypress/psoc creator/4.0/psoc creator/import/gnu/arm/4.9.3/bin/../lib/gcc/arm-none-eabi/4.9.3/armv7-m/crtend.o
 .ARM.attributes
                0x00000936       0x1d c:/program files (x86)/cypress/psoc creator/4.0/psoc creator/import/gnu/arm/4.9.3/bin/../lib/gcc/arm-none-eabi/4.9.3/armv7-m/crtn.o

/DISCARD/
 *(.note.GNU-stack)
OUTPUT(.\ARM_GCC_493\Debug\ADC_ReadPot.elf elf32-littlearm)
